Archive member included to satisfy reference by file (symbol)

/usr/lib/gcc/arm-none-eabi/5.4.1/../../../arm-none-eabi/lib/armv7e-m/libm.a(lib_a-w_sqrt.o)
                              ./src/madgwick/MadgwickAHRS.o (sqrt)
/usr/lib/gcc/arm-none-eabi/5.4.1/../../../arm-none-eabi/lib/armv7e-m/libm.a(lib_a-e_sqrt.o)
                              /usr/lib/gcc/arm-none-eabi/5.4.1/../../../arm-none-eabi/lib/armv7e-m/libm.a(lib_a-w_sqrt.o) (__ieee754_sqrt)
/usr/lib/gcc/arm-none-eabi/5.4.1/../../../arm-none-eabi/lib/armv7e-m/libm.a(lib_a-s_lib_ver.o)
                              /usr/lib/gcc/arm-none-eabi/5.4.1/../../../arm-none-eabi/lib/armv7e-m/libm.a(lib_a-w_sqrt.o) (__fdlib_version)
/usr/lib/gcc/arm-none-eabi/5.4.1/../../../arm-none-eabi/lib/armv7e-m/libm.a(lib_a-s_matherr.o)
                              /usr/lib/gcc/arm-none-eabi/5.4.1/../../../arm-none-eabi/lib/armv7e-m/libm.a(lib_a-w_sqrt.o) (matherr)
/usr/lib/gcc/arm-none-eabi/5.4.1/armv7e-m/libgcc.a(_arm_addsubdf3.o)
                              ./src/madgwick/quaternion.o (__aeabi_dsub)
/usr/lib/gcc/arm-none-eabi/5.4.1/armv7e-m/libgcc.a(_arm_muldivdf3.o)
                              ./src/madgwick/quaternion.o (__aeabi_dmul)
/usr/lib/gcc/arm-none-eabi/5.4.1/armv7e-m/libgcc.a(_arm_cmpdf2.o)
                              ./src/main.o (__aeabi_dcmpeq)
/usr/lib/gcc/arm-none-eabi/5.4.1/armv7e-m/libgcc.a(_arm_unorddf2.o)
                              /usr/lib/gcc/arm-none-eabi/5.4.1/../../../arm-none-eabi/lib/armv7e-m/libm.a(lib_a-w_sqrt.o) (__aeabi_dcmpun)
/usr/lib/gcc/arm-none-eabi/5.4.1/armv7e-m/libgcc.a(_arm_truncdfsf2.o)
                              ./src/madgwick/MadgwickAHRS.o (__aeabi_d2f)
/usr/lib/gcc/arm-none-eabi/5.4.1/armv7e-m/libgcc.a(_arm_addsubsf3.o)
                              ./src/madgwick/MadgwickAHRS.o (__aeabi_fsub)
/usr/lib/gcc/arm-none-eabi/5.4.1/armv7e-m/libgcc.a(_arm_muldivsf3.o)
                              ./src/madgwick/MadgwickAHRS.o (__aeabi_fmul)
/usr/lib/gcc/arm-none-eabi/5.4.1/armv7e-m/libgcc.a(_arm_cmpsf2.o)
                              ./src/madgwick/MadgwickAHRS.o (__aeabi_fcmpeq)
/usr/lib/gcc/arm-none-eabi/5.4.1/../../../arm-none-eabi/lib/armv7e-m/libg_nano.a(lib_a-errno.o)
                              ./system/src/newlib/_sbrk.o (__errno)
/usr/lib/gcc/arm-none-eabi/5.4.1/../../../arm-none-eabi/lib/armv7e-m/libg_nano.a(lib_a-impure.o)
                              /usr/lib/gcc/arm-none-eabi/5.4.1/../../../arm-none-eabi/lib/armv7e-m/libg_nano.a(lib_a-errno.o) (_impure_ptr)
/usr/lib/gcc/arm-none-eabi/5.4.1/../../../arm-none-eabi/lib/armv7e-m/libg_nano.a(lib_a-nano-vfprintf_float.o)
                              (_printf_float)
/usr/lib/gcc/arm-none-eabi/5.4.1/../../../arm-none-eabi/lib/armv7e-m/libg_nano.a(lib_a-nano-vfprintf_i.o)
                              /usr/lib/gcc/arm-none-eabi/5.4.1/../../../arm-none-eabi/lib/armv7e-m/libg_nano.a(lib_a-nano-vfprintf_float.o) (_printf_common)
/usr/lib/gcc/arm-none-eabi/5.4.1/../../../arm-none-eabi/lib/armv7e-m/libg_nano.a(lib_a-strlen.o)
                              ./system/src/diag/Trace.o (strlen)
/usr/lib/gcc/arm-none-eabi/5.4.1/../../../arm-none-eabi/lib/armv7e-m/libg_nano.a(lib_a-vsnprintf.o)
                              ./system/src/diag/Trace.o (vsnprintf)
/usr/lib/gcc/arm-none-eabi/5.4.1/../../../arm-none-eabi/lib/armv7e-m/libg_nano.a(lib_a-dtoa.o)
                              /usr/lib/gcc/arm-none-eabi/5.4.1/../../../arm-none-eabi/lib/armv7e-m/libg_nano.a(lib_a-nano-vfprintf_float.o) (_dtoa_r)
/usr/lib/gcc/arm-none-eabi/5.4.1/../../../arm-none-eabi/lib/armv7e-m/libg_nano.a(lib_a-locale.o)
                              /usr/lib/gcc/arm-none-eabi/5.4.1/../../../arm-none-eabi/lib/armv7e-m/libg_nano.a(lib_a-nano-vfprintf_float.o) (_localeconv_r)
/usr/lib/gcc/arm-none-eabi/5.4.1/../../../arm-none-eabi/lib/armv7e-m/libg_nano.a(lib_a-malloc.o)
                              /usr/lib/gcc/arm-none-eabi/5.4.1/../../../arm-none-eabi/lib/armv7e-m/libg_nano.a(lib_a-dtoa.o) (malloc)
/usr/lib/gcc/arm-none-eabi/5.4.1/../../../arm-none-eabi/lib/armv7e-m/libg_nano.a(lib_a-memchr.o)
                              /usr/lib/gcc/arm-none-eabi/5.4.1/../../../arm-none-eabi/lib/armv7e-m/libg_nano.a(lib_a-nano-vfprintf_i.o) (memchr)
/usr/lib/gcc/arm-none-eabi/5.4.1/../../../arm-none-eabi/lib/armv7e-m/libg_nano.a(lib_a-memcpy.o)
                              /usr/lib/gcc/arm-none-eabi/5.4.1/../../../arm-none-eabi/lib/armv7e-m/libg_nano.a(lib_a-dtoa.o) (memcpy)
/usr/lib/gcc/arm-none-eabi/5.4.1/../../../arm-none-eabi/lib/armv7e-m/libg_nano.a(lib_a-mprec.o)
                              /usr/lib/gcc/arm-none-eabi/5.4.1/../../../arm-none-eabi/lib/armv7e-m/libg_nano.a(lib_a-dtoa.o) (_Balloc)
/usr/lib/gcc/arm-none-eabi/5.4.1/../../../arm-none-eabi/lib/armv7e-m/libg_nano.a(lib_a-nano-callocr.o)
                              /usr/lib/gcc/arm-none-eabi/5.4.1/../../../arm-none-eabi/lib/armv7e-m/libg_nano.a(lib_a-mprec.o) (_calloc_r)
[...]
Memory Configuration

Name             Origin             Length             Attributes
RAM              0x20000000         0x00020000         xrw
CCMRAM           0x10000000         0x00010000         xrw
FLASH            0x08000000         0x00080000         xr
FLASHB1          0x00000000         0x00000000         xr
EXTMEMB0         0x00000000         0x00000000         xr
EXTMEMB1         0x00000000         0x00000000         xr
EXTMEMB2         0x00000000         0x00000000         xr
EXTMEMB3         0x00000000         0x00000000         xr
MEMORY_ARRAY     0x20002000         0x00000020         xrw
*default*        0x00000000         0xffffffff

Linker script and memory map

LOAD ./system/src/stm32f4-hal/stm32f4xx_hal.o
LOAD ./system/src/stm32f4-hal/stm32f4xx_hal_cortex.o
LOAD ./system/src/stm32f4-hal/stm32f4xx_hal_flash.o
LOAD ./system/src/stm32f4-hal/stm32f4xx_hal_gpio.o
LOAD ./system/src/stm32f4-hal/stm32f4xx_hal_i2c.o
LOAD ./system/src/stm32f4-hal/stm32f4xx_hal_i2c_ex.o
LOAD ./system/src/stm32f4-hal/stm32f4xx_hal_iwdg.o
LOAD ./system/src/stm32f4-hal/stm32f4xx_hal_pwr.o
LOAD ./system/src/stm32f4-hal/stm32f4xx_hal_rcc.o
LOAD ./system/src/stm32f4-hal/stm32f4xx_hal_tim.o
LOAD ./system/src/stm32f4-hal/stm32f4xx_hal_tim_ex.o
LOAD ./system/src/stm32f4-hal/stm32f4xx_hal_uart.o
LOAD ./system/src/newlib/_cxx.o
LOAD ./system/src/newlib/_exit.o
LOAD ./system/src/newlib/_sbrk.o
LOAD ./system/src/newlib/_startup.o
LOAD ./system/src/newlib/_syscalls.o
LOAD ./system/src/newlib/assert.o
LOAD ./system/src/diag/Trace.o
LOAD ./system/src/diag/trace_impl.o
LOAD ./system/src/cortexm/_initialize_hardware.o
LOAD ./system/src/cortexm/_reset_hardware.o
LOAD ./system/src/cortexm/exception_handlers.o
LOAD ./system/src/cmsis/system_stm32f4xx.o
LOAD ./system/src/cmsis/vectors_stm32f407xx.o
LOAD ./src/madgwick/MadgwickAHRS.o
LOAD ./src/madgwick/quaternion.o
LOAD ./src/lsmd6s3/lsm6ds3.o
LOAD ./src/Timer.o
LOAD ./src/_initialize_hardware.o
LOAD ./src/_write.o
LOAD ./src/main.o
LOAD ./src/stm32f4xx_hal_msp.o
LOAD /usr/lib/gcc/arm-none-eabi/5.4.1/../../../arm-none-eabi/lib/armv7e-m/libstdc++_nano.a
LOAD /usr/lib/gcc/arm-none-eabi/5.4.1/../../../arm-none-eabi/lib/armv7e-m/libm.a
START GROUP
LOAD /usr/lib/gcc/arm-none-eabi/5.4.1/armv7e-m/libgcc.a
LOAD /usr/lib/gcc/arm-none-eabi/5.4.1/../../../arm-none-eabi/lib/armv7e-m/libg_nano.a
LOAD /usr/lib/gcc/arm-none-eabi/5.4.1/../../../arm-none-eabi/lib/armv7e-m/libc_nano.a
END GROUP
START GROUP
LOAD /usr/lib/gcc/arm-none-eabi/5.4.1/armv7e-m/libgcc.a
LOAD /usr/lib/gcc/arm-none-eabi/5.4.1/../../../arm-none-eabi/lib/armv7e-m/libc_nano.a
END GROUP
                0x20020000                __stack = (ORIGIN (RAM) + LENGTH (RAM))
                0x20020000                _estack = __stack
                0x00000400                __Main_Stack_Size = 0x400
                [!provide]                PROVIDE (_Main_Stack_Size, __Main_Stack_Size)
                0x2001fc00                __Main_Stack_Limit = (__stack - __Main_Stack_Size)
                [!provide]                PROVIDE (_Main_Stack_Limit, __Main_Stack_Limit)
                0x00000100                _Minimum_Stack_Size = 0x100
                0x20000320                PROVIDE (_Heap_Begin, _end_noinit)
                0x2001fc00                PROVIDE (_Heap_Limit, (__stack - __Main_Stack_Size))

.isr_vector     0x08000000      0x3ec
 FILL mask 0xff
                0x08000000                __vectors_start = ABSOLUTE (.)
                0x08000000                __vectors_start__ = ABSOLUTE (.)
 *(.isr_vector)
 .isr_vector    0x08000000      0x188 ./system/src/cmsis/vectors_stm32f407xx.o
                0x08000000                __isr_vectors
 *(.cfmconfig)
 *(.after_vectors .after_vectors.*)
 .after_vectors
                0x08000188      0x130 ./system/src/newlib/_startup.o
                0x08000188                _start
 .after_vectors
                0x080002b8      0x130 ./system/src/cortexm/exception_handlers.o
                0x080002b8                Reset_Handler
                0x080002c0                NMI_Handler
                0x080002c4                HardFault_Handler
                0x080002d8                HardFault_Handler_C
                0x08000338                MemManage_Handler
                0x0800033c                BusFault_Handler
                0x08000350                BusFault_Handler_C
                0x08000384                UsageFault_Handler
                0x08000398                UsageFault_Handler_C
                0x080003cc                SVC_Handler
                0x080003d0                DebugMon_Handler
                0x080003d4                PendSV_Handler
 .after_vectors
                0x080003e8        0x4 ./system/src/cmsis/vectors_stm32f407xx.o
                0x080003e8                RTC_Alarm_IRQHandler
                0x080003e8                HASH_RNG_IRQHandler
                0x080003e8                EXTI2_IRQHandler
                0x080003e8                TIM8_CC_IRQHandler
                0x080003e8                TIM1_CC_IRQHandler
                0x080003e8                DMA2_Stream5_IRQHandler
                0x080003e8                DMA1_Stream5_IRQHandler
                0x080003e8                PVD_IRQHandler
                0x080003e8                SDIO_IRQHandler
                0x080003e8                TAMP_STAMP_IRQHandler
                0x080003e8                CAN2_RX1_IRQHandler
                0x080003e8                EXTI3_IRQHandler
                0x080003e8                TIM8_TRG_COM_TIM14_IRQHandler
                0x080003e8                TIM1_UP_TIM10_IRQHandler
                0x080003e8                TIM8_UP_TIM13_IRQHandler
                0x080003e8                I2C3_ER_IRQHandler
                0x080003e8                EXTI0_IRQHandler
                0x080003e8                I2C2_EV_IRQHandler
                0x080003e8                DMA1_Stream2_IRQHandler
                0x080003e8                CAN1_RX0_IRQHandler
                0x080003e8                FPU_IRQHandler
                0x080003e8                OTG_HS_WKUP_IRQHandler
                0x080003e8                CAN2_SCE_IRQHandler
                0x080003e8                DMA2_Stream2_IRQHandler
                0x080003e8                SPI1_IRQHandler
                0x080003e8                TIM6_DAC_IRQHandler
                0x080003e8                TIM1_BRK_TIM9_IRQHandler
                0x080003e8                DCMI_IRQHandler
                0x080003e8                CAN2_RX0_IRQHandler
                0x080003e8                DMA2_Stream3_IRQHandler
                0x080003e8                USART6_IRQHandler
                0x080003e8                USART3_IRQHandler
                0x080003e8                CAN1_RX1_IRQHandler
                0x080003e8                UART5_IRQHandler
                0x080003e8                DMA2_Stream0_IRQHandler
                0x080003e8                TIM4_IRQHandler
                0x080003e8                I2C1_EV_IRQHandler
                0x080003e8                DMA1_Stream6_IRQHandler
                0x080003e8                DMA1_Stream1_IRQHandler
                0x080003e8                UART4_IRQHandler
                0x080003e8                TIM3_IRQHandler
                0x080003e8                RCC_IRQHandler
                0x080003e8                TIM8_BRK_TIM12_IRQHandler
                0x080003e8                Default_Handler
                0x080003e8                EXTI15_10_IRQHandler
                0x080003e8                ADC_IRQHandler
                0x080003e8                DMA1_Stream7_IRQHandler
                0x080003e8                TIM7_IRQHandler
                0x080003e8                CAN2_TX_IRQHandler
                0x080003e8                TIM5_IRQHandler
                0x080003e8                DMA2_Stream7_IRQHandler
                0x080003e8                I2C3_EV_IRQHandler
                0x080003e8                EXTI9_5_IRQHandler
                0x080003e8                RTC_WKUP_IRQHandler
                0x080003e8                ETH_WKUP_IRQHandler
                0x080003e8                SPI2_IRQHandler
                0x080003e8                OTG_HS_EP1_IN_IRQHandler
                0x080003e8                DMA1_Stream0_IRQHandler
                0x080003e8                CAN1_TX_IRQHandler
                0x080003e8                EXTI4_IRQHandler
                0x080003e8                ETH_IRQHandler
                0x080003e8                OTG_HS_EP1_OUT_IRQHandler
                0x080003e8                WWDG_IRQHandler
                0x080003e8                TIM2_IRQHandler
                0x080003e8                OTG_FS_WKUP_IRQHandler
                0x080003e8                TIM1_TRG_COM_TIM11_IRQHandler
                0x080003e8                OTG_HS_IRQHandler
                0x080003e8                EXTI1_IRQHandler
                0x080003e8                USART2_IRQHandler
                0x080003e8                I2C2_ER_IRQHandler
                0x080003e8                DMA2_Stream1_IRQHandler
                0x080003e8                CAN1_SCE_IRQHandler
                0x080003e8                FLASH_IRQHandler
                0x080003e8                DMA2_Stream4_IRQHandler
                0x080003e8                USART1_IRQHandler
                0x080003e8                OTG_FS_IRQHandler
                0x080003e8                SPI3_IRQHandler
                0x080003e8                DMA1_Stream4_IRQHandler
                0x080003e8                I2C1_ER_IRQHandler
                0x080003e8                FMC_IRQHandler
                0x080003e8                DMA2_Stream6_IRQHandler
                0x080003e8                DMA1_Stream3_IRQHandler

.inits          0x080003ec       0x28
                0x080003ec                __data_regions_array_start = .
                0x080003ec        0x4 LONG 0x800780c LOADADDR (.data)
                0x080003f0        0x4 LONG 0x20000000 ADDR (.data)
                0x080003f4        0x4 LONG 0x200000fc (ADDR (.data) + SIZEOF (.data))
                0x080003f8        0x4 LONG 0x800780c LOADADDR (.data_CCMRAM)
                0x080003fc        0x4 LONG 0x10000000 ADDR (.data_CCMRAM)
                0x08000400        0x4 LONG 0x10000000 (ADDR (.data_CCMRAM) + SIZEOF (.data_CCMRAM))
                0x08000404                __data_regions_array_end = .
                0x08000404                __bss_regions_array_start = .
                0x08000404        0x4 LONG 0x200000fc ADDR (.bss)
                0x08000408        0x4 LONG 0x20000320 (ADDR (.bss) + SIZEOF (.bss))
                0x0800040c        0x4 LONG 0x10000000 ADDR (.bss_CCMRAM)
                0x08000410        0x4 LONG 0x10000000 (ADDR (.bss_CCMRAM) + SIZEOF (.bss_CCMRAM))
                0x08000414                __bss_regions_array_end = .
 *(.init)
 *(.fini)
                0x08000414                . = ALIGN (0x4)
                0x08000414                PROVIDE (__preinit_array_start, .)
 *(.preinit_array_sysinit .preinit_array_sysinit.*)
 *(.preinit_array_platform .preinit_array_platform.*)
 *(.preinit_array .preinit_array.*)
                0x08000414                PROVIDE (__preinit_array_end, .)
                0x08000414                . = ALIGN (0x4)
                0x08000414                PROVIDE (__init_array_start, .)
 *(SORT(.init_array.*))
 *(.init_array)
                0x08000414                PROVIDE (__init_array_end, .)
                0x08000414                . = ALIGN (0x4)
                0x08000414                PROVIDE (__fini_array_start, .)
 *(SORT(.fini_array.*))
 *(.fini_array)
                0x08000414                PROVIDE (__fini_array_end, .)

.flashtext
 *(.flashtext .flashtext.*)

.text           0x08000440     0x73cc
 *(.text .text.*)
 .text.HAL_InitTick
                0x08000440       0x28 ./system/src/stm32f4-hal/stm32f4xx_hal.o
                0x08000440                HAL_InitTick
 .text.HAL_Init
                0x08000468       0x34 ./system/src/stm32f4-hal/stm32f4xx_hal.o
                0x08000468                HAL_Init
 .text.HAL_IncTick
                0x0800049c       0x10 ./system/src/stm32f4-hal/stm32f4xx_hal.o
                0x0800049c                HAL_IncTick
 .text.HAL_GetTick
                0x080004ac        0xc ./system/src/stm32f4-hal/stm32f4xx_hal.o
                0x080004ac                HAL_GetTick
 .text.HAL_Delay
                0x080004b8       0x1c ./system/src/stm32f4-hal/stm32f4xx_hal.o
                0x080004b8                HAL_Delay
 .text.HAL_NVIC_SetPriorityGrouping
                0x080004d4       0x3c ./system/src/stm32f4-hal/stm32f4xx_hal_cortex.o
                0x080004d4                HAL_NVIC_SetPriorityGrouping
 .text.HAL_NVIC_SetPriority
                0x08000510       0x84 ./system/src/stm32f4-hal/stm32f4xx_hal_cortex.o
                0x08000510                HAL_NVIC_SetPriority
 .text.HAL_SYSTICK_Config
                0x08000594       0x2c ./system/src/stm32f4-hal/stm32f4xx_hal_cortex.o
                0x08000594                HAL_SYSTICK_Config
 .text.HAL_SYSTICK_CLKSourceConfig
                0x080005c0       0x38 ./system/src/stm32f4-hal/stm32f4xx_hal_cortex.o
                0x080005c0                HAL_SYSTICK_CLKSourceConfig
 .text.HAL_GPIO_Init
                0x080005f8      0x330 ./system/src/stm32f4-hal/stm32f4xx_hal_gpio.o
                0x080005f8                HAL_GPIO_Init
 .text.I2C_IsAcknowledgeFailed
                0x08000928       0x2c ./system/src/stm32f4-hal/stm32f4xx_hal_i2c.o
 .text.I2C_WaitOnFlagUntilTimeout
                0x08000954       0xd0 ./system/src/stm32f4-hal/stm32f4xx_hal_i2c.o
 .text.I2C_WaitOnMasterAddressFlagUntilTimeout
                0x08000a24       0x98 ./system/src/stm32f4-hal/stm32f4xx_hal_i2c.o
 .text.I2C_WaitOnTXEFlagUntilTimeout
                0x08000abc       0x54 ./system/src/stm32f4-hal/stm32f4xx_hal_i2c.o
 .text.I2C_RequestMemoryWrite
                0x08000b10       0xc8 ./system/src/stm32f4-hal/stm32f4xx_hal_i2c.o
 .text.I2C_RequestMemoryRead
                0x08000bd8      0x130 ./system/src/stm32f4-hal/stm32f4xx_hal_i2c.o
 .text.I2C_WaitOnRXNEFlagUntilTimeout
                0x08000d08       0x64 ./system/src/stm32f4-hal/stm32f4xx_hal_i2c.o
 .text.HAL_I2C_Init
                0x08000d6c      0x1e8 ./system/src/stm32f4-hal/stm32f4xx_hal_i2c.o
                0x08000d6c                HAL_I2C_Init
 .text.HAL_I2C_Mem_Write
                0x08000f54      0x148 ./system/src/stm32f4-hal/stm32f4xx_hal_i2c.o
                0x08000f54                HAL_I2C_Mem_Write
 .text.HAL_I2C_Mem_Read
                0x0800109c      0x270 ./system/src/stm32f4-hal/stm32f4xx_hal_i2c.o
                0x0800109c                HAL_I2C_Mem_Read
 .text.HAL_RCC_OscConfig
                0x0800130c      0x448 ./system/src/stm32f4-hal/stm32f4xx_hal_rcc.o
                0x0800130c                HAL_RCC_OscConfig
 .text.HAL_RCC_ClockConfig
                0x08001754      0x22c ./system/src/stm32f4-hal/stm32f4xx_hal_rcc.o
                0x08001754                HAL_RCC_ClockConfig
 .text.HAL_RCC_GetSysClockFreq
                0x08001980       0xa0 ./system/src/stm32f4-hal/stm32f4xx_hal_rcc.o
                0x08001980                HAL_RCC_GetSysClockFreq
 .text.HAL_RCC_GetHCLKFreq
                0x08001a20       0x34 ./system/src/stm32f4-hal/stm32f4xx_hal_rcc.o
                0x08001a20                HAL_RCC_GetHCLKFreq
 .text.HAL_RCC_GetPCLK1Freq
                0x08001a54       0x30 ./system/src/stm32f4-hal/stm32f4xx_hal_rcc.o
                0x08001a54                HAL_RCC_GetPCLK1Freq
 .text.HAL_RCC_GetPCLK2Freq
                0x08001a84       0x30 ./system/src/stm32f4-hal/stm32f4xx_hal_rcc.o
                0x08001a84                HAL_RCC_GetPCLK2Freq
 .text.UART_SetConfig
                0x08001ab4      0x390 ./system/src/stm32f4-hal/stm32f4xx_hal_uart.o
 .text.UART_WaitOnFlagUntilTimeout
                0x08001e44       0xdc ./system/src/stm32f4-hal/stm32f4xx_hal_uart.o
 .text.HAL_UART_Init
                0x08001f20      0x120 ./system/src/stm32f4-hal/stm32f4xx_hal_uart.o
                0x08001f20                HAL_UART_Init
 .text.HAL_UART_Transmit
                0x08002040       0xc0 ./system/src/stm32f4-hal/stm32f4xx_hal_uart.o
                0x08002040                HAL_UART_Transmit
 .text._exit    0x08002100        0x4 ./system/src/newlib/_exit.o
                0x08002100                _exit
 .text.abort    0x08002104       0x14 ./system/src/newlib/_exit.o
                0x08002104                abort
 .text._sbrk    0x08002118       0x44 ./system/src/newlib/_sbrk.o
                0x08002118                _sbrk
 .text.__initialize_args
                0x0800215c       0x10 ./system/src/newlib/_syscalls.o
                0x0800215c                __initialize_args
 .text.assert_failed
                0x0800216c       0x14 ./system/src/newlib/assert.o
                0x0800216c                assert_failed
 .text.trace_printf
                0x08002180       0x30 ./system/src/diag/Trace.o
                0x08002180                trace_printf
 .text.trace_puts
                0x080021b0       0x20 ./system/src/diag/Trace.o
                0x080021b0                trace_puts
 .text._trace_write_semihosting_debug
                0x080021d0       0x64 ./system/src/diag/trace_impl.o
 .text.trace_write
                0x08002234        0x8 ./system/src/diag/trace_impl.o
                0x08002234                trace_write
 .text.__initialize_hardware_early
                0x0800223c       0x18 ./system/src/cortexm/_initialize_hardware.o
                0x0800223c                __initialize_hardware_early
 .text.dumpExceptionStack
                0x08002254       0xf0 ./system/src/cortexm/exception_handlers.o
                0x08002254                dumpExceptionStack
 .text.isSemihosting
                0x08002344       0x20 ./system/src/cortexm/exception_handlers.o
                0x08002344                isSemihosting
 .text.SystemInit
                0x08002364       0x40 ./system/src/cmsis/system_stm32f4xx.o
                0x08002364                SystemInit
 .text.SystemCoreClockUpdate
                0x080023a4       0xa0 ./system/src/cmsis/system_stm32f4xx.o
                0x080023a4                SystemCoreClockUpdate
 .text.invSqrt  0x08002444       0x38 ./src/madgwick/MadgwickAHRS.o
                0x08002444                invSqrt
 .text.MadgwickAHRSupdateIMU
                0x0800247c      0x54c ./src/madgwick/MadgwickAHRS.o
                0x0800247c                MadgwickAHRSupdateIMU
 .text.lsm6ds3_readRegister
                0x080029c8       0x20 ./src/lsmd6s3/lsm6ds3.o
                0x080029c8                lsm6ds3_readRegister
 .text.lsm6ds3_readRegisterRegion
                0x080029e8       0x20 ./src/lsmd6s3/lsm6ds3.o
                0x080029e8                lsm6ds3_readRegisterRegion
 .text.lsm6ds3_writeRegister
                0x08002a08       0x28 ./src/lsmd6s3/lsm6ds3.o
                0x08002a08                lsm6ds3_writeRegister
 .text.lsm6ds3_setup
                0x08002a30      0x2b0 ./src/lsmd6s3/lsm6ds3.o
                0x08002a30                lsm6ds3_setup
 .text.lsm6ds3_acc_gyro_read_raw_all
                0x08002ce0       0x10 ./src/lsmd6s3/lsm6ds3.o
                0x08002ce0                lsm6ds3_acc_gyro_read_raw_all
 .text.lsm6ds3_acc_recalc
                0x08002cf0       0x40 ./src/lsmd6s3/lsm6ds3.o
                0x08002cf0                lsm6ds3_acc_recalc
 .text.lsm6ds3_gyro_recalc
                0x08002d30       0x40 ./src/lsmd6s3/lsm6ds3.o
                0x08002d30                lsm6ds3_gyro_recalc
 .text.lsm6ds3_gyro_remove_static_error
                0x08002d70       0x80 ./src/lsmd6s3/lsm6ds3.o
                0x08002d70                lsm6ds3_gyro_remove_static_error
 .text.timer_tick
                0x08002df0       0x14 ./src/Timer.o
                0x08002df0                timer_tick
 .text.SysTick_Handler
                0x08002e04        0xc ./src/Timer.o
                0x08002e04                SysTick_Handler
 .text.SystemClock_Config
                0x08002e10       0x9c ./src/_initialize_hardware.o
                0x08002e10                SystemClock_Config
 .text.__initialize_hardware
                0x08002eac       0x10 ./src/_initialize_hardware.o
                0x08002eac                __initialize_hardware
 *fill*         0x08002ebc        0x4 
 .text.init_hardware
                0x08002ec0      0x100 ./src/main.o
                0x08002ec0                init_hardware
 .text.main     0x08002fc0      0x11c ./src/main.o
                0x08002fc0                main
 .text.HAL_I2C_MspInit
                0x080030dc       0x68 ./src/main.o
                0x080030dc                HAL_I2C_MspInit
 .text.HAL_UART_MspInit
                0x08003144       0x6c ./src/main.o
                0x08003144                HAL_UART_MspInit
 .text.HAL_MspInit
                0x080031b0        0x4 ./src/stm32f4xx_hal_msp.o
                0x080031b0                HAL_MspInit
 .text          0x080031b4      0x370 /usr/lib/gcc/arm-none-eabi/5.4.1/armv7e-m/libgcc.a(_arm_addsubdf3.o)
                0x080031b4                __aeabi_drsub
                0x080031bc                __aeabi_dsub
                0x080031bc                __subdf3
                0x080031c0                __adddf3
                0x080031c0                __aeabi_dadd
                0x08003438                __aeabi_ui2d
                0x08003438                __floatunsidf
                0x08003458                __floatsidf
                0x08003458                __aeabi_i2d
                0x0800347c                __extendsfdf2
                0x0800347c                __aeabi_f2d
                0x080034b8                __aeabi_ul2d
                0x080034b8                __floatundidf
                0x080034c8                __floatdidf
                0x080034c8                __aeabi_l2d
 .text          0x08003524      0x424 /usr/lib/gcc/arm-none-eabi/5.4.1/armv7e-m/libgcc.a(_arm_muldivdf3.o)
                0x08003524                __aeabi_dmul
                0x08003524                __muldf3
                0x08003778                __aeabi_ddiv
                0x08003778                __divdf3
 .text          0x08003948      0x110 /usr/lib/gcc/arm-none-eabi/5.4.1/armv7e-m/libgcc.a(_arm_cmpdf2.o)
                0x08003948                __gtdf2
                0x08003948                __gedf2
                0x08003950                __ltdf2
                0x08003950                __ledf2
                0x08003958                __cmpdf2
                0x08003958                __eqdf2
                0x08003958                __nedf2
                0x080039d4                __aeabi_cdrcmple
                0x080039e4                __aeabi_cdcmple
                0x080039e4                __aeabi_cdcmpeq
                0x080039f4                __aeabi_dcmpeq
                0x08003a08                __aeabi_dcmplt
                0x08003a1c                __aeabi_dcmple
                0x08003a30                __aeabi_dcmpge
                0x08003a44                __aeabi_dcmpgt
 .text          0x08003a58       0x2c /usr/lib/gcc/arm-none-eabi/5.4.1/armv7e-m/libgcc.a(_arm_unorddf2.o)
                0x08003a58                __aeabi_dcmpun
                0x08003a58                __unorddf2
 .text          0x08003a84       0xa0 /usr/lib/gcc/arm-none-eabi/5.4.1/armv7e-m/libgcc.a(_arm_truncdfsf2.o)
                0x08003a84                __aeabi_d2f
                0x08003a84                __truncdfsf2
 .text          0x08003b24      0x21c /usr/lib/gcc/arm-none-eabi/5.4.1/armv7e-m/libgcc.a(_arm_addsubsf3.o)
                0x08003b24                __aeabi_frsub
                0x08003b2c                __subsf3
                0x08003b2c                __aeabi_fsub
                0x08003b30                __aeabi_fadd
                0x08003b30                __addsf3
                0x08003c90                __aeabi_ui2f
                0x08003c90                __floatunsisf
                0x08003c98                __aeabi_i2f
                0x08003c98                __floatsisf
                0x08003cb4                __floatundisf
                0x08003cb4                __aeabi_ul2f
                0x08003cc4                __floatdisf
                0x08003cc4                __aeabi_l2f
 .text          0x08003d40      0x2a0 /usr/lib/gcc/arm-none-eabi/5.4.1/armv7e-m/libgcc.a(_arm_muldivsf3.o)
                0x08003d40                __mulsf3
                0x08003d40                __aeabi_fmul
                0x08003ea8                __divsf3
                0x08003ea8                __aeabi_fdiv
 .text          0x08003fe0       0xec /usr/lib/gcc/arm-none-eabi/5.4.1/armv7e-m/libgcc.a(_arm_cmpsf2.o)
                0x08003fe0                __gtsf2
                0x08003fe0                __gesf2
                0x08003fe8                __lesf2
                0x08003fe8                __ltsf2
                0x08003ff0                __nesf2
                0x08003ff0                __eqsf2
                0x08003ff0                __cmpsf2
                0x08004050                __aeabi_cfrcmple
                0x08004058                __aeabi_cfcmple
                0x08004058                __aeabi_cfcmpeq
                0x08004068                __aeabi_fcmpeq
                0x0800407c                __aeabi_fcmplt
                0x08004090                __aeabi_fcmple
                0x080040a4                __aeabi_fcmpge
                0x080040b8                __aeabi_fcmpgt
 .text          0x080040cc        0xc /usr/lib/gcc/arm-none-eabi/5.4.1/../../../arm-none-eabi/lib/armv7e-m/libg_nano.a(lib_a-errno.o)
                0x080040cc                __errno
 .text          0x080040d8      0x738 /usr/lib/gcc/arm-none-eabi/5.4.1/../../../arm-none-eabi/lib/armv7e-m/libg_nano.a(lib_a-nano-vfprintf_float.o)
                0x080040d8                __cvt
                0x08004204                __exponent
                0x08004294                _printf_float
 .text          0x08004810      0x3d8 /usr/lib/gcc/arm-none-eabi/5.4.1/../../../arm-none-eabi/lib/armv7e-m/libg_nano.a(lib_a-nano-vfprintf_i.o)
                0x08004810                _printf_common
                0x08004940                _printf_i
 *fill*         0x08004be8       0x18 
 .text          0x08004c00       0xdc /usr/lib/gcc/arm-none-eabi/5.4.1/../../../arm-none-eabi/lib/armv7e-m/libg_nano.a(lib_a-strlen.o)
                0x08004c00                strlen
 .text          0x08004cdc       0x94 /usr/lib/gcc/arm-none-eabi/5.4.1/../../../arm-none-eabi/lib/armv7e-m/libg_nano.a(lib_a-vsnprintf.o)
                0x08004cdc                _vsnprintf_r
                0x08004cdc                _vsniprintf_r
                0x08004d50                vsnprintf
                0x08004d50                vsniprintf
 .text          0x08004d70      0xfac /usr/lib/gcc/arm-none-eabi/5.4.1/../../../arm-none-eabi/lib/armv7e-m/libg_nano.a(lib_a-dtoa.o)
                0x08004e98                _dtoa_r
 .text          0x08005d1c       0x80 /usr/lib/gcc/arm-none-eabi/5.4.1/../../../arm-none-eabi/lib/armv7e-m/libg_nano.a(lib_a-locale.o)
                0x08005d1c                _setlocale_r
                0x08005d5c                __locale_charset
                0x08005d64                __locale_mb_cur_max
                0x08005d70                __locale_msgcharset
                0x08005d78                __locale_cjk_lang
                0x08005d7c                _localeconv_r
                0x08005d84                setlocale
                0x08005d94                localeconv
 .text          0x08005d9c       0x20 /usr/lib/gcc/arm-none-eabi/5.4.1/../../../arm-none-eabi/lib/armv7e-m/libg_nano.a(lib_a-malloc.o)
                0x08005d9c                malloc
                0x08005dac                free
 *fill*         0x08005dbc        0x4 
 .text          0x08005dc0       0xa0 /usr/lib/gcc/arm-none-eabi/5.4.1/../../../arm-none-eabi/lib/armv7e-m/libg_nano.a(lib_a-memchr.o)
                0x08005dc0                memchr
 .text          0x08005e60      0x134 /usr/lib/gcc/arm-none-eabi/5.4.1/../../../arm-none-eabi/lib/armv7e-m/libg_nano.a(lib_a-memcpy.o)
                0x08005e60                memcpy
 .text          0x08005f94      0x944 /usr/lib/gcc/arm-none-eabi/5.4.1/../../../arm-none-eabi/lib/armv7e-m/libg_nano.a(lib_a-mprec.o)
                0x08005f94                _Balloc
                0x08005ffc                _Bfree
                0x08006034                __multadd
                0x080060b0                __s2b
                0x08006148                __hi0bits
                0x08006188                __lo0bits
                0x080061e4                __i2b
                0x080061f8                __multiply
                0x08006328                __pow5mult
                0x080063e0                __lshift
                0x08006488                __mcmp
                0x080064c8                __mdiff
                0x080065dc                __ulp
                0x08006620                __b2d
                0x080066f4                __d2b
                0x080067ac                __ratio
                0x08006800                _mprec_log10
                0x08006834                __copybits
                0x0800687c                __any_on
 .text          0x080068d8       0x1c /usr/lib/gcc/arm-none-eabi/5.4.1/../../../arm-none-eabi/lib/armv7e-m/libg_nano.a(lib_a-nano-callocr.o)
                0x080068d8                _calloc_r
 .text          0x080068f4       0x8c /usr/lib/gcc/arm-none-eabi/5.4.1/../../../arm-none-eabi/lib/armv7e-m/libg_nano.a(lib_a-nano-freer.o)
                0x080068f4                _free_r
 .text          0x08006980       0xbc /usr/lib/gcc/arm-none-eabi/5.4.1/../../../arm-none-eabi/lib/armv7e-m/libg_nano.a(lib_a-nano-mallocr.o)
                0x08006980                _malloc_r
 .text          0x08006a3c      0x3f8 /usr/lib/gcc/arm-none-eabi/5.4.1/../../../arm-none-eabi/lib/armv7e-m/libg_nano.a(lib_a-nano-svfprintf.o)
                0x08006a3c                __ssputs_r
                0x08006b08                __ssprint_r
                0x08006c08                _svfprintf_r
                0x08006c08                _svfiprintf_r
 .text          0x08006e34       0x24 /usr/lib/gcc/arm-none-eabi/5.4.1/../../../arm-none-eabi/lib/armv7e-m/libg_nano.a(lib_a-sbrkr.o)
                0x08006e34                _sbrk_r
 *fill*         0x08006e58        0x8 
 .text          0x08006e60      0x2dc /usr/lib/gcc/arm-none-eabi/5.4.1/../../../arm-none-eabi/lib/armv7e-m/libg_nano.a(lib_a-strcmp.o)
                0x08006e68                strcmp
 .text          0x0800713c       0xc8 /usr/lib/gcc/arm-none-eabi/5.4.1/../../../arm-none-eabi/lib/armv7e-m/libg_nano.a(lib_a-memmove.o)
                0x0800713c                memmove
 .text          0x08007204       0x9c /usr/lib/gcc/arm-none-eabi/5.4.1/../../../arm-none-eabi/lib/armv7e-m/libg_nano.a(lib_a-memset.o)
                0x08007204                memset
 .text          0x080072a0       0x48 /usr/lib/gcc/arm-none-eabi/5.4.1/../../../arm-none-eabi/lib/armv7e-m/libg_nano.a(lib_a-nano-reallocr.o)
                0x080072a0                _realloc_r
 .text          0x080072e8       0x14 /usr/lib/gcc/arm-none-eabi/5.4.1/../../../arm-none-eabi/lib/armv7e-m/libg_nano.a(lib_a-nano-msizer.o)
                0x080072e8                _malloc_usable_size_r
 .text          0x080072fc       0x50 /usr/lib/gcc/arm-none-eabi/5.4.1/armv7e-m/libgcc.a(_arm_fixdfsi.o)
                0x080072fc                __fixdfsi
                0x080072fc                __aeabi_d2iz
 *(.rodata .rodata.* .constdata .constdata.*)
 .rodata.str1.4
                0x0800734c       0x31 ./system/src/stm32f4-hal/stm32f4xx_hal_cortex.o
 *fill*         0x0800737d        0x3 
 .rodata.str1.4
                0x08007380       0x2f ./system/src/stm32f4-hal/stm32f4xx_hal_gpio.o
 *fill*         0x080073af        0x1 
 .rodata.str1.4
                0x080073b0       0x2e ./system/src/stm32f4-hal/stm32f4xx_hal_i2c.o
 *fill*         0x080073de        0x2 
 .rodata.APBAHBPrescTable
                0x080073e0       0x10 ./system/src/stm32f4-hal/stm32f4xx_hal_rcc.o
                0x080073e0                APBAHBPrescTable
 .rodata.str1.4
                0x080073f0       0x2e ./system/src/stm32f4-hal/stm32f4xx_hal_rcc.o
 *fill*         0x0800741e        0x2 
 .rodata.str1.4
                0x08007420       0x2f ./system/src/stm32f4-hal/stm32f4xx_hal_uart.o
 *fill*         0x0800744f        0x1 
 .rodata.str1.4
                0x08007450       0x14 ./system/src/newlib/_exit.o
 .rodata.str1.4
                0x08007464       0x6b ./system/src/newlib/assert.o
                                 0x6f (size before relaxing)
 *fill*         0x080074cf        0x1 
 .rodata.str1.4
                0x080074d0       0x29 ./system/src/diag/Trace.o
                                 0x2d (size before relaxing)
 *fill*         0x080074f9        0x3 
 .rodata.str1.4
                0x080074fc      0x146 ./system/src/cortexm/exception_handlers.o
 *fill*         0x08007642        0x2 
 .rodata.AHBPrescTable
                0x08007644       0x10 ./system/src/cmsis/system_stm32f4xx.o
                0x08007644                AHBPrescTable
 .rodata.str1.4
                0x08007654       0x1d ./src/lsmd6s3/lsm6ds3.o
                                 0x21 (size before relaxing)
 *fill*         0x08007671        0x3 
 .rodata.str1.4
                0x08007674        0x2 /usr/lib/gcc/arm-none-eabi/5.4.1/../../../arm-none-eabi/lib/armv7e-m/libg_nano.a(lib_a-impure.o)
 *fill*         0x08007676        0x2 
 .rodata.str1.4
                0x08007678       0x12 /usr/lib/gcc/arm-none-eabi/5.4.1/../../../arm-none-eabi/lib/armv7e-m/libg_nano.a(lib_a-nano-vfprintf_float.o)
 *fill*         0x0800768a        0x2 
 .rodata.str1.4
                0x0800768c       0x25 /usr/lib/gcc/arm-none-eabi/5.4.1/../../../arm-none-eabi/lib/armv7e-m/libg_nano.a(lib_a-nano-vfprintf_i.o)
 *fill*         0x080076b1        0x3 
 .rodata.str1.4
                0x080076b4       0x10 /usr/lib/gcc/arm-none-eabi/5.4.1/../../../arm-none-eabi/lib/armv7e-m/libg_nano.a(lib_a-dtoa.o)
                                 0x12 (size before relaxing)
 .rodata.str1.4
                0x080076c4        0xa /usr/lib/gcc/arm-none-eabi/5.4.1/../../../arm-none-eabi/lib/armv7e-m/libg_nano.a(lib_a-locale.o)
                                 0x12 (size before relaxing)
 *fill*         0x080076ce        0x2 
 .rodata        0x080076d0      0x128 /usr/lib/gcc/arm-none-eabi/5.4.1/../../../arm-none-eabi/lib/armv7e-m/libg_nano.a(lib_a-mprec.o)
                0x080076e0                __mprec_tens
                0x080077a8                __mprec_tinytens
                0x080077d0                __mprec_bigtens
 .rodata.str1.4
                0x080077f8       0x14 /usr/lib/gcc/arm-none-eabi/5.4.1/../../../arm-none-eabi/lib/armv7e-m/libg_nano.a(lib_a-nano-svfprintf.o)
                                 0x13 (size before relaxing)
 *(vtable)
 *(.eh_frame*)
 *(.glue_7)
 .glue_7        0x0800780c        0x0 linker stubs
 *(.glue_7t)
 .glue_7t       0x0800780c        0x0 linker stubs

.vfp11_veneer   0x0800780c        0x0
 .vfp11_veneer  0x0800780c        0x0 linker stubs

.v4_bx          0x0800780c        0x0
 .v4_bx         0x0800780c        0x0 linker stubs

.iplt           0x0800780c        0x0
 .iplt          0x0800780c        0x0 ./system/src/stm32f4-hal/stm32f4xx_hal.o

.rel.dyn        0x0800780c        0x0
 .rel.iplt      0x0800780c        0x0 ./system/src/stm32f4-hal/stm32f4xx_hal.o

.ARM.extab
 *(.ARM.extab* .gnu.linkonce.armextab.*)
                0x0800780c                . = ALIGN (0x4)
                0x0800780c                __exidx_start = .

.ARM.exidx
 *(.ARM.exidx* .gnu.linkonce.armexidx.*)
                0x0800780c                __exidx_end = .
                0x0800780c                . = ALIGN (0x4)
                0x0800780c                _etext = .
                0x0800780c                __etext = .

.data_CCMRAM    0x10000000        0x0 load address 0x0800780c
 FILL mask 0xff
 *(.data.CCMRAM .data.CCMRAM.*)
                0x10000000                . = ALIGN (0x4)
                0x0800780c                _sidata = LOADADDR (.data)

.data           0x20000000       0xfc load address 0x0800780c
 FILL mask 0xff
                0x20000000                _sdata = .
                0x20000000                __data_start__ = .
 *(.data_begin .data_begin.*)
 .data_begin    0x20000000        0x4 ./system/src/newlib/_startup.o
 *(.data .data.*)
 .data.argv.4282
                0x20000004        0x8 ./system/src/newlib/_syscalls.o
 .data.SystemCoreClock
                0x2000000c        0x4 ./system/src/cmsis/system_stm32f4xx.o
                0x2000000c                SystemCoreClock
 .data.q0       0x20000010        0x4 ./src/madgwick/MadgwickAHRS.o
                0x20000010                q0
 .data.beta     0x20000014        0x4 ./src/madgwick/MadgwickAHRS.o
                0x20000014                beta
 .data          0x20000018       0x64 /usr/lib/gcc/arm-none-eabi/5.4.1/../../../arm-none-eabi/lib/armv7e-m/libg_nano.a(lib_a-impure.o)
                0x20000018                _impure_ptr
 .data          0x2000007c       0x7c /usr/lib/gcc/arm-none-eabi/5.4.1/../../../arm-none-eabi/lib/armv7e-m/libg_nano.a(lib_a-locale.o)
                0x2000009c                __mb_cur_max
 *(.data_end .data_end.*)
 .data_end      0x200000f8        0x4 ./system/src/newlib/_startup.o
                0x200000fc                . = ALIGN (0x4)
                0x200000fc                _edata = .
                0x200000fc                __data_end__ = .

.igot.plt       0x200000fc        0x0 load address 0x08007908
 .igot.plt      0x200000fc        0x0 ./system/src/stm32f4-hal/stm32f4xx_hal.o

.bss_CCMRAM     0x10000000        0x0
 *(.bss.CCMRAM .bss.CCMRAM.*)

.bss            0x200000fc      0x224
                0x200000fc                __bss_start__ = .
                0x200000fc                _sbss = .
 *(.bss_begin .bss_begin.*)
 .bss_begin     0x200000fc        0x4 ./system/src/newlib/_startup.o
 *(.bss .bss.*)
 .bss.current_heap_end.3973
                0x20000100        0x4 ./system/src/newlib/_sbrk.o
 .bss.name.4281
                0x20000104        0x1 ./system/src/newlib/_syscalls.o
 *fill*         0x20000105        0x3 
 .bss.buf.5165  0x20000108       0x80 ./system/src/diag/Trace.o
 .bss.q1        0x20000188        0x4 ./src/madgwick/MadgwickAHRS.o
                0x20000188                q1
 .bss.q2        0x2000018c        0x4 ./src/madgwick/MadgwickAHRS.o
                0x2000018c                q2
 .bss.q3        0x20000190        0x4 ./src/madgwick/MadgwickAHRS.o
                0x20000190                q3
 .bss           0x20000194        0x8 /usr/lib/gcc/arm-none-eabi/5.4.1/../../../arm-none-eabi/lib/armv7e-m/libg_nano.a(lib_a-nano-mallocr.o)
                0x20000194                __malloc_free_list
                0x20000198                __malloc_sbrk_start
 *(COMMON)
 COMMON         0x2000019c        0x4 ./system/src/stm32f4-hal/stm32f4xx_hal.o
                0x2000019c                uwTick
 COMMON         0x200001a0        0x4 ./system/src/newlib/_syscalls.o
                0x200001a0                errno
 COMMON         0x200001a4        0x4 ./src/Timer.o
                0x200001a4                timer_delayCount
 COMMON         0x200001a8      0x174 ./src/main.o
                0x200001a8                tim
                0x200001e4                endofcaltime
                0x200001e8                string
                0x2000024c                lsm
                0x2000026c                lsm_init_err
                0x20000270                i2c
                0x200002b4                data
                0x200002c0                accel_data
                0x200002cc                gyro_data
                0x200002d8                uart_init_err
                0x200002d9                i2c_init_err
                0x200002dc                uart
 *(.bss_end .bss_end.*)
 .bss_end       0x2000031c        0x4 ./system/src/newlib/_startup.o
                0x20000320                . = ALIGN (0x4)
                0x20000320                __bss_end__ = .
                0x20000320                _ebss = .

.noinit_CCMRAM
 *(.noinit.CCMRAM .noinit.CCMRAM.*)

.noinit         0x20000320        0x0
                0x20000320                _noinit = .
 *(.noinit .noinit.*)
                0x20000320                . = ALIGN (0x4)
                0x20000320                _end_noinit = .
                [!provide]                PROVIDE (end, _end_noinit)
                [!provide]                PROVIDE (_end, _end_noinit)
                [!provide]                PROVIDE (__end, _end_noinit)
                [!provide]                PROVIDE (__end__, _end_noinit)

._check_stack   0x20000320      0x100
                0x20000420                . = (. + _Minimum_Stack_Size)
 *fill*         0x20000320      0x100 

.b1text
 *(.b1text)
 *(.b1rodata)
 *(.b1rodata.*)

.eb0text
 *(.eb0text)
 *(.eb0rodata)
 *(.eb0rodata.*)

.eb1text
 *(.eb1text)
 *(.eb1rodata)
 *(.eb1rodata.*)

.eb2text
 *(.eb2text)
 *(.eb2rodata)
 *(.eb2rodata.*)

.eb3text
 *(.eb3text)
 *(.eb3rodata)
 *(.eb3rodata.*)

.stab
 *(.stab)

.stabstr
 *(.stabstr)

.stab.excl
 *(.stab.excl)

.stab.exclstr
 *(.stab.exclstr)

.stab.index
 *(.stab.index)

.stab.indexstr
 *(.stab.indexstr)

.comment        0x00000000       0x2b
 *(.comment)
 .comment       0x00000000       0x2b ./system/src/stm32f4-hal/stm32f4xx_hal.o
                                 0x2c (size before relaxing)
 .comment       0x0000002b       0x2c ./system/src/stm32f4-hal/stm32f4xx_hal_cortex.o
 .comment       0x0000002b       0x2c ./system/src/stm32f4-hal/stm32f4xx_hal_gpio.o
 .comment       0x0000002b       0x2c ./system/src/stm32f4-hal/stm32f4xx_hal_i2c.o
 .comment       0x0000002b       0x2c ./system/src/stm32f4-hal/stm32f4xx_hal_rcc.o
 .comment       0x0000002b       0x2c ./system/src/stm32f4-hal/stm32f4xx_hal_uart.o
 .comment       0x0000002b       0x2c ./system/src/newlib/_exit.o
 .comment       0x0000002b       0x2c ./system/src/newlib/_sbrk.o
 .comment       0x0000002b       0x2c ./system/src/newlib/_startup.o
 .comment       0x0000002b       0x2c ./system/src/newlib/_syscalls.o
 .comment       0x0000002b       0x2c ./system/src/newlib/assert.o
 .comment       0x0000002b       0x2c ./system/src/diag/Trace.o
 .comment       0x0000002b       0x2c ./system/src/diag/trace_impl.o
 .comment       0x0000002b       0x2c ./system/src/cortexm/_initialize_hardware.o
 .comment       0x0000002b       0x2c ./system/src/cortexm/exception_handlers.o
 .comment       0x0000002b       0x2c ./system/src/cmsis/system_stm32f4xx.o
 .comment       0x0000002b       0x2c ./system/src/cmsis/vectors_stm32f407xx.o
 .comment       0x0000002b       0x2c ./src/madgwick/MadgwickAHRS.o
 .comment       0x0000002b       0x2c ./src/lsmd6s3/lsm6ds3.o
 .comment       0x0000002b       0x2c ./src/Timer.o
 .comment       0x0000002b       0x2c ./src/_initialize_hardware.o
 .comment       0x0000002b       0x2c ./src/main.o
 .comment       0x0000002b       0x2c ./src/stm32f4xx_hal_msp.o
 .comment       0x0000002b       0x2c /usr/lib/gcc/arm-none-eabi/5.4.1/../../../arm-none-eabi/lib/armv7e-m/libg_nano.a(lib_a-errno.o)
 .comment       0x0000002b       0x2c /usr/lib/gcc/arm-none-eabi/5.4.1/../../../arm-none-eabi/lib/armv7e-m/libg_nano.a(lib_a-impure.o)
 .comment       0x0000002b       0x2c /usr/lib/gcc/arm-none-eabi/5.4.1/../../../arm-none-eabi/lib/armv7e-m/libg_nano.a(lib_a-nano-vfprintf_float.o)
 .comment       0x0000002b       0x2c /usr/lib/gcc/arm-none-eabi/5.4.1/../../../arm-none-eabi/lib/armv7e-m/libg_nano.a(lib_a-nano-vfprintf_i.o)
 .comment       0x0000002b       0x2c /usr/lib/gcc/arm-none-eabi/5.4.1/../../../arm-none-eabi/lib/armv7e-m/libg_nano.a(lib_a-vsnprintf.o)
 .comment       0x0000002b       0x2c /usr/lib/gcc/arm-none-eabi/5.4.1/../../../arm-none-eabi/lib/armv7e-m/libg_nano.a(lib_a-dtoa.o)
 .comment       0x0000002b       0x2c /usr/lib/gcc/arm-none-eabi/5.4.1/../../../arm-none-eabi/lib/armv7e-m/libg_nano.a(lib_a-locale.o)
 .comment       0x0000002b       0x2c /usr/lib/gcc/arm-none-eabi/5.4.1/../../../arm-none-eabi/lib/armv7e-m/libg_nano.a(lib_a-malloc.o)
 .comment       0x0000002b       0x2c /usr/lib/gcc/arm-none-eabi/5.4.1/../../../arm-none-eabi/lib/armv7e-m/libg_nano.a(lib_a-mprec.o)
 .comment       0x0000002b       0x2c /usr/lib/gcc/arm-none-eabi/5.4.1/../../../arm-none-eabi/lib/armv7e-m/libg_nano.a(lib_a-nano-callocr.o)
 .comment       0x0000002b       0x2c /usr/lib/gcc/arm-none-eabi/5.4.1/../../../arm-none-eabi/lib/armv7e-m/libg_nano.a(lib_a-nano-freer.o)
 .comment       0x0000002b       0x2c /usr/lib/gcc/arm-none-eabi/5.4.1/../../../arm-none-eabi/lib/armv7e-m/libg_nano.a(lib_a-nano-mallocr.o)
 .comment       0x0000002b       0x2c /usr/lib/gcc/arm-none-eabi/5.4.1/../../../arm-none-eabi/lib/armv7e-m/libg_nano.a(lib_a-nano-svfprintf.o)
 .comment       0x0000002b       0x2c /usr/lib/gcc/arm-none-eabi/5.4.1/../../../arm-none-eabi/lib/armv7e-m/libg_nano.a(lib_a-sbrkr.o)
 .comment       0x0000002b       0x2c /usr/lib/gcc/arm-none-eabi/5.4.1/../../../arm-none-eabi/lib/armv7e-m/libg_nano.a(lib_a-memmove.o)
 .comment       0x0000002b       0x2c /usr/lib/gcc/arm-none-eabi/5.4.1/../../../arm-none-eabi/lib/armv7e-m/libg_nano.a(lib_a-memset.o)
 .comment       0x0000002b       0x2c /usr/lib/gcc/arm-none-eabi/5.4.1/../../../arm-none-eabi/lib/armv7e-m/libg_nano.a(lib_a-nano-reallocr.o)
 .comment       0x0000002b       0x2c /usr/lib/gcc/arm-none-eabi/5.4.1/../../../arm-none-eabi/lib/armv7e-m/libg_nano.a(lib_a-nano-msizer.o)

.ARM.attributes
                0x00000000       0x31
 .ARM.attributes
                0x00000000       0x33 ./system/src/stm32f4-hal/stm32f4xx_hal.o
 .ARM.attributes
                0x00000033       0x33 ./system/src/stm32f4-hal/stm32f4xx_hal_cortex.o
 .ARM.attributes
                0x00000066       0x33 ./system/src/stm32f4-hal/stm32f4xx_hal_gpio.o
 .ARM.attributes
                0x00000099       0x33 ./system/src/stm32f4-hal/stm32f4xx_hal_i2c.o
 .ARM.attributes
                0x000000cc       0x33 ./system/src/stm32f4-hal/stm32f4xx_hal_rcc.o
 .ARM.attributes
                0x000000ff       0x33 ./system/src/stm32f4-hal/stm32f4xx_hal_uart.o
 .ARM.attributes
                0x00000132       0x33 ./system/src/newlib/_exit.o
 .ARM.attributes
                0x00000165       0x33 ./system/src/newlib/_sbrk.o
 .ARM.attributes
                0x00000198       0x33 ./system/src/newlib/_startup.o
 .ARM.attributes
                0x000001cb       0x33 ./system/src/newlib/_syscalls.o
 .ARM.attributes
                0x000001fe       0x33 ./system/src/newlib/assert.o
 .ARM.attributes
                0x00000231       0x33 ./system/src/diag/Trace.o
 .ARM.attributes
                0x00000264       0x33 ./system/src/diag/trace_impl.o
 .ARM.attributes
                0x00000297       0x33 ./system/src/cortexm/_initialize_hardware.o
 .ARM.attributes
                0x000002ca       0x33 ./system/src/cortexm/exception_handlers.o
 .ARM.attributes
                0x000002fd       0x33 ./system/src/cmsis/system_stm32f4xx.o
 .ARM.attributes
                0x00000330       0x33 ./system/src/cmsis/vectors_stm32f407xx.o
 .ARM.attributes
                0x00000363       0x33 ./src/madgwick/MadgwickAHRS.o
 .ARM.attributes
                0x00000396       0x33 ./src/lsmd6s3/lsm6ds3.o
 .ARM.attributes
                0x000003c9       0x33 ./src/Timer.o
 .ARM.attributes
                0x000003fc       0x33 ./src/_initialize_hardware.o
 .ARM.attributes
                0x0000042f       0x33 ./src/main.o
 .ARM.attributes
                0x00000462       0x33 ./src/stm32f4xx_hal_msp.o
 .ARM.attributes
                0x00000495       0x1e /usr/lib/gcc/arm-none-eabi/5.4.1/armv7e-m/libgcc.a(_arm_addsubdf3.o)
 .ARM.attributes
                0x000004b3       0x1e /usr/lib/gcc/arm-none-eabi/5.4.1/armv7e-m/libgcc.a(_arm_muldivdf3.o)
 .ARM.attributes
                0x000004d1       0x1e /usr/lib/gcc/arm-none-eabi/5.4.1/armv7e-m/libgcc.a(_arm_cmpdf2.o)
 .ARM.attributes
                0x000004ef       0x1e /usr/lib/gcc/arm-none-eabi/5.4.1/armv7e-m/libgcc.a(_arm_unorddf2.o)
 .ARM.attributes
                0x0000050d       0x1e /usr/lib/gcc/arm-none-eabi/5.4.1/armv7e-m/libgcc.a(_arm_truncdfsf2.o)
 .ARM.attributes
                0x0000052b       0x1e /usr/lib/gcc/arm-none-eabi/5.4.1/armv7e-m/libgcc.a(_arm_addsubsf3.o)
 .ARM.attributes
                0x00000549       0x1e /usr/lib/gcc/arm-none-eabi/5.4.1/armv7e-m/libgcc.a(_arm_muldivsf3.o)
 .ARM.attributes
                0x00000567       0x1e /usr/lib/gcc/arm-none-eabi/5.4.1/armv7e-m/libgcc.a(_arm_cmpsf2.o)
 .ARM.attributes
                0x00000585       0x2e /usr/lib/gcc/arm-none-eabi/5.4.1/../../../arm-none-eabi/lib/armv7e-m/libg_nano.a(lib_a-errno.o)
 .ARM.attributes
                0x000005b3       0x2e /usr/lib/gcc/arm-none-eabi/5.4.1/../../../arm-none-eabi/lib/armv7e-m/libg_nano.a(lib_a-impure.o)
 .ARM.attributes
                0x000005e1       0x2e /usr/lib/gcc/arm-none-eabi/5.4.1/../../../arm-none-eabi/lib/armv7e-m/libg_nano.a(lib_a-nano-vfprintf_float.o)
 .ARM.attributes
                0x0000060f       0x2e /usr/lib/gcc/arm-none-eabi/5.4.1/../../../arm-none-eabi/lib/armv7e-m/libg_nano.a(lib_a-nano-vfprintf_i.o)
 .ARM.attributes
                0x0000063d       0x1c /usr/lib/gcc/arm-none-eabi/5.4.1/../../../arm-none-eabi/lib/armv7e-m/libg_nano.a(lib_a-strlen.o)
 .ARM.attributes
                0x00000659       0x2e /usr/lib/gcc/arm-none-eabi/5.4.1/../../../arm-none-eabi/lib/armv7e-m/libg_nano.a(lib_a-vsnprintf.o)
 .ARM.attributes
                0x00000687       0x2e /usr/lib/gcc/arm-none-eabi/5.4.1/../../../arm-none-eabi/lib/armv7e-m/libg_nano.a(lib_a-dtoa.o)
 .ARM.attributes
                0x000006b5       0x2e /usr/lib/gcc/arm-none-eabi/5.4.1/../../../arm-none-eabi/lib/armv7e-m/libg_nano.a(lib_a-locale.o)
 .ARM.attributes
                0x000006e3       0x2e /usr/lib/gcc/arm-none-eabi/5.4.1/../../../arm-none-eabi/lib/armv7e-m/libg_nano.a(lib_a-malloc.o)
 .ARM.attributes
                0x00000711       0x1c /usr/lib/gcc/arm-none-eabi/5.4.1/../../../arm-none-eabi/lib/armv7e-m/libg_nano.a(lib_a-memchr.o)
 .ARM.attributes
                0x0000072d       0x1c /usr/lib/gcc/arm-none-eabi/5.4.1/../../../arm-none-eabi/lib/armv7e-m/libg_nano.a(lib_a-memcpy.o)
 .ARM.attributes
                0x00000749       0x2e /usr/lib/gcc/arm-none-eabi/5.4.1/../../../arm-none-eabi/lib/armv7e-m/libg_nano.a(lib_a-mprec.o)
 .ARM.attributes
                0x00000777       0x2e /usr/lib/gcc/arm-none-eabi/5.4.1/../../../arm-none-eabi/lib/armv7e-m/libg_nano.a(lib_a-nano-callocr.o)
 .ARM.attributes
                0x000007a5       0x2e /usr/lib/gcc/arm-none-eabi/5.4.1/../../../arm-none-eabi/lib/armv7e-m/libg_nano.a(lib_a-nano-freer.o)
 .ARM.attributes
                0x000007d3       0x2e /usr/lib/gcc/arm-none-eabi/5.4.1/../../../arm-none-eabi/lib/armv7e-m/libg_nano.a(lib_a-nano-mallocr.o)
 .ARM.attributes
                0x00000801       0x2e /usr/lib/gcc/arm-none-eabi/5.4.1/../../../arm-none-eabi/lib/armv7e-m/libg_nano.a(lib_a-nano-svfprintf.o)
 .ARM.attributes
                0x0000082f       0x2e /usr/lib/gcc/arm-none-eabi/5.4.1/../../../arm-none-eabi/lib/armv7e-m/libg_nano.a(lib_a-sbrkr.o)
 .ARM.attributes
                0x0000085d       0x1c /usr/lib/gcc/arm-none-eabi/5.4.1/../../../arm-none-eabi/lib/armv7e-m/libg_nano.a(lib_a-strcmp.o)
 .ARM.attributes
                0x00000879       0x2e /usr/lib/gcc/arm-none-eabi/5.4.1/../../../arm-none-eabi/lib/armv7e-m/libg_nano.a(lib_a-memmove.o)
 .ARM.attributes
                0x000008a7       0x2e /usr/lib/gcc/arm-none-eabi/5.4.1/../../../arm-none-eabi/lib/armv7e-m/libg_nano.a(lib_a-memset.o)
 .ARM.attributes
                0x000008d5       0x2e /usr/lib/gcc/arm-none-eabi/5.4.1/../../../arm-none-eabi/lib/armv7e-m/libg_nano.a(lib_a-nano-reallocr.o)
 .ARM.attributes
                0x00000903       0x2e /usr/lib/gcc/arm-none-eabi/5.4.1/../../../arm-none-eabi/lib/armv7e-m/libg_nano.a(lib_a-nano-msizer.o)
 .ARM.attributes
                0x00000931       0x1e /usr/lib/gcc/arm-none-eabi/5.4.1/armv7e-m/libgcc.a(_arm_fixdfsi.o)

.debug
 *(.debug)

.line
 *(.line)

.debug_srcinfo
 *(.debug_srcinfo)

.debug_sfnames
 *(.debug_sfnames)

.debug_aranges  0x00000000      0xda0
 *(.debug_aranges)
 .debug_aranges
                0x00000000       0xc0 ./system/src/stm32f4-hal/stm32f4xx_hal.o
 .debug_aranges
                0x000000c0       0x98 ./system/src/stm32f4-hal/stm32f4xx_hal_cortex.o
 .debug_aranges
                0x00000158       0x58 ./system/src/stm32f4-hal/stm32f4xx_hal_gpio.o
 .debug_aranges
                0x000001b0      0x260 ./system/src/stm32f4-hal/stm32f4xx_hal_i2c.o
 .debug_aranges
                0x00000410       0x88 ./system/src/stm32f4-hal/stm32f4xx_hal_rcc.o
 .debug_aranges
                0x00000498      0x150 ./system/src/stm32f4-hal/stm32f4xx_hal_uart.o
 .debug_aranges
                0x000005e8       0x28 ./system/src/newlib/_exit.o
 .debug_aranges
                0x00000610       0x20 ./system/src/newlib/_sbrk.o
 .debug_aranges
                0x00000630       0x40 ./system/src/newlib/_startup.o
 .debug_aranges
                0x00000670       0x30 ./system/src/newlib/_syscalls.o
 .debug_aranges
                0x000006a0       0x28 ./system/src/newlib/assert.o
 .debug_aranges
                0x000006c8       0x38 ./system/src/diag/Trace.o
 .debug_aranges
                0x00000700       0x30 ./system/src/diag/trace_impl.o
 .debug_aranges
                0x00000730       0x28 ./system/src/cortexm/_initialize_hardware.o
 .debug_aranges
                0x00000758       0x90 ./system/src/cortexm/exception_handlers.o
 .debug_aranges
                0x000007e8       0x28 ./system/src/cmsis/system_stm32f4xx.o
 .debug_aranges
                0x00000810       0x20 ./system/src/cmsis/vectors_stm32f407xx.o
 .debug_aranges
                0x00000830       0x30 ./src/madgwick/MadgwickAHRS.o
 .debug_aranges
                0x00000860       0x98 ./src/lsmd6s3/lsm6ds3.o
 .debug_aranges
                0x000008f8       0x38 ./src/Timer.o
 .debug_aranges
                0x00000930       0x28 ./src/_initialize_hardware.o
 .debug_aranges
                0x00000958       0x38 ./src/main.o
 .debug_aranges
                0x00000990       0x38 ./src/stm32f4xx_hal_msp.o
 .debug_aranges
                0x000009c8       0x20 /usr/lib/gcc/arm-none-eabi/5.4.1/armv7e-m/libgcc.a(_arm_addsubdf3.o)
 .debug_aranges
                0x000009e8       0x20 /usr/lib/gcc/arm-none-eabi/5.4.1/armv7e-m/libgcc.a(_arm_muldivdf3.o)
 .debug_aranges
                0x00000a08       0x20 /usr/lib/gcc/arm-none-eabi/5.4.1/armv7e-m/libgcc.a(_arm_cmpdf2.o)
 .debug_aranges
                0x00000a28       0x20 /usr/lib/gcc/arm-none-eabi/5.4.1/armv7e-m/libgcc.a(_arm_unorddf2.o)
 .debug_aranges
                0x00000a48       0x20 /usr/lib/gcc/arm-none-eabi/5.4.1/armv7e-m/libgcc.a(_arm_truncdfsf2.o)
 .debug_aranges
                0x00000a68       0x20 /usr/lib/gcc/arm-none-eabi/5.4.1/armv7e-m/libgcc.a(_arm_addsubsf3.o)
 .debug_aranges
                0x00000a88       0x20 /usr/lib/gcc/arm-none-eabi/5.4.1/armv7e-m/libgcc.a(_arm_muldivsf3.o)
 .debug_aranges
                0x00000aa8       0x20 /usr/lib/gcc/arm-none-eabi/5.4.1/armv7e-m/libgcc.a(_arm_cmpsf2.o)
 .debug_aranges
                0x00000ac8       0x20 /usr/lib/gcc/arm-none-eabi/5.4.1/../../../arm-none-eabi/lib/armv7e-m/libg_nano.a(lib_a-errno.o)
 .debug_aranges
                0x00000ae8       0x18 /usr/lib/gcc/arm-none-eabi/5.4.1/../../../arm-none-eabi/lib/armv7e-m/libg_nano.a(lib_a-impure.o)
 .debug_aranges
                0x00000b00       0x20 /usr/lib/gcc/arm-none-eabi/5.4.1/../../../arm-none-eabi/lib/armv7e-m/libg_nano.a(lib_a-nano-vfprintf_float.o)
 .debug_aranges
                0x00000b20       0x20 /usr/lib/gcc/arm-none-eabi/5.4.1/../../../arm-none-eabi/lib/armv7e-m/libg_nano.a(lib_a-nano-vfprintf_i.o)
 .debug_aranges
                0x00000b40       0x20 /usr/lib/gcc/arm-none-eabi/5.4.1/../../../arm-none-eabi/lib/armv7e-m/libg_nano.a(lib_a-strlen.o)
 .debug_aranges
                0x00000b60       0x20 /usr/lib/gcc/arm-none-eabi/5.4.1/../../../arm-none-eabi/lib/armv7e-m/libg_nano.a(lib_a-vsnprintf.o)
 .debug_aranges
                0x00000b80       0x20 /usr/lib/gcc/arm-none-eabi/5.4.1/../../../arm-none-eabi/lib/armv7e-m/libg_nano.a(lib_a-dtoa.o)
 .debug_aranges
                0x00000ba0       0x20 /usr/lib/gcc/arm-none-eabi/5.4.1/../../../arm-none-eabi/lib/armv7e-m/libg_nano.a(lib_a-locale.o)
 .debug_aranges
                0x00000bc0       0x20 /usr/lib/gcc/arm-none-eabi/5.4.1/../../../arm-none-eabi/lib/armv7e-m/libg_nano.a(lib_a-malloc.o)
 .debug_aranges
                0x00000be0       0x20 /usr/lib/gcc/arm-none-eabi/5.4.1/../../../arm-none-eabi/lib/armv7e-m/libg_nano.a(lib_a-memchr.o)
 .debug_aranges
                0x00000c00       0x20 /usr/lib/gcc/arm-none-eabi/5.4.1/../../../arm-none-eabi/lib/armv7e-m/libg_nano.a(lib_a-memcpy.o)
 .debug_aranges
                0x00000c20       0x20 /usr/lib/gcc/arm-none-eabi/5.4.1/../../../arm-none-eabi/lib/armv7e-m/libg_nano.a(lib_a-mprec.o)
 .debug_aranges
                0x00000c40       0x20 /usr/lib/gcc/arm-none-eabi/5.4.1/../../../arm-none-eabi/lib/armv7e-m/libg_nano.a(lib_a-nano-callocr.o)
 .debug_aranges
                0x00000c60       0x20 /usr/lib/gcc/arm-none-eabi/5.4.1/../../../arm-none-eabi/lib/armv7e-m/libg_nano.a(lib_a-nano-freer.o)
 .debug_aranges
                0x00000c80       0x20 /usr/lib/gcc/arm-none-eabi/5.4.1/../../../arm-none-eabi/lib/armv7e-m/libg_nano.a(lib_a-nano-mallocr.o)
 .debug_aranges
                0x00000ca0       0x20 /usr/lib/gcc/arm-none-eabi/5.4.1/../../../arm-none-eabi/lib/armv7e-m/libg_nano.a(lib_a-nano-svfprintf.o)
 .debug_aranges
                0x00000cc0       0x20 /usr/lib/gcc/arm-none-eabi/5.4.1/../../../arm-none-eabi/lib/armv7e-m/libg_nano.a(lib_a-sbrkr.o)
 .debug_aranges
                0x00000ce0       0x20 /usr/lib/gcc/arm-none-eabi/5.4.1/../../../arm-none-eabi/lib/armv7e-m/libg_nano.a(lib_a-strcmp.o)
 .debug_aranges
                0x00000d00       0x20 /usr/lib/gcc/arm-none-eabi/5.4.1/../../../arm-none-eabi/lib/armv7e-m/libg_nano.a(lib_a-memmove.o)
 .debug_aranges
                0x00000d20       0x20 /usr/lib/gcc/arm-none-eabi/5.4.1/../../../arm-none-eabi/lib/armv7e-m/libg_nano.a(lib_a-memset.o)
 .debug_aranges
                0x00000d40       0x20 /usr/lib/gcc/arm-none-eabi/5.4.1/../../../arm-none-eabi/lib/armv7e-m/libg_nano.a(lib_a-nano-reallocr.o)
 .debug_aranges
                0x00000d60       0x20 /usr/lib/gcc/arm-none-eabi/5.4.1/../../../arm-none-eabi/lib/armv7e-m/libg_nano.a(lib_a-nano-msizer.o)
 .debug_aranges
                0x00000d80       0x20 /usr/lib/gcc/arm-none-eabi/5.4.1/armv7e-m/libgcc.a(_arm_fixdfsi.o)

.debug_pubnames
 *(.debug_pubnames)

.debug_info     0x00000000    0x18b36
 *(.debug_info .gnu.linkonce.wi.*)
 .debug_info    0x00000000      0x8e3 ./system/src/stm32f4-hal/stm32f4xx_hal.o
 .debug_info    0x000008e3     0x10f4 ./system/src/stm32f4-hal/stm32f4xx_hal_cortex.o
 .debug_info    0x000019d7      0x86a ./system/src/stm32f4-hal/stm32f4xx_hal_gpio.o
 .debug_info    0x00002241     0x3395 ./system/src/stm32f4-hal/stm32f4xx_hal_i2c.o
 .debug_info    0x000055d6      0xf42 ./system/src/stm32f4-hal/stm32f4xx_hal_rcc.o
 .debug_info    0x00006518     0x14c8 ./system/src/stm32f4-hal/stm32f4xx_hal_uart.o
 .debug_info    0x000079e0       0xef ./system/src/newlib/_exit.o
 .debug_info    0x00007acf      0x11f ./system/src/newlib/_sbrk.o
 .debug_info    0x00007bee      0x4ef ./system/src/newlib/_startup.o
 .debug_info    0x000080dd      0x1c7 ./system/src/newlib/_syscalls.o
 .debug_info    0x000082a4      0x1a3 ./system/src/newlib/assert.o
 .debug_info    0x00008447      0x2e6 ./system/src/diag/Trace.o
 .debug_info    0x0000872d      0x30a ./system/src/diag/trace_impl.o
 .debug_info    0x00008a37      0x2bf ./system/src/cortexm/_initialize_hardware.o
 .debug_info    0x00008cf6      0x8f4 ./system/src/cortexm/exception_handlers.o
 .debug_info    0x000095ea      0x4b9 ./system/src/cmsis/system_stm32f4xx.o
 .debug_info    0x00009aa3       0xd1 ./system/src/cmsis/vectors_stm32f407xx.o
 .debug_info    0x00009b74      0x618 ./src/madgwick/MadgwickAHRS.o
 .debug_info    0x0000a18c     0x111d ./src/lsmd6s3/lsm6ds3.o
 .debug_info    0x0000b2a9      0x738 ./src/Timer.o
 .debug_info    0x0000b9e1      0x4e9 ./src/_initialize_hardware.o
 .debug_info    0x0000beca     0x146c ./src/main.o
 .debug_info    0x0000d336       0xe5 ./src/stm32f4xx_hal_msp.o
 .debug_info    0x0000d41b       0xbb /usr/lib/gcc/arm-none-eabi/5.4.1/armv7e-m/libgcc.a(_arm_addsubdf3.o)
 .debug_info    0x0000d4d6       0xbb /usr/lib/gcc/arm-none-eabi/5.4.1/armv7e-m/libgcc.a(_arm_muldivdf3.o)
 .debug_info    0x0000d591       0xbb /usr/lib/gcc/arm-none-eabi/5.4.1/armv7e-m/libgcc.a(_arm_cmpdf2.o)
 .debug_info    0x0000d64c       0xbb /usr/lib/gcc/arm-none-eabi/5.4.1/armv7e-m/libgcc.a(_arm_unorddf2.o)
 .debug_info    0x0000d707       0xbb /usr/lib/gcc/arm-none-eabi/5.4.1/armv7e-m/libgcc.a(_arm_truncdfsf2.o)
 .debug_info    0x0000d7c2       0xbb /usr/lib/gcc/arm-none-eabi/5.4.1/armv7e-m/libgcc.a(_arm_addsubsf3.o)
 .debug_info    0x0000d87d       0xbb /usr/lib/gcc/arm-none-eabi/5.4.1/armv7e-m/libgcc.a(_arm_muldivsf3.o)
 .debug_info    0x0000d938       0xbb /usr/lib/gcc/arm-none-eabi/5.4.1/armv7e-m/libgcc.a(_arm_cmpsf2.o)
 .debug_info    0x0000d9f3      0x73c /usr/lib/gcc/arm-none-eabi/5.4.1/../../../arm-none-eabi/lib/armv7e-m/libg_nano.a(lib_a-errno.o)
 .debug_info    0x0000e12f      0x7da /usr/lib/gcc/arm-none-eabi/5.4.1/../../../arm-none-eabi/lib/armv7e-m/libg_nano.a(lib_a-impure.o)
 .debug_info    0x0000e909     0x1057 /usr/lib/gcc/arm-none-eabi/5.4.1/../../../arm-none-eabi/lib/armv7e-m/libg_nano.a(lib_a-nano-vfprintf_float.o)
 .debug_info    0x0000f960      0xb3b /usr/lib/gcc/arm-none-eabi/5.4.1/../../../arm-none-eabi/lib/armv7e-m/libg_nano.a(lib_a-nano-vfprintf_i.o)
 .debug_info    0x0001049b       0xc7 /usr/lib/gcc/arm-none-eabi/5.4.1/../../../arm-none-eabi/lib/armv7e-m/libg_nano.a(lib_a-strlen.o)
 .debug_info    0x00010562      0x8b2 /usr/lib/gcc/arm-none-eabi/5.4.1/../../../arm-none-eabi/lib/armv7e-m/libg_nano.a(lib_a-vsnprintf.o)
 .debug_info    0x00010e14     0x1148 /usr/lib/gcc/arm-none-eabi/5.4.1/../../../arm-none-eabi/lib/armv7e-m/libg_nano.a(lib_a-dtoa.o)
 .debug_info    0x00011f5c      0xac8 /usr/lib/gcc/arm-none-eabi/5.4.1/../../../arm-none-eabi/lib/armv7e-m/libg_nano.a(lib_a-locale.o)
 .debug_info    0x00012a24      0x7b2 /usr/lib/gcc/arm-none-eabi/5.4.1/../../../arm-none-eabi/lib/armv7e-m/libg_nano.a(lib_a-malloc.o)
 .debug_info    0x000131d6       0xc1 /usr/lib/gcc/arm-none-eabi/5.4.1/../../../arm-none-eabi/lib/armv7e-m/libg_nano.a(lib_a-memchr.o)
 .debug_info    0x00013297       0xc8 /usr/lib/gcc/arm-none-eabi/5.4.1/../../../arm-none-eabi/lib/armv7e-m/libg_nano.a(lib_a-memcpy.o)
 .debug_info    0x0001335f     0x1602 /usr/lib/gcc/arm-none-eabi/5.4.1/../../../arm-none-eabi/lib/armv7e-m/libg_nano.a(lib_a-mprec.o)
 .debug_info    0x00014961      0x7d0 /usr/lib/gcc/arm-none-eabi/5.4.1/../../../arm-none-eabi/lib/armv7e-m/libg_nano.a(lib_a-nano-callocr.o)
 .debug_info    0x00015131      0x825 /usr/lib/gcc/arm-none-eabi/5.4.1/../../../arm-none-eabi/lib/armv7e-m/libg_nano.a(lib_a-nano-freer.o)
 .debug_info    0x00015956      0x8ec /usr/lib/gcc/arm-none-eabi/5.4.1/../../../arm-none-eabi/lib/armv7e-m/libg_nano.a(lib_a-nano-mallocr.o)
 .debug_info    0x00016242      0xd39 /usr/lib/gcc/arm-none-eabi/5.4.1/../../../arm-none-eabi/lib/armv7e-m/libg_nano.a(lib_a-nano-svfprintf.o)
 .debug_info    0x00016f7b      0x7a1 /usr/lib/gcc/arm-none-eabi/5.4.1/../../../arm-none-eabi/lib/armv7e-m/libg_nano.a(lib_a-sbrkr.o)
 .debug_info    0x0001771c       0xc7 /usr/lib/gcc/arm-none-eabi/5.4.1/../../../arm-none-eabi/lib/armv7e-m/libg_nano.a(lib_a-strcmp.o)
 .debug_info    0x000177e3      0x138 /usr/lib/gcc/arm-none-eabi/5.4.1/../../../arm-none-eabi/lib/armv7e-m/libg_nano.a(lib_a-memmove.o)
 .debug_info    0x0001791b      0x11e /usr/lib/gcc/arm-none-eabi/5.4.1/../../../arm-none-eabi/lib/armv7e-m/libg_nano.a(lib_a-memset.o)
 .debug_info    0x00017a39      0x882 /usr/lib/gcc/arm-none-eabi/5.4.1/../../../arm-none-eabi/lib/armv7e-m/libg_nano.a(lib_a-nano-reallocr.o)
 .debug_info    0x000182bb      0x7c0 /usr/lib/gcc/arm-none-eabi/5.4.1/../../../arm-none-eabi/lib/armv7e-m/libg_nano.a(lib_a-nano-msizer.o)
 .debug_info    0x00018a7b       0xbb /usr/lib/gcc/arm-none-eabi/5.4.1/armv7e-m/libgcc.a(_arm_fixdfsi.o)

.debug_abbrev   0x00000000     0x448b
 *(.debug_abbrev)
 .debug_abbrev  0x00000000      0x224 ./system/src/stm32f4-hal/stm32f4xx_hal.o
 .debug_abbrev  0x00000224      0x324 ./system/src/stm32f4-hal/stm32f4xx_hal_cortex.o
 .debug_abbrev  0x00000548      0x204 ./system/src/stm32f4-hal/stm32f4xx_hal_gpio.o
 .debug_abbrev  0x0000074c      0x205 ./system/src/stm32f4-hal/stm32f4xx_hal_i2c.o
 .debug_abbrev  0x00000951      0x2b8 ./system/src/stm32f4-hal/stm32f4xx_hal_rcc.o
 .debug_abbrev  0x00000c09      0x239 ./system/src/stm32f4-hal/stm32f4xx_hal_uart.o
 .debug_abbrev  0x00000e42       0x8e ./system/src/newlib/_exit.o
 .debug_abbrev  0x00000ed0       0xb9 ./system/src/newlib/_sbrk.o
 .debug_abbrev  0x00000f89      0x1d4 ./system/src/newlib/_startup.o
 .debug_abbrev  0x0000115d       0xec ./system/src/newlib/_syscalls.o
 .debug_abbrev  0x00001249       0xab ./system/src/newlib/assert.o
 .debug_abbrev  0x000012f4      0x145 ./system/src/diag/Trace.o
 .debug_abbrev  0x00001439      0x1c8 ./system/src/diag/trace_impl.o
 .debug_abbrev  0x00001601       0xea ./system/src/cortexm/_initialize_hardware.o
 .debug_abbrev  0x000016eb      0x247 ./system/src/cortexm/exception_handlers.o
 .debug_abbrev  0x00001932      0x104 ./system/src/cmsis/system_stm32f4xx.o
 .debug_abbrev  0x00001a36       0x9d ./system/src/cmsis/vectors_stm32f407xx.o
 .debug_abbrev  0x00001ad3       0xee ./src/madgwick/MadgwickAHRS.o
 .debug_abbrev  0x00001bc1      0x20b ./src/lsmd6s3/lsm6ds3.o
 .debug_abbrev  0x00001dcc      0x1cf ./src/Timer.o
 .debug_abbrev  0x00001f9b      0x14c ./src/_initialize_hardware.o
 .debug_abbrev  0x000020e7      0x27c ./src/main.o
 .debug_abbrev  0x00002363       0x6a ./src/stm32f4xx_hal_msp.o
 .debug_abbrev  0x000023cd       0x14 /usr/lib/gcc/arm-none-eabi/5.4.1/armv7e-m/libgcc.a(_arm_addsubdf3.o)
 .debug_abbrev  0x000023e1       0x14 /usr/lib/gcc/arm-none-eabi/5.4.1/armv7e-m/libgcc.a(_arm_muldivdf3.o)
 .debug_abbrev  0x000023f5       0x14 /usr/lib/gcc/arm-none-eabi/5.4.1/armv7e-m/libgcc.a(_arm_cmpdf2.o)
 .debug_abbrev  0x00002409       0x14 /usr/lib/gcc/arm-none-eabi/5.4.1/armv7e-m/libgcc.a(_arm_unorddf2.o)
 .debug_abbrev  0x0000241d       0x14 /usr/lib/gcc/arm-none-eabi/5.4.1/armv7e-m/libgcc.a(_arm_truncdfsf2.o)
 .debug_abbrev  0x00002431       0x14 /usr/lib/gcc/arm-none-eabi/5.4.1/armv7e-m/libgcc.a(_arm_addsubsf3.o)
 .debug_abbrev  0x00002445       0x14 /usr/lib/gcc/arm-none-eabi/5.4.1/armv7e-m/libgcc.a(_arm_muldivsf3.o)
 .debug_abbrev  0x00002459       0x14 /usr/lib/gcc/arm-none-eabi/5.4.1/armv7e-m/libgcc.a(_arm_cmpsf2.o)
 .debug_abbrev  0x0000246d      0x134 /usr/lib/gcc/arm-none-eabi/5.4.1/../../../arm-none-eabi/lib/armv7e-m/libg_nano.a(lib_a-errno.o)
 .debug_abbrev  0x000025a1      0x136 /usr/lib/gcc/arm-none-eabi/5.4.1/../../../arm-none-eabi/lib/armv7e-m/libg_nano.a(lib_a-impure.o)
 .debug_abbrev  0x000026d7      0x272 /usr/lib/gcc/arm-none-eabi/5.4.1/../../../arm-none-eabi/lib/armv7e-m/libg_nano.a(lib_a-nano-vfprintf_float.o)
 .debug_abbrev  0x00002949      0x1f5 /usr/lib/gcc/arm-none-eabi/5.4.1/../../../arm-none-eabi/lib/armv7e-m/libg_nano.a(lib_a-nano-vfprintf_i.o)
 .debug_abbrev  0x00002b3e       0x14 /usr/lib/gcc/arm-none-eabi/5.4.1/../../../arm-none-eabi/lib/armv7e-m/libg_nano.a(lib_a-strlen.o)
 .debug_abbrev  0x00002b52      0x1e6 /usr/lib/gcc/arm-none-eabi/5.4.1/../../../arm-none-eabi/lib/armv7e-m/libg_nano.a(lib_a-vsnprintf.o)
 .debug_abbrev  0x00002d38      0x257 /usr/lib/gcc/arm-none-eabi/5.4.1/../../../arm-none-eabi/lib/armv7e-m/libg_nano.a(lib_a-dtoa.o)
 .debug_abbrev  0x00002f8f      0x24d /usr/lib/gcc/arm-none-eabi/5.4.1/../../../arm-none-eabi/lib/armv7e-m/libg_nano.a(lib_a-locale.o)
 .debug_abbrev  0x000031dc      0x18a /usr/lib/gcc/arm-none-eabi/5.4.1/../../../arm-none-eabi/lib/armv7e-m/libg_nano.a(lib_a-malloc.o)
 .debug_abbrev  0x00003366       0x14 /usr/lib/gcc/arm-none-eabi/5.4.1/../../../arm-none-eabi/lib/armv7e-m/libg_nano.a(lib_a-memchr.o)
 .debug_abbrev  0x0000337a       0x14 /usr/lib/gcc/arm-none-eabi/5.4.1/../../../arm-none-eabi/lib/armv7e-m/libg_nano.a(lib_a-memcpy.o)
 .debug_abbrev  0x0000338e      0x32b /usr/lib/gcc/arm-none-eabi/5.4.1/../../../arm-none-eabi/lib/armv7e-m/libg_nano.a(lib_a-mprec.o)
 .debug_abbrev  0x000036b9      0x187 /usr/lib/gcc/arm-none-eabi/5.4.1/../../../arm-none-eabi/lib/armv7e-m/libg_nano.a(lib_a-nano-callocr.o)
 .debug_abbrev  0x00003840      0x1b8 /usr/lib/gcc/arm-none-eabi/5.4.1/../../../arm-none-eabi/lib/armv7e-m/libg_nano.a(lib_a-nano-freer.o)
 .debug_abbrev  0x000039f8      0x22e /usr/lib/gcc/arm-none-eabi/5.4.1/../../../arm-none-eabi/lib/armv7e-m/libg_nano.a(lib_a-nano-mallocr.o)
 .debug_abbrev  0x00003c26      0x250 /usr/lib/gcc/arm-none-eabi/5.4.1/../../../arm-none-eabi/lib/armv7e-m/libg_nano.a(lib_a-nano-svfprintf.o)
 .debug_abbrev  0x00003e76      0x1a0 /usr/lib/gcc/arm-none-eabi/5.4.1/../../../arm-none-eabi/lib/armv7e-m/libg_nano.a(lib_a-sbrkr.o)
 .debug_abbrev  0x00004016       0x14 /usr/lib/gcc/arm-none-eabi/5.4.1/../../../arm-none-eabi/lib/armv7e-m/libg_nano.a(lib_a-strcmp.o)
 .debug_abbrev  0x0000402a       0xab /usr/lib/gcc/arm-none-eabi/5.4.1/../../../arm-none-eabi/lib/armv7e-m/libg_nano.a(lib_a-memmove.o)
 .debug_abbrev  0x000040d5       0x9f /usr/lib/gcc/arm-none-eabi/5.4.1/../../../arm-none-eabi/lib/armv7e-m/libg_nano.a(lib_a-memset.o)
 .debug_abbrev  0x00004174      0x1a2 /usr/lib/gcc/arm-none-eabi/5.4.1/../../../arm-none-eabi/lib/armv7e-m/libg_nano.a(lib_a-nano-reallocr.o)
 .debug_abbrev  0x00004316      0x161 /usr/lib/gcc/arm-none-eabi/5.4.1/../../../arm-none-eabi/lib/armv7e-m/libg_nano.a(lib_a-nano-msizer.o)
 .debug_abbrev  0x00004477       0x14 /usr/lib/gcc/arm-none-eabi/5.4.1/armv7e-m/libgcc.a(_arm_fixdfsi.o)

.debug_line     0x00000000     0xfc8d
 *(.debug_line)
 .debug_line    0x00000000      0xabc ./system/src/stm32f4-hal/stm32f4xx_hal.o
 .debug_line    0x00000abc      0xb9f ./system/src/stm32f4-hal/stm32f4xx_hal_cortex.o
 .debug_line    0x0000165b      0xc50 ./system/src/stm32f4-hal/stm32f4xx_hal_gpio.o
 .debug_line    0x000022ab     0x1c94 ./system/src/stm32f4-hal/stm32f4xx_hal_i2c.o
 .debug_line    0x00003f3f      0xd6e ./system/src/stm32f4-hal/stm32f4xx_hal_rcc.o
 .debug_line    0x00004cad     0x11c3 ./system/src/stm32f4-hal/stm32f4xx_hal_uart.o
 .debug_line    0x00005e70      0x257 ./system/src/newlib/_exit.o
 .debug_line    0x000060c7      0x209 ./system/src/newlib/_sbrk.o
 .debug_line    0x000062d0      0x2d1 ./system/src/newlib/_startup.o
 .debug_line    0x000065a1      0x2c8 ./system/src/newlib/_syscalls.o
 .debug_line    0x00006869      0x292 ./system/src/newlib/assert.o
 .debug_line    0x00006afb      0x2b6 ./system/src/diag/Trace.o
 .debug_line    0x00006db1      0x9f7 ./system/src/diag/trace_impl.o
 .debug_line    0x000077a8      0x960 ./system/src/cortexm/_initialize_hardware.o
 .debug_line    0x00008108      0xa89 ./system/src/cortexm/exception_handlers.o
 .debug_line    0x00008b91      0x960 ./system/src/cmsis/system_stm32f4xx.o
 .debug_line    0x000094f1       0xd1 ./system/src/cmsis/vectors_stm32f407xx.o
 .debug_line    0x000095c2      0x267 ./src/madgwick/MadgwickAHRS.o
 .debug_line    0x00009829      0xb49 ./src/lsmd6s3/lsm6ds3.o
 .debug_line    0x0000a372      0x9b4 ./src/Timer.o
 .debug_line    0x0000ad26      0x959 ./src/_initialize_hardware.o
 .debug_line    0x0000b67f      0xa51 ./src/main.o
 .debug_line    0x0000c0d0      0x95a ./src/stm32f4xx_hal_msp.o
 .debug_line    0x0000ca2a      0x176 /usr/lib/gcc/arm-none-eabi/5.4.1/armv7e-m/libgcc.a(_arm_addsubdf3.o)
 .debug_line    0x0000cba0      0x19a /usr/lib/gcc/arm-none-eabi/5.4.1/armv7e-m/libgcc.a(_arm_muldivdf3.o)
 .debug_line    0x0000cd3a       0xb7 /usr/lib/gcc/arm-none-eabi/5.4.1/armv7e-m/libgcc.a(_arm_cmpdf2.o)
 .debug_line    0x0000cdf1       0x6c /usr/lib/gcc/arm-none-eabi/5.4.1/armv7e-m/libgcc.a(_arm_unorddf2.o)
 .debug_line    0x0000ce5d       0x8b /usr/lib/gcc/arm-none-eabi/5.4.1/armv7e-m/libgcc.a(_arm_truncdfsf2.o)
 .debug_line    0x0000cee8      0x117 /usr/lib/gcc/arm-none-eabi/5.4.1/armv7e-m/libgcc.a(_arm_addsubsf3.o)
 .debug_line    0x0000cfff      0x13a /usr/lib/gcc/arm-none-eabi/5.4.1/armv7e-m/libgcc.a(_arm_muldivsf3.o)
 .debug_line    0x0000d139       0xab /usr/lib/gcc/arm-none-eabi/5.4.1/armv7e-m/libgcc.a(_arm_cmpsf2.o)
 .debug_line    0x0000d1e4      0x101 /usr/lib/gcc/arm-none-eabi/5.4.1/../../../arm-none-eabi/lib/armv7e-m/libg_nano.a(lib_a-errno.o)
 .debug_line    0x0000d2e5       0xe6 /usr/lib/gcc/arm-none-eabi/5.4.1/../../../arm-none-eabi/lib/armv7e-m/libg_nano.a(lib_a-impure.o)
 .debug_line    0x0000d3cb      0x428 /usr/lib/gcc/arm-none-eabi/5.4.1/../../../arm-none-eabi/lib/armv7e-m/libg_nano.a(lib_a-nano-vfprintf_float.o)
 .debug_line    0x0000d7f3      0x31e /usr/lib/gcc/arm-none-eabi/5.4.1/../../../arm-none-eabi/lib/armv7e-m/libg_nano.a(lib_a-nano-vfprintf_i.o)
 .debug_line    0x0000db11       0xa9 /usr/lib/gcc/arm-none-eabi/5.4.1/../../../arm-none-eabi/lib/armv7e-m/libg_nano.a(lib_a-strlen.o)
 .debug_line    0x0000dbba      0x1b6 /usr/lib/gcc/arm-none-eabi/5.4.1/../../../arm-none-eabi/lib/armv7e-m/libg_nano.a(lib_a-vsnprintf.o)
 .debug_line    0x0000dd70      0x68f /usr/lib/gcc/arm-none-eabi/5.4.1/../../../arm-none-eabi/lib/armv7e-m/libg_nano.a(lib_a-dtoa.o)
 .debug_line    0x0000e3ff      0x187 /usr/lib/gcc/arm-none-eabi/5.4.1/../../../arm-none-eabi/lib/armv7e-m/libg_nano.a(lib_a-locale.o)
 .debug_line    0x0000e586      0x145 /usr/lib/gcc/arm-none-eabi/5.4.1/../../../arm-none-eabi/lib/armv7e-m/libg_nano.a(lib_a-malloc.o)
 .debug_line    0x0000e6cb       0x9e /usr/lib/gcc/arm-none-eabi/5.4.1/../../../arm-none-eabi/lib/armv7e-m/libg_nano.a(lib_a-memchr.o)
 .debug_line    0x0000e769       0xb8 /usr/lib/gcc/arm-none-eabi/5.4.1/../../../arm-none-eabi/lib/armv7e-m/libg_nano.a(lib_a-memcpy.o)
 .debug_line    0x0000e821      0x5a3 /usr/lib/gcc/arm-none-eabi/5.4.1/../../../arm-none-eabi/lib/armv7e-m/libg_nano.a(lib_a-mprec.o)
 .debug_line    0x0000edc4      0x152 /usr/lib/gcc/arm-none-eabi/5.4.1/../../../arm-none-eabi/lib/armv7e-m/libg_nano.a(lib_a-nano-callocr.o)
 .debug_line    0x0000ef16      0x14a /usr/lib/gcc/arm-none-eabi/5.4.1/../../../arm-none-eabi/lib/armv7e-m/libg_nano.a(lib_a-nano-freer.o)
 .debug_line    0x0000f060      0x194 /usr/lib/gcc/arm-none-eabi/5.4.1/../../../arm-none-eabi/lib/armv7e-m/libg_nano.a(lib_a-nano-mallocr.o)
 .debug_line    0x0000f1f4      0x324 /usr/lib/gcc/arm-none-eabi/5.4.1/../../../arm-none-eabi/lib/armv7e-m/libg_nano.a(lib_a-nano-svfprintf.o)
 .debug_line    0x0000f518      0x14b /usr/lib/gcc/arm-none-eabi/5.4.1/../../../arm-none-eabi/lib/armv7e-m/libg_nano.a(lib_a-sbrkr.o)
 .debug_line    0x0000f663      0x131 /usr/lib/gcc/arm-none-eabi/5.4.1/../../../arm-none-eabi/lib/armv7e-m/libg_nano.a(lib_a-strcmp.o)
 .debug_line    0x0000f794      0x114 /usr/lib/gcc/arm-none-eabi/5.4.1/../../../arm-none-eabi/lib/armv7e-m/libg_nano.a(lib_a-memmove.o)
 .debug_line    0x0000f8a8      0x10e /usr/lib/gcc/arm-none-eabi/5.4.1/../../../arm-none-eabi/lib/armv7e-m/libg_nano.a(lib_a-memset.o)
 .debug_line    0x0000f9b6      0x15e /usr/lib/gcc/arm-none-eabi/5.4.1/../../../arm-none-eabi/lib/armv7e-m/libg_nano.a(lib_a-nano-reallocr.o)
 .debug_line    0x0000fb14      0x102 /usr/lib/gcc/arm-none-eabi/5.4.1/../../../arm-none-eabi/lib/armv7e-m/libg_nano.a(lib_a-nano-msizer.o)
 .debug_line    0x0000fc16       0x77 /usr/lib/gcc/arm-none-eabi/5.4.1/armv7e-m/libgcc.a(_arm_fixdfsi.o)

.debug_frame    0x00000000     0x2104
 *(.debug_frame)
 .debug_frame   0x00000000      0x188 ./system/src/stm32f4-hal/stm32f4xx_hal.o
 .debug_frame   0x00000188      0x17c ./system/src/stm32f4-hal/stm32f4xx_hal_cortex.o
 .debug_frame   0x00000304       0xf8 ./system/src/stm32f4-hal/stm32f4xx_hal_gpio.o
 .debug_frame   0x000003fc      0x80c ./system/src/stm32f4-hal/stm32f4xx_hal_i2c.o
 .debug_frame   0x00000c08      0x158 ./system/src/stm32f4-hal/stm32f4xx_hal_rcc.o
 .debug_frame   0x00000d60      0x39c ./system/src/stm32f4-hal/stm32f4xx_hal_uart.o
 .debug_frame   0x000010fc       0x38 ./system/src/newlib/_exit.o
 .debug_frame   0x00001134       0x28 ./system/src/newlib/_sbrk.o
 .debug_frame   0x0000115c       0x7c ./system/src/newlib/_startup.o
 .debug_frame   0x000011d8       0x50 ./system/src/newlib/_syscalls.o
 .debug_frame   0x00001228       0x40 ./system/src/newlib/assert.o
 .debug_frame   0x00001268       0x94 ./system/src/diag/Trace.o
 .debug_frame   0x000012fc       0x60 ./system/src/diag/trace_impl.o
 .debug_frame   0x0000135c       0x40 ./system/src/cortexm/_initialize_hardware.o
 .debug_frame   0x0000139c      0x158 ./system/src/cortexm/exception_handlers.o
 .debug_frame   0x000014f4       0x30 ./system/src/cmsis/system_stm32f4xx.o
 .debug_frame   0x00001524       0x20 ./system/src/cmsis/vectors_stm32f407xx.o
 .debug_frame   0x00001544       0x88 ./src/madgwick/MadgwickAHRS.o
 .debug_frame   0x000015cc      0x1c8 ./src/lsmd6s3/lsm6ds3.o
 .debug_frame   0x00001794       0x58 ./src/Timer.o
 .debug_frame   0x000017ec       0x48 ./src/_initialize_hardware.o
 .debug_frame   0x00001834       0x90 ./src/main.o
 .debug_frame   0x000018c4       0x50 ./src/stm32f4xx_hal_msp.o
 .debug_frame   0x00001914       0x20 /usr/lib/gcc/arm-none-eabi/5.4.1/../../../arm-none-eabi/lib/armv7e-m/libg_nano.a(lib_a-errno.o)
 .debug_frame   0x00001934       0xac /usr/lib/gcc/arm-none-eabi/5.4.1/../../../arm-none-eabi/lib/armv7e-m/libg_nano.a(lib_a-nano-vfprintf_float.o)
 .debug_frame   0x000019e0       0x68 /usr/lib/gcc/arm-none-eabi/5.4.1/../../../arm-none-eabi/lib/armv7e-m/libg_nano.a(lib_a-nano-vfprintf_i.o)
 .debug_frame   0x00001a48       0x60 /usr/lib/gcc/arm-none-eabi/5.4.1/../../../arm-none-eabi/lib/armv7e-m/libg_nano.a(lib_a-vsnprintf.o)
 .debug_frame   0x00001aa8       0x88 /usr/lib/gcc/arm-none-eabi/5.4.1/../../../arm-none-eabi/lib/armv7e-m/libg_nano.a(lib_a-dtoa.o)
 .debug_frame   0x00001b30       0x9c /usr/lib/gcc/arm-none-eabi/5.4.1/../../../arm-none-eabi/lib/armv7e-m/libg_nano.a(lib_a-locale.o)
 .debug_frame   0x00001bcc       0x30 /usr/lib/gcc/arm-none-eabi/5.4.1/../../../arm-none-eabi/lib/armv7e-m/libg_nano.a(lib_a-malloc.o)
 .debug_frame   0x00001bfc      0x284 /usr/lib/gcc/arm-none-eabi/5.4.1/../../../arm-none-eabi/lib/armv7e-m/libg_nano.a(lib_a-mprec.o)
 .debug_frame   0x00001e80       0x2c /usr/lib/gcc/arm-none-eabi/5.4.1/../../../arm-none-eabi/lib/armv7e-m/libg_nano.a(lib_a-nano-callocr.o)
 .debug_frame   0x00001eac       0x40 /usr/lib/gcc/arm-none-eabi/5.4.1/../../../arm-none-eabi/lib/armv7e-m/libg_nano.a(lib_a-nano-freer.o)
 .debug_frame   0x00001eec       0x2c /usr/lib/gcc/arm-none-eabi/5.4.1/../../../arm-none-eabi/lib/armv7e-m/libg_nano.a(lib_a-nano-mallocr.o)
 .debug_frame   0x00001f18       0x9c /usr/lib/gcc/arm-none-eabi/5.4.1/../../../arm-none-eabi/lib/armv7e-m/libg_nano.a(lib_a-nano-svfprintf.o)
 .debug_frame   0x00001fb4       0x2c /usr/lib/gcc/arm-none-eabi/5.4.1/../../../arm-none-eabi/lib/armv7e-m/libg_nano.a(lib_a-sbrkr.o)
 .debug_frame   0x00001fe0       0x68 /usr/lib/gcc/arm-none-eabi/5.4.1/../../../arm-none-eabi/lib/armv7e-m/libg_nano.a(lib_a-strcmp.o)
 .debug_frame   0x00002048       0x30 /usr/lib/gcc/arm-none-eabi/5.4.1/../../../arm-none-eabi/lib/armv7e-m/libg_nano.a(lib_a-memmove.o)
 .debug_frame   0x00002078       0x34 /usr/lib/gcc/arm-none-eabi/5.4.1/../../../arm-none-eabi/lib/armv7e-m/libg_nano.a(lib_a-memset.o)
 .debug_frame   0x000020ac       0x38 /usr/lib/gcc/arm-none-eabi/5.4.1/../../../arm-none-eabi/lib/armv7e-m/libg_nano.a(lib_a-nano-reallocr.o)
 .debug_frame   0x000020e4       0x20 /usr/lib/gcc/arm-none-eabi/5.4.1/../../../arm-none-eabi/lib/armv7e-m/libg_nano.a(lib_a-nano-msizer.o)

.debug_str      0x00000000    0xaba08
 *(.debug_str)
 .debug_str     0x00000000    0xa315e ./system/src/stm32f4-hal/stm32f4xx_hal.o
                              0xa354b (size before relaxing)
 .debug_str     0x000a315e      0x374 ./system/src/stm32f4-hal/stm32f4xx_hal_cortex.o
                              0xa33b3 (size before relaxing)
 .debug_str     0x000a34d2      0x2d7 ./system/src/stm32f4-hal/stm32f4xx_hal_gpio.o
                              0xa2dc4 (size before relaxing)
 .debug_str     0x000a37a9      0xf29 ./system/src/stm32f4-hal/stm32f4xx_hal_i2c.o
                              0xa3977 (size before relaxing)
 .debug_str     0x000a46d2      0x37f ./system/src/stm32f4-hal/stm32f4xx_hal_rcc.o
                              0xa2f62 (size before relaxing)
 .debug_str     0x000a4a51      0x508 ./system/src/stm32f4-hal/stm32f4xx_hal_uart.o
                              0xa323e (size before relaxing)
 .debug_str     0x000a4f59     0x10b6 ./system/src/newlib/_exit.o
                               0x6e8c (size before relaxing)
 .debug_str     0x000a600f      0x4de ./system/src/newlib/_sbrk.o
                               0x6277 (size before relaxing)
 .debug_str     0x000a64ed      0x2c6 ./system/src/newlib/_startup.o
                               0x5e76 (size before relaxing)
 .debug_str     0x000a67b3      0xd69 ./system/src/newlib/_syscalls.o
                               0x7035 (size before relaxing)
 .debug_str     0x000a751c       0xd0 ./system/src/newlib/assert.o
                               0x7991 (size before relaxing)
 .debug_str     0x000a75ec      0x17b ./system/src/diag/Trace.o
                               0x766c (size before relaxing)
 .debug_str     0x000a7767      0x37b ./system/src/diag/trace_impl.o
                              0xa3c92 (size before relaxing)
 .debug_str     0x000a7ae2       0x5e ./system/src/cortexm/_initialize_hardware.o
                              0xa2a73 (size before relaxing)
 .debug_str     0x000a7b40      0x19d ./system/src/cortexm/exception_handlers.o
                              0xa3e0c (size before relaxing)
 .debug_str     0x000a7cdd       0x46 ./system/src/cmsis/system_stm32f4xx.o
                              0xa2b52 (size before relaxing)
 .debug_str     0x000a7d23       0x59 ./system/src/cmsis/vectors_stm32f407xx.o
                               0x302d (size before relaxing)
 .debug_str     0x000a7d7c      0x9a4 ./src/madgwick/MadgwickAHRS.o
                               0x5bfb (size before relaxing)
 .debug_str     0x000a8720     0x2010 ./src/lsmd6s3/lsm6ds3.o
                              0xa5e8b (size before relaxing)
 .debug_str     0x000aa730       0x76 ./src/Timer.o
                              0xa3072 (size before relaxing)
 .debug_str     0x000aa7a6       0x31 ./src/_initialize_hardware.o
                              0xa2c58 (size before relaxing)
 .debug_str     0x000aa7d7      0x272 ./src/main.o
                              0xa5351 (size before relaxing)
 .debug_str     0x000aaa49       0x3d ./src/stm32f4xx_hal_msp.o
                              0xa29b2 (size before relaxing)
 .debug_str     0x000aaa86      0x3db /usr/lib/gcc/arm-none-eabi/5.4.1/../../../arm-none-eabi/lib/armv7e-m/libg_nano.a(lib_a-errno.o)
                                0x4e6 (size before relaxing)
 .debug_str     0x000aae61       0xd7 /usr/lib/gcc/arm-none-eabi/5.4.1/../../../arm-none-eabi/lib/armv7e-m/libg_nano.a(lib_a-impure.o)
                                0x53d (size before relaxing)
 .debug_str     0x000aaf38      0x210 /usr/lib/gcc/arm-none-eabi/5.4.1/../../../arm-none-eabi/lib/armv7e-m/libg_nano.a(lib_a-nano-vfprintf_float.o)
                                0x693 (size before relaxing)
 .debug_str     0x000ab148       0x7c /usr/lib/gcc/arm-none-eabi/5.4.1/../../../arm-none-eabi/lib/armv7e-m/libg_nano.a(lib_a-nano-vfprintf_i.o)
                                0x602 (size before relaxing)
 .debug_str     0x000ab1c4       0x4a /usr/lib/gcc/arm-none-eabi/5.4.1/../../../arm-none-eabi/lib/armv7e-m/libg_nano.a(lib_a-vsnprintf.o)
                                0x53d (size before relaxing)
 .debug_str     0x000ab20e      0x1b2 /usr/lib/gcc/arm-none-eabi/5.4.1/../../../arm-none-eabi/lib/armv7e-m/libg_nano.a(lib_a-dtoa.o)
                                0x644 (size before relaxing)
 .debug_str     0x000ab3c0      0x262 /usr/lib/gcc/arm-none-eabi/5.4.1/../../../arm-none-eabi/lib/armv7e-m/libg_nano.a(lib_a-locale.o)
                                0x75b (size before relaxing)
 .debug_str     0x000ab622       0x4c /usr/lib/gcc/arm-none-eabi/5.4.1/../../../arm-none-eabi/lib/armv7e-m/libg_nano.a(lib_a-malloc.o)
                                0x512 (size before relaxing)
 .debug_str     0x000ab66e       0x98 /usr/lib/gcc/arm-none-eabi/5.4.1/../../../arm-none-eabi/lib/armv7e-m/libg_nano.a(lib_a-mprec.o)
                                0x5fe (size before relaxing)
 .debug_str     0x000ab706       0x58 /usr/lib/gcc/arm-none-eabi/5.4.1/../../../arm-none-eabi/lib/armv7e-m/libg_nano.a(lib_a-nano-callocr.o)
                                0x51a (size before relaxing)
 .debug_str     0x000ab75e       0x44 /usr/lib/gcc/arm-none-eabi/5.4.1/../../../arm-none-eabi/lib/armv7e-m/libg_nano.a(lib_a-nano-freer.o)
                                0x556 (size before relaxing)
 .debug_str     0x000ab7a2       0x46 /usr/lib/gcc/arm-none-eabi/5.4.1/../../../arm-none-eabi/lib/armv7e-m/libg_nano.a(lib_a-nano-mallocr.o)
                                0x581 (size before relaxing)
 .debug_str     0x000ab7e8       0xc7 /usr/lib/gcc/arm-none-eabi/5.4.1/../../../arm-none-eabi/lib/armv7e-m/libg_nano.a(lib_a-nano-svfprintf.o)
                                0x663 (size before relaxing)
 .debug_str     0x000ab8af       0x2c /usr/lib/gcc/arm-none-eabi/5.4.1/../../../arm-none-eabi/lib/armv7e-m/libg_nano.a(lib_a-sbrkr.o)
                                0x4f5 (size before relaxing)
 .debug_str     0x000ab8db       0xb9 /usr/lib/gcc/arm-none-eabi/5.4.1/../../../arm-none-eabi/lib/armv7e-m/libg_nano.a(lib_a-memmove.o)
                                0x1c8 (size before relaxing)
 .debug_str     0x000ab994       0x42 /usr/lib/gcc/arm-none-eabi/5.4.1/../../../arm-none-eabi/lib/armv7e-m/libg_nano.a(lib_a-memset.o)
                                0x1a9 (size before relaxing)
 .debug_str     0x000ab9d6       0x23 /usr/lib/gcc/arm-none-eabi/5.4.1/../../../arm-none-eabi/lib/armv7e-m/libg_nano.a(lib_a-nano-reallocr.o)
                                0x55e (size before relaxing)
 .debug_str     0x000ab9f9        0xf /usr/lib/gcc/arm-none-eabi/5.4.1/../../../arm-none-eabi/lib/armv7e-m/libg_nano.a(lib_a-nano-msizer.o)
                                0x53c (size before relaxing)

.debug_loc      0x00000000     0xde50
 *(.debug_loc)
 .debug_loc     0x00000000       0x92 ./system/src/stm32f4-hal/stm32f4xx_hal.o
 .debug_loc     0x00000092      0x580 ./system/src/stm32f4-hal/stm32f4xx_hal_cortex.o
 .debug_loc     0x00000612      0x4b0 ./system/src/stm32f4-hal/stm32f4xx_hal_gpio.o
 .debug_loc     0x00000ac2     0x2d49 ./system/src/stm32f4-hal/stm32f4xx_hal_i2c.o
 .debug_loc     0x0000380b      0x57a ./system/src/stm32f4-hal/stm32f4xx_hal_rcc.o
 .debug_loc     0x00003d85      0xf81 ./system/src/stm32f4-hal/stm32f4xx_hal_uart.o
 .debug_loc     0x00004d06       0x82 ./system/src/newlib/_sbrk.o
 .debug_loc     0x00004d88      0x36e ./system/src/newlib/_startup.o
 .debug_loc     0x000050f6       0x63 ./system/src/newlib/_syscalls.o
 .debug_loc     0x00005159      0x110 ./system/src/newlib/assert.o
 .debug_loc     0x00005269      0x102 ./system/src/diag/Trace.o
 .debug_loc     0x0000536b      0x17c ./system/src/diag/trace_impl.o
 .debug_loc     0x000054e7      0x2a8 ./system/src/cortexm/exception_handlers.o
 .debug_loc     0x0000578f      0x132 ./system/src/cmsis/system_stm32f4xx.o
 .debug_loc     0x000058c1      0xca6 ./src/madgwick/MadgwickAHRS.o
 .debug_loc     0x00006567      0x8b0 ./src/lsmd6s3/lsm6ds3.o
 .debug_loc     0x00006e17       0x59 ./src/Timer.o
 .debug_loc     0x00006e70       0xc9 ./src/main.o
 .debug_loc     0x00006f39      0x891 /usr/lib/gcc/arm-none-eabi/5.4.1/../../../arm-none-eabi/lib/armv7e-m/libg_nano.a(lib_a-nano-vfprintf_float.o)
 .debug_loc     0x000077ca      0x69d /usr/lib/gcc/arm-none-eabi/5.4.1/../../../arm-none-eabi/lib/armv7e-m/libg_nano.a(lib_a-nano-vfprintf_i.o)
 .debug_loc     0x00007e67      0x21f /usr/lib/gcc/arm-none-eabi/5.4.1/../../../arm-none-eabi/lib/armv7e-m/libg_nano.a(lib_a-vsnprintf.o)
 .debug_loc     0x00008086     0x2aae /usr/lib/gcc/arm-none-eabi/5.4.1/../../../arm-none-eabi/lib/armv7e-m/libg_nano.a(lib_a-dtoa.o)
 .debug_loc     0x0000ab34      0x147 /usr/lib/gcc/arm-none-eabi/5.4.1/../../../arm-none-eabi/lib/armv7e-m/libg_nano.a(lib_a-locale.o)
 .debug_loc     0x0000ac7b       0x58 /usr/lib/gcc/arm-none-eabi/5.4.1/../../../arm-none-eabi/lib/armv7e-m/libg_nano.a(lib_a-malloc.o)
 .debug_loc     0x0000acd3     0x1f4c /usr/lib/gcc/arm-none-eabi/5.4.1/../../../arm-none-eabi/lib/armv7e-m/libg_nano.a(lib_a-mprec.o)
 .debug_loc     0x0000cc1f       0x81 /usr/lib/gcc/arm-none-eabi/5.4.1/../../../arm-none-eabi/lib/armv7e-m/libg_nano.a(lib_a-nano-callocr.o)
 .debug_loc     0x0000cca0      0x135 /usr/lib/gcc/arm-none-eabi/5.4.1/../../../arm-none-eabi/lib/armv7e-m/libg_nano.a(lib_a-nano-freer.o)
 .debug_loc     0x0000cdd5      0x389 /usr/lib/gcc/arm-none-eabi/5.4.1/../../../arm-none-eabi/lib/armv7e-m/libg_nano.a(lib_a-nano-mallocr.o)
 .debug_loc     0x0000d15e      0x692 /usr/lib/gcc/arm-none-eabi/5.4.1/../../../arm-none-eabi/lib/armv7e-m/libg_nano.a(lib_a-nano-svfprintf.o)
 .debug_loc     0x0000d7f0       0x4d /usr/lib/gcc/arm-none-eabi/5.4.1/../../../arm-none-eabi/lib/armv7e-m/libg_nano.a(lib_a-sbrkr.o)
 .debug_loc     0x0000d83d      0x292 /usr/lib/gcc/arm-none-eabi/5.4.1/../../../arm-none-eabi/lib/armv7e-m/libg_nano.a(lib_a-memmove.o)
 .debug_loc     0x0000dacf      0x1ae /usr/lib/gcc/arm-none-eabi/5.4.1/../../../arm-none-eabi/lib/armv7e-m/libg_nano.a(lib_a-memset.o)
 .debug_loc     0x0000dc7d      0x11e /usr/lib/gcc/arm-none-eabi/5.4.1/../../../arm-none-eabi/lib/armv7e-m/libg_nano.a(lib_a-nano-reallocr.o)
 .debug_loc     0x0000dd9b       0xb5 /usr/lib/gcc/arm-none-eabi/5.4.1/../../../arm-none-eabi/lib/armv7e-m/libg_nano.a(lib_a-nano-msizer.o)

.debug_macinfo
 *(.debug_macinfo)

.debug_weaknames
 *(.debug_weaknames)

.debug_funcnames
 *(.debug_funcnames)

.debug_typenames
 *(.debug_typenames)

.debug_varnames
 *(.debug_varnames)
OUTPUT(Madgwick.elf elf32-littlearm)

.debug_ranges   0x00000000      0xb30
 .debug_ranges  0x00000000       0xb0 ./system/src/stm32f4-hal/stm32f4xx_hal.o
 .debug_ranges  0x000000b0       0x88 ./system/src/stm32f4-hal/stm32f4xx_hal_cortex.o
 .debug_ranges  0x00000138       0x48 ./system/src/stm32f4-hal/stm32f4xx_hal_gpio.o
 .debug_ranges  0x00000180      0x250 ./system/src/stm32f4-hal/stm32f4xx_hal_i2c.o
 .debug_ranges  0x000003d0       0x78 ./system/src/stm32f4-hal/stm32f4xx_hal_rcc.o
 .debug_ranges  0x00000448      0x140 ./system/src/stm32f4-hal/stm32f4xx_hal_uart.o
 .debug_ranges  0x00000588       0x18 ./system/src/newlib/_exit.o
 .debug_ranges  0x000005a0       0x10 ./system/src/newlib/_sbrk.o
 .debug_ranges  0x000005b0       0x30 ./system/src/newlib/_startup.o
 .debug_ranges  0x000005e0       0x20 ./system/src/newlib/_syscalls.o
 .debug_ranges  0x00000600       0x18 ./system/src/newlib/assert.o
 .debug_ranges  0x00000618       0x28 ./system/src/diag/Trace.o
 .debug_ranges  0x00000640       0x38 ./system/src/diag/trace_impl.o
 .debug_ranges  0x00000678       0x18 ./system/src/cortexm/_initialize_hardware.o
 .debug_ranges  0x00000690       0x98 ./system/src/cortexm/exception_handlers.o
 .debug_ranges  0x00000728       0x18 ./system/src/cmsis/system_stm32f4xx.o
 .debug_ranges  0x00000740       0x10 ./system/src/cmsis/vectors_stm32f407xx.o
 .debug_ranges  0x00000750       0x20 ./src/madgwick/MadgwickAHRS.o
 .debug_ranges  0x00000770       0x88 ./src/lsmd6s3/lsm6ds3.o
 .debug_ranges  0x000007f8       0x28 ./src/Timer.o
 .debug_ranges  0x00000820       0x18 ./src/_initialize_hardware.o
 .debug_ranges  0x00000838       0x28 ./src/main.o
 .debug_ranges  0x00000860       0x28 ./src/stm32f4xx_hal_msp.o
 .debug_ranges  0x00000888       0x40 /usr/lib/gcc/arm-none-eabi/5.4.1/../../../arm-none-eabi/lib/armv7e-m/libg_nano.a(lib_a-nano-vfprintf_float.o)
 .debug_ranges  0x000008c8       0xb0 /usr/lib/gcc/arm-none-eabi/5.4.1/../../../arm-none-eabi/lib/armv7e-m/libg_nano.a(lib_a-nano-vfprintf_i.o)
 .debug_ranges  0x00000978       0x20 /usr/lib/gcc/arm-none-eabi/5.4.1/../../../arm-none-eabi/lib/armv7e-m/libg_nano.a(lib_a-dtoa.o)
 .debug_ranges  0x00000998       0x20 /usr/lib/gcc/arm-none-eabi/5.4.1/../../../arm-none-eabi/lib/armv7e-m/libg_nano.a(lib_a-locale.o)
 .debug_ranges  0x000009b8      0x100 /usr/lib/gcc/arm-none-eabi/5.4.1/../../../arm-none-eabi/lib/armv7e-m/libg_nano.a(lib_a-mprec.o)
 .debug_ranges  0x00000ab8       0x40 /usr/lib/gcc/arm-none-eabi/5.4.1/../../../arm-none-eabi/lib/armv7e-m/libg_nano.a(lib_a-nano-mallocr.o)
 .debug_ranges  0x00000af8       0x38 /usr/lib/gcc/arm-none-eabi/5.4.1/../../../arm-none-eabi/lib/armv7e-m/libg_nano.a(lib_a-nano-svfprintf.o)

.debug_macro    0x00000000    0x1d0e7
 .debug_macro   0x00000000      0x530 ./system/src/stm32f4-hal/stm32f4xx_hal.o
 .debug_macro   0x00000530      0x898 ./system/src/stm32f4-hal/stm32f4xx_hal.o
 .debug_macro   0x00000dc8      0x283 ./system/src/stm32f4-hal/stm32f4xx_hal.o
 .debug_macro   0x0000104b       0x2e ./system/src/stm32f4-hal/stm32f4xx_hal.o
 .debug_macro   0x00001079       0x28 ./system/src/stm32f4-hal/stm32f4xx_hal.o
 .debug_macro   0x000010a1      0x34e ./system/src/stm32f4-hal/stm32f4xx_hal.o
 .debug_macro   0x000013ef       0x35 ./system/src/stm32f4-hal/stm32f4xx_hal.o
 .debug_macro   0x00001424       0x50 ./system/src/stm32f4-hal/stm32f4xx_hal.o
 .debug_macro   0x00001474      0xe66 ./system/src/stm32f4-hal/stm32f4xx_hal.o
 .debug_macro   0x000022da     0x929b ./system/src/stm32f4-hal/stm32f4xx_hal.o
 .debug_macro   0x0000b575       0x43 ./system/src/stm32f4-hal/stm32f4xx_hal.o
 .debug_macro   0x0000b5b8     0x33a6 ./system/src/stm32f4-hal/stm32f4xx_hal.o
 .debug_macro   0x0000e95e       0x22 ./system/src/stm32f4-hal/stm32f4xx_hal.o