Archive member included to satisfy reference by file (symbol)

/usr/lib/gcc/arm-none-eabi/4.8/armv7e-m/libgcc.a(_arm_addsubsf3.o)
                              ./src/lsmd6s3/lsm6ds3.o (__aeabi_i2f)
/usr/lib/gcc/arm-none-eabi/4.8/armv7e-m/libgcc.a(_arm_muldivsf3.o)
                              ./src/lsmd6s3/lsm6ds3.o (__aeabi_fmul)
/usr/lib/gcc/arm-none-eabi/4.8/armv7e-m/libgcc.a(_arm_fixsfsi.o)
                              ./src/main.o (__aeabi_f2iz)
/usr/lib/gcc/arm-none-eabi/4.8/../../../arm-none-eabi/lib/armv7e-m/libg_nano.a(lib_a-errno.o)
                              ./system/src/newlib/_sbrk.o (__errno)
/usr/lib/gcc/arm-none-eabi/4.8/../../../arm-none-eabi/lib/armv7e-m/libg_nano.a(lib_a-impure.o)
                              /usr/lib/gcc/arm-none-eabi/4.8/../../../arm-none-eabi/lib/armv7e-m/libg_nano.a(lib_a-errno.o) (_impure_ptr)
/usr/lib/gcc/arm-none-eabi/4.8/../../../arm-none-eabi/lib/armv7e-m/libg_nano.a(lib_a-strlen.o)
                              ./system/src/diag/Trace.o (strlen)
/usr/lib/gcc/arm-none-eabi/4.8/../../../arm-none-eabi/lib/armv7e-m/libg_nano.a(lib_a-vsnprintf.o)
                              ./system/src/diag/Trace.o (vsnprintf)
/usr/lib/gcc/arm-none-eabi/4.8/../../../arm-none-eabi/lib/armv7e-m/libg_nano.a(lib_a-nano-svfprintf.o)
                              /usr/lib/gcc/arm-none-eabi/4.8/../../../arm-none-eabi/lib/armv7e-m/libg_nano.a(lib_a-vsnprintf.o) (_svfprintf_r)
/usr/lib/gcc/arm-none-eabi/4.8/../../../arm-none-eabi/lib/armv7e-m/libg_nano.a(lib_a-nano-vfprintf_i.o)
                              /usr/lib/gcc/arm-none-eabi/4.8/../../../arm-none-eabi/lib/armv7e-m/libg_nano.a(lib_a-nano-svfprintf.o) (_printf_i)
/usr/lib/gcc/arm-none-eabi/4.8/../../../arm-none-eabi/lib/armv7e-m/libg_nano.a(lib_a-memchr-stub.o)
                              /usr/lib/gcc/arm-none-eabi/4.8/../../../arm-none-eabi/lib/armv7e-m/libg_nano.a(lib_a-nano-svfprintf.o) (memchr)
/usr/lib/gcc/arm-none-eabi/4.8/../../../arm-none-eabi/lib/armv7e-m/libg_nano.a(lib_a-memcpy-stub.o)
                              /usr/lib/gcc/arm-none-eabi/4.8/../../../arm-none-eabi/lib/armv7e-m/libg_nano.a(lib_a-nano-svfprintf.o) (memcpy)
/usr/lib/gcc/arm-none-eabi/4.8/../../../arm-none-eabi/lib/armv7e-m/libg_nano.a(lib_a-memmove.o)
                              /usr/lib/gcc/arm-none-eabi/4.8/../../../arm-none-eabi/lib/armv7e-m/libg_nano.a(lib_a-nano-svfprintf.o) (memmove)
/usr/lib/gcc/arm-none-eabi/4.8/../../../arm-none-eabi/lib/armv7e-m/libg_nano.a(lib_a-nano-freer.o)
                              /usr/lib/gcc/arm-none-eabi/4.8/../../../arm-none-eabi/lib/armv7e-m/libg_nano.a(lib_a-nano-svfprintf.o) (_free_r)
/usr/lib/gcc/arm-none-eabi/4.8/../../../arm-none-eabi/lib/armv7e-m/libg_nano.a(lib_a-nano-mallocr.o)
                              /usr/lib/gcc/arm-none-eabi/4.8/../../../arm-none-eabi/lib/armv7e-m/libg_nano.a(lib_a-nano-svfprintf.o) (_malloc_r)
/usr/lib/gcc/arm-none-eabi/4.8/../../../arm-none-eabi/lib/armv7e-m/libg_nano.a(lib_a-nano-reallocr.o)
                              /usr/lib/gcc/arm-none-eabi/4.8/../../../arm-none-eabi/lib/armv7e-m/libg_nano.a(lib_a-nano-svfprintf.o) (_realloc_r)
/usr/lib/gcc/arm-none-eabi/4.8/../../../arm-none-eabi/lib/armv7e-m/libg_nano.a(lib_a-sbrkr.o)
                              /usr/lib/gcc/arm-none-eabi/4.8/../../../arm-none-eabi/lib/armv7e-m/libg_nano.a(lib_a-nano-mallocr.o) (_sbrk_r)
/usr/lib/gcc/arm-none-eabi/4.8/../../../arm-none-eabi/lib/armv7e-m/libg_nano.a(lib_a-nano-msizer.o)
                              /usr/lib/gcc/arm-none-eabi/4.8/../../../arm-none-eabi/lib/armv7e-m/libg_nano.a(lib_a-nano-reallocr.o) (_malloc_usable_size_r)

Allocating common symbols
Common symbol       size              file

timer_delayCount    0x4               ./src/Timer.o
errno               0x4               ./system/src/newlib/_syscalls.o
uwTick              0x4               ./system/src/stm32f4-hal/stm32f4xx_hal.o
pFlash              0x20              ./system/src/stm32f4-hal/stm32f4xx_hal_flash.o

Discarded input sections

 .group         0x00000000        0x8 ./system/src/stm32f4-hal/stm32f4xx_hal.o
 .group         0x00000000        0x8 ./system/src/stm32f4-hal/stm32f4xx_hal.o
 .group         0x00000000        0x8 ./system/src/stm32f4-hal/stm32f4xx_hal.o
 .group         0x00000000        0x8 ./system/src/stm32f4-hal/stm32f4xx_hal.o
 .group         0x00000000        0x8 ./system/src/stm32f4-hal/stm32f4xx_hal.o
 .group         0x00000000        0x8 ./system/src/stm32f4-hal/stm32f4xx_hal.o
 .group         0x00000000        0x8 ./system/src/stm32f4-hal/stm32f4xx_hal.o
 .group         0x00000000        0x8 ./system/src/stm32f4-hal/stm32f4xx_hal.o
 .group         0x00000000        0x8 ./system/src/stm32f4-hal/stm32f4xx_hal.o
 .group         0x00000000        0x8 ./system/src/stm32f4-hal/stm32f4xx_hal.o
 .group         0x00000000        0x8 ./system/src/stm32f4-hal/stm32f4xx_hal.o
 .group         0x00000000        0x8 ./system/src/stm32f4-hal/stm32f4xx_hal.o
[...]
Memory Configuration

Name             Origin             Length             Attributes
RAM              0x20000000         0x00020000         xrw
CCMRAM           0x10000000         0x00010000         xrw
FLASH            0x08000000         0x00080000         xr
FLASHB1          0x00000000         0x00000000         xr
EXTMEMB0         0x00000000         0x00000000         xr
EXTMEMB1         0x00000000         0x00000000         xr
EXTMEMB2         0x00000000         0x00000000         xr
EXTMEMB3         0x00000000         0x00000000         xr
MEMORY_ARRAY     0x20002000         0x00000020         xrw
*default*        0x00000000         0xffffffff

Linker script and memory map

LOAD ./system/src/stm32f4-hal/stm32f4xx_hal.o
LOAD ./system/src/stm32f4-hal/stm32f4xx_hal_cortex.o
LOAD ./system/src/stm32f4-hal/stm32f4xx_hal_flash.o
LOAD ./system/src/stm32f4-hal/stm32f4xx_hal_gpio.o
LOAD ./system/src/stm32f4-hal/stm32f4xx_hal_i2c.o
LOAD ./system/src/stm32f4-hal/stm32f4xx_hal_i2c_ex.o
LOAD ./system/src/stm32f4-hal/stm32f4xx_hal_iwdg.o
LOAD ./system/src/stm32f4-hal/stm32f4xx_hal_pwr.o
LOAD ./system/src/stm32f4-hal/stm32f4xx_hal_rcc.o
LOAD ./system/src/newlib/_cxx.o
LOAD ./system/src/newlib/_exit.o
LOAD ./system/src/newlib/_sbrk.o
LOAD ./system/src/newlib/_startup.o
LOAD ./system/src/newlib/_syscalls.o
LOAD ./system/src/newlib/assert.o
LOAD ./system/src/diag/Trace.o
LOAD ./system/src/diag/trace_impl.o
LOAD ./system/src/cortexm/_initialize_hardware.o
LOAD ./system/src/cortexm/_reset_hardware.o
LOAD ./system/src/cortexm/exception_handlers.o
LOAD ./system/src/cmsis/system_stm32f4xx.o
LOAD ./system/src/cmsis/vectors_stm32f407xx.o
LOAD ./src/lsmd6s3/lsm6ds3.o
LOAD ./src/Timer.o
LOAD ./src/_initialize_hardware.o
LOAD ./src/_write.o
LOAD ./src/main.o
LOAD ./src/stm32f4xx_hal_msp.o
LOAD /usr/lib/gcc/arm-none-eabi/4.8/../../../arm-none-eabi/lib/armv7e-m/libstdc++_nano.a
LOAD /usr/lib/gcc/arm-none-eabi/4.8/../../../arm-none-eabi/lib/armv7e-m/libm.a
START GROUP
LOAD /usr/lib/gcc/arm-none-eabi/4.8/armv7e-m/libgcc.a
LOAD /usr/lib/gcc/arm-none-eabi/4.8/../../../arm-none-eabi/lib/armv7e-m/libg_nano.a
LOAD /usr/lib/gcc/arm-none-eabi/4.8/../../../arm-none-eabi/lib/armv7e-m/libc_nano.a
END GROUP
START GROUP
LOAD /usr/lib/gcc/arm-none-eabi/4.8/armv7e-m/libgcc.a
LOAD /usr/lib/gcc/arm-none-eabi/4.8/../../../arm-none-eabi/lib/armv7e-m/libc_nano.a
END GROUP
                0x20020000                __stack = (ORIGIN (RAM) + 0x20000)
                0x20020000                _estack = __stack
                0x00000400                __Main_Stack_Size = 0x400
                0x00000400                PROVIDE (_Main_Stack_Size, __Main_Stack_Size)
                0x2001fc00                __Main_Stack_Limit = (__stack - __Main_Stack_Size)
                0x2001fc00                PROVIDE (_Main_Stack_Limit, __Main_Stack_Limit)
                0x00000100                _Minimum_Stack_Size = 0x100
                0x2000011c                PROVIDE (_Heap_Begin, _end_noinit)
                0x2001fc00                PROVIDE (_Heap_Limit, (__stack - __Main_Stack_Size))

.isr_vector     0x08000000      0x3e8
 FILL mask 0xff
                0x08000000                __vectors_start = ABSOLUTE (.)
                0x08000000                __vectors_start__ = ABSOLUTE (.)
 *(.isr_vector)
 .isr_vector    0x08000000      0x188 ./system/src/cmsis/vectors_stm32f407xx.o
                0x08000000                __isr_vectors
 *(.cfmconfig)
 *(.after_vectors .after_vectors.*)
 .after_vectors
                0x08000188      0x130 ./system/src/newlib/_startup.o
                0x08000188                _start
 .after_vectors
                0x080002b8      0x12c ./system/src/cortexm/exception_handlers.o
                0x080002b8                Reset_Handler
                0x080002c0                NMI_Handler
                0x080002c4                HardFault_Handler
                0x080002d8                HardFault_Handler_C
                0x08000334                MemManage_Handler
                0x08000338                BusFault_Handler
                0x0800034c                BusFault_Handler_C
                0x08000380                UsageFault_Handler
                0x08000394                UsageFault_Handler_C
                0x080003c8                SVC_Handler
                0x080003cc                DebugMon_Handler
                0x080003d0                PendSV_Handler
 .after_vectors
                0x080003e4        0x4 ./system/src/cmsis/vectors_stm32f407xx.o
                0x080003e4                RTC_Alarm_IRQHandler
                0x080003e4                HASH_RNG_IRQHandler
                0x080003e4                EXTI2_IRQHandler
                0x080003e4                TIM8_CC_IRQHandler
                0x080003e4                TIM1_CC_IRQHandler
                0x080003e4                DMA2_Stream5_IRQHandler
                0x080003e4                DMA1_Stream5_IRQHandler
                0x080003e4                PVD_IRQHandler
                0x080003e4                SDIO_IRQHandler
                0x080003e4                TAMP_STAMP_IRQHandler
                0x080003e4                CAN2_RX1_IRQHandler
                0x080003e4                EXTI3_IRQHandler
                0x080003e4                TIM8_TRG_COM_TIM14_IRQHandler
                0x080003e4                TIM1_UP_TIM10_IRQHandler
                0x080003e4                TIM8_UP_TIM13_IRQHandler
                0x080003e4                I2C3_ER_IRQHandler
                0x080003e4                EXTI0_IRQHandler
                0x080003e4                I2C2_EV_IRQHandler
                0x080003e4                DMA1_Stream2_IRQHandler
                0x080003e4                CAN1_RX0_IRQHandler
                0x080003e4                FPU_IRQHandler
                0x080003e4                OTG_HS_WKUP_IRQHandler
                0x080003e4                CAN2_SCE_IRQHandler
                0x080003e4                DMA2_Stream2_IRQHandler
                0x080003e4                SPI1_IRQHandler
                0x080003e4                TIM6_DAC_IRQHandler
                0x080003e4                TIM1_BRK_TIM9_IRQHandler
                0x080003e4                DCMI_IRQHandler
                0x080003e4                CAN2_RX0_IRQHandler
                0x080003e4                DMA2_Stream3_IRQHandler
                0x080003e4                USART6_IRQHandler
                0x080003e4                USART3_IRQHandler
                0x080003e4                CAN1_RX1_IRQHandler
                0x080003e4                UART5_IRQHandler
                0x080003e4                DMA2_Stream0_IRQHandler
                0x080003e4                TIM4_IRQHandler
                0x080003e4                I2C1_EV_IRQHandler
                0x080003e4                DMA1_Stream6_IRQHandler
                0x080003e4                DMA1_Stream1_IRQHandler
                0x080003e4                UART4_IRQHandler
                0x080003e4                TIM3_IRQHandler
                0x080003e4                RCC_IRQHandler
                0x080003e4                TIM8_BRK_TIM12_IRQHandler
                0x080003e4                Default_Handler
                0x080003e4                EXTI15_10_IRQHandler
                0x080003e4                ADC_IRQHandler
                0x080003e4                DMA1_Stream7_IRQHandler
                0x080003e4                TIM7_IRQHandler
                0x080003e4                CAN2_TX_IRQHandler
                0x080003e4                TIM5_IRQHandler
                0x080003e4                DMA2_Stream7_IRQHandler
                0x080003e4                I2C3_EV_IRQHandler
                0x080003e4                EXTI9_5_IRQHandler
                0x080003e4                RTC_WKUP_IRQHandler
                0x080003e4                ETH_WKUP_IRQHandler
                0x080003e4                SPI2_IRQHandler
                0x080003e4                OTG_HS_EP1_IN_IRQHandler
                0x080003e4                DMA1_Stream0_IRQHandler
                0x080003e4                CAN1_TX_IRQHandler
                0x080003e4                EXTI4_IRQHandler
                0x080003e4                ETH_IRQHandler
                0x080003e4                OTG_HS_EP1_OUT_IRQHandler
                0x080003e4                WWDG_IRQHandler
                0x080003e4                TIM2_IRQHandler
                0x080003e4                OTG_FS_WKUP_IRQHandler
                0x080003e4                TIM1_TRG_COM_TIM11_IRQHandler
                0x080003e4                OTG_HS_IRQHandler
                0x080003e4                EXTI1_IRQHandler
                0x080003e4                USART2_IRQHandler
                0x080003e4                I2C2_ER_IRQHandler
                0x080003e4                DMA2_Stream1_IRQHandler
                0x080003e4                CAN1_SCE_IRQHandler
                0x080003e4                FLASH_IRQHandler
                0x080003e4                DMA2_Stream4_IRQHandler
                0x080003e4                USART1_IRQHandler
                0x080003e4                OTG_FS_IRQHandler
                0x080003e4                SPI3_IRQHandler
                0x080003e4                DMA1_Stream4_IRQHandler
                0x080003e4                I2C1_ER_IRQHandler
                0x080003e4                FMC_IRQHandler
                0x080003e4                DMA2_Stream6_IRQHandler
                0x080003e4                DMA1_Stream3_IRQHandler

.inits          0x080003e8       0x28
                0x080003e8                __data_regions_array_start = .
                0x080003e8        0x4 LONG 0x80033ec LOADADDR (.data)
                0x080003ec        0x4 LONG 0x20000000 ADDR (.data)
                0x080003f0        0x4 LONG 0x20000078 (ADDR (.data) + SIZEOF (.data))
                0x080003f4        0x4 LONG 0x80033ec LOADADDR (.data_CCMRAM)
                0x080003f8        0x4 LONG 0x10000000 ADDR (.data_CCMRAM)
                0x080003fc        0x4 LONG 0x10000000 (ADDR (.data_CCMRAM) + SIZEOF (.data_CCMRAM))
                0x08000400                __data_regions_array_end = .
                0x08000400                __bss_regions_array_start = .
                0x08000400        0x4 LONG 0x20000078 ADDR (.bss)
                0x08000404        0x4 LONG 0x2000011c (ADDR (.bss) + SIZEOF (.bss))
                0x08000408        0x4 LONG 0x10000000 ADDR (.bss_CCMRAM)
                0x0800040c        0x4 LONG 0x10000000 (ADDR (.bss_CCMRAM) + SIZEOF (.bss_CCMRAM))
                0x08000410                __bss_regions_array_end = .
 *(.init)
 *(.fini)
                0x08000410                . = ALIGN (0x4)
                0x08000410                PROVIDE (__preinit_array_start, .)
 *(.preinit_array_sysinit .preinit_array_sysinit.*)
 *(.preinit_array_platform .preinit_array_platform.*)
 *(.preinit_array .preinit_array.*)
                0x08000410                PROVIDE (__preinit_array_end, .)
                0x08000410                . = ALIGN (0x4)
                0x08000410                PROVIDE (__init_array_start, .)
 *(SORT(.init_array.*))
 *(.init_array)
                0x08000410                PROVIDE (__init_array_end, .)
                0x08000410                . = ALIGN (0x4)
                0x08000410                PROVIDE (__fini_array_start, .)
 *(SORT(.fini_array.*))
 *(.fini_array)
                0x08000410                PROVIDE (__fini_array_end, .)

.flashtext
 *(.flashtext .flashtext.*)

.text           0x08000410     0x2fd9
 *(.text .text.*)
 .text.HAL_InitTick
                0x08000410       0x28 ./system/src/stm32f4-hal/stm32f4xx_hal.o
                0x08000410                HAL_InitTick
 .text.HAL_Init
                0x08000438       0x34 ./system/src/stm32f4-hal/stm32f4xx_hal.o
                0x08000438                HAL_Init
 .text.HAL_IncTick
                0x0800046c       0x10 ./system/src/stm32f4-hal/stm32f4xx_hal.o
                0x0800046c                HAL_IncTick
 .text.HAL_GetTick
                0x0800047c        0xc ./system/src/stm32f4-hal/stm32f4xx_hal.o
                0x0800047c                HAL_GetTick
 .text.HAL_NVIC_SetPriorityGrouping
                0x08000488       0x3c ./system/src/stm32f4-hal/stm32f4xx_hal_cortex.o
                0x08000488                HAL_NVIC_SetPriorityGrouping
 .text.HAL_NVIC_SetPriority
                0x080004c4       0x84 ./system/src/stm32f4-hal/stm32f4xx_hal_cortex.o
                0x080004c4                HAL_NVIC_SetPriority
 .text.HAL_SYSTICK_Config
                0x08000548       0x2c ./system/src/stm32f4-hal/stm32f4xx_hal_cortex.o
                0x08000548                HAL_SYSTICK_Config
 .text.HAL_SYSTICK_CLKSourceConfig
                0x08000574       0x38 ./system/src/stm32f4-hal/stm32f4xx_hal_cortex.o
                0x08000574                HAL_SYSTICK_CLKSourceConfig
 .text.HAL_GPIO_Init
                0x080005ac      0x32c ./system/src/stm32f4-hal/stm32f4xx_hal_gpio.o
                0x080005ac                HAL_GPIO_Init
 .text.I2C_IsAcknowledgeFailed
                0x080008d8       0x2c ./system/src/stm32f4-hal/stm32f4xx_hal_i2c.o
 .text.I2C_WaitOnFlagUntilTimeout
                0x08000904       0xd4 ./system/src/stm32f4-hal/stm32f4xx_hal_i2c.o
 .text.I2C_WaitOnMasterAddressFlagUntilTimeout
                0x080009d8       0x98 ./system/src/stm32f4-hal/stm32f4xx_hal_i2c.o
 .text.I2C_WaitOnTXEFlagUntilTimeout
                0x08000a70       0x54 ./system/src/stm32f4-hal/stm32f4xx_hal_i2c.o
 .text.I2C_RequestMemoryWrite
                0x08000ac4       0xd4 ./system/src/stm32f4-hal/stm32f4xx_hal_i2c.o
 .text.I2C_RequestMemoryRead
                0x08000b98      0x140 ./system/src/stm32f4-hal/stm32f4xx_hal_i2c.o
 .text.I2C_WaitOnRXNEFlagUntilTimeout
                0x08000cd8       0x64 ./system/src/stm32f4-hal/stm32f4xx_hal_i2c.o
 .text.HAL_I2C_Init
                0x08000d3c      0x1ec ./system/src/stm32f4-hal/stm32f4xx_hal_i2c.o
                0x08000d3c                HAL_I2C_Init
 .text.HAL_I2C_Mem_Write
                0x08000f28      0x144 ./system/src/stm32f4-hal/stm32f4xx_hal_i2c.o
                0x08000f28                HAL_I2C_Mem_Write
 .text.HAL_I2C_Mem_Read
                0x0800106c      0x26c ./system/src/stm32f4-hal/stm32f4xx_hal_i2c.o
                0x0800106c                HAL_I2C_Mem_Read
 .text.HAL_RCC_OscConfig
                0x080012d8      0x44c ./system/src/stm32f4-hal/stm32f4xx_hal_rcc.o
                0x080012d8                HAL_RCC_OscConfig
 .text.HAL_RCC_ClockConfig
                0x08001724      0x22c ./system/src/stm32f4-hal/stm32f4xx_hal_rcc.o
                0x08001724                HAL_RCC_ClockConfig
 .text.HAL_RCC_GetSysClockFreq
                0x08001950       0x98 ./system/src/stm32f4-hal/stm32f4xx_hal_rcc.o
                0x08001950                HAL_RCC_GetSysClockFreq
 .text.HAL_RCC_GetHCLKFreq
                0x080019e8       0x34 ./system/src/stm32f4-hal/stm32f4xx_hal_rcc.o
                0x080019e8                HAL_RCC_GetHCLKFreq
 .text.HAL_RCC_GetPCLK1Freq
                0x08001a1c       0x30 ./system/src/stm32f4-hal/stm32f4xx_hal_rcc.o
                0x08001a1c                HAL_RCC_GetPCLK1Freq
 .text._exit    0x08001a4c        0x4 ./system/src/newlib/_exit.o
                0x08001a4c                _exit
 .text.abort    0x08001a50       0x14 ./system/src/newlib/_exit.o
                0x08001a50                abort
 .text._sbrk    0x08001a64       0x44 ./system/src/newlib/_sbrk.o
                0x08001a64                _sbrk
 .text.__initialize_args
                0x08001aa8       0x10 ./system/src/newlib/_syscalls.o
                0x08001aa8                __initialize_args
 .text.assert_failed
                0x08001ab8       0x18 ./system/src/newlib/assert.o
                0x08001ab8                assert_failed
 .text.trace_printf
                0x08001ad0       0x34 ./system/src/diag/Trace.o
                0x08001ad0                trace_printf
 .text.trace_puts
                0x08001b04       0x20 ./system/src/diag/Trace.o
                0x08001b04                trace_puts
 .text._trace_write_semihosting_debug
                0x08001b24       0x60 ./system/src/diag/trace_impl.o
 .text.trace_write
                0x08001b84        0x8 ./system/src/diag/trace_impl.o
                0x08001b84                trace_write
 .text.__initialize_hardware_early
                0x08001b8c       0x18 ./system/src/cortexm/_initialize_hardware.o
                0x08001b8c                __initialize_hardware_early
 .text.dumpExceptionStack
                0x08001ba4       0xf0 ./system/src/cortexm/exception_handlers.o
                0x08001ba4                dumpExceptionStack
 .text.isSemihosting
                0x08001c94       0x20 ./system/src/cortexm/exception_handlers.o
                0x08001c94                isSemihosting
 .text.SystemInit
                0x08001cb4       0x40 ./system/src/cmsis/system_stm32f4xx.o
                0x08001cb4                SystemInit
 .text.SystemCoreClockUpdate
                0x08001cf4       0xa0 ./system/src/cmsis/system_stm32f4xx.o
                0x08001cf4                SystemCoreClockUpdate
 .text.lsm6ds3_readRegister
                0x08001d94       0x20 ./src/lsmd6s3/lsm6ds3.o
                0x08001d94                lsm6ds3_readRegister
 .text.lsm6ds3_readRegisterRegion
                0x08001db4       0x20 ./src/lsmd6s3/lsm6ds3.o
                0x08001db4                lsm6ds3_readRegisterRegion
 .text.lsm6ds3_writeRegister
                0x08001dd4       0x28 ./src/lsmd6s3/lsm6ds3.o
                0x08001dd4                lsm6ds3_writeRegister
 .text.lsm6ds3_setup
                0x08001dfc      0x260 ./src/lsmd6s3/lsm6ds3.o
                0x08001dfc                lsm6ds3_setup
 .text.lsm6ds3_acc_gyro_read_raw_all
                0x0800205c       0x10 ./src/lsmd6s3/lsm6ds3.o
                0x0800205c                lsm6ds3_acc_gyro_read_raw_all
 .text.lsm6ds3_acc_recalc
                0x0800206c       0x64 ./src/lsmd6s3/lsm6ds3.o
                0x0800206c                lsm6ds3_acc_recalc
 .text.lsm6ds3_gyro_recalc
                0x080020d0       0x70 ./src/lsmd6s3/lsm6ds3.o
                0x080020d0                lsm6ds3_gyro_recalc
 .text.timer_tick
                0x08002140       0x14 ./src/Timer.o
                0x08002140                timer_tick
 .text.SysTick_Handler
                0x08002154        0xc ./src/Timer.o
                0x08002154                SysTick_Handler
 .text.SystemClock_Config
                0x08002160       0x9c ./src/_initialize_hardware.o
                0x08002160                SystemClock_Config
 .text.__initialize_hardware
                0x080021fc       0x10 ./src/_initialize_hardware.o
                0x080021fc                __initialize_hardware
 .text.main     0x0800220c       0xe4 ./src/main.o
                0x0800220c                main
 .text.HAL_I2C_MspInit
                0x080022f0       0x58 ./src/main.o
                0x080022f0                HAL_I2C_MspInit
 .text.HAL_MspInit
                0x08002348        0x4 ./src/stm32f4xx_hal_msp.o
                0x08002348                HAL_MspInit
 .text          0x0800234c      0x21c /usr/lib/gcc/arm-none-eabi/4.8/armv7e-m/libgcc.a(_arm_addsubsf3.o)
                0x0800234c                __aeabi_frsub
                0x08002354                __subsf3
                0x08002354                __aeabi_fsub
                0x08002358                __aeabi_fadd
                0x08002358                __addsf3
                0x080024b8                __aeabi_ui2f
                0x080024b8                __floatunsisf
                0x080024c0                __aeabi_i2f
                0x080024c0                __floatsisf
                0x080024dc                __floatundisf
                0x080024dc                __aeabi_ul2f
                0x080024ec                __floatdisf
                0x080024ec                __aeabi_l2f
 .text          0x08002568      0x2a0 /usr/lib/gcc/arm-none-eabi/4.8/armv7e-m/libgcc.a(_arm_muldivsf3.o)
                0x08002568                __mulsf3
                0x08002568                __aeabi_fmul
                0x080026d0                __divsf3
                0x080026d0                __aeabi_fdiv
 .text          0x08002808       0x4c /usr/lib/gcc/arm-none-eabi/4.8/armv7e-m/libgcc.a(_arm_fixsfsi.o)
                0x08002808                __fixsfsi
                0x08002808                __aeabi_f2iz
 .text.__errno  0x08002854        0xc /usr/lib/gcc/arm-none-eabi/4.8/../../../arm-none-eabi/lib/armv7e-m/libg_nano.a(lib_a-errno.o)
                0x08002854                __errno
 .text.strlen   0x08002860       0x10 /usr/lib/gcc/arm-none-eabi/4.8/../../../arm-none-eabi/lib/armv7e-m/libg_nano.a(lib_a-strlen.o)
                0x08002860                strlen
 .text._vsnprintf_r
                0x08002870       0x52 /usr/lib/gcc/arm-none-eabi/4.8/../../../arm-none-eabi/lib/armv7e-m/libg_nano.a(lib_a-vsnprintf.o)
                0x08002870                _vsnprintf_r
                0x08002870                _vsniprintf_r
 *fill*         0x080028c2        0x2 
 .text.vsnprintf
                0x080028c4       0x20 /usr/lib/gcc/arm-none-eabi/4.8/../../../arm-none-eabi/lib/armv7e-m/libg_nano.a(lib_a-vsnprintf.o)
                0x080028c4                vsnprintf
                0x080028c4                vsniprintf
 .text.__ssputs_r
                0x080028e4       0xb8 /usr/lib/gcc/arm-none-eabi/4.8/../../../arm-none-eabi/lib/armv7e-m/libg_nano.a(lib_a-nano-svfprintf.o)
                0x080028e4                __ssputs_r
 .text._svfprintf_r
                0x0800299c      0x1dc /usr/lib/gcc/arm-none-eabi/4.8/../../../arm-none-eabi/lib/armv7e-m/libg_nano.a(lib_a-nano-svfprintf.o)
                0x0800299c                _svfprintf_r
                0x0800299c                _svfiprintf_r
 .text._printf_common
                0x08002b78       0xe4 /usr/lib/gcc/arm-none-eabi/4.8/../../../arm-none-eabi/lib/armv7e-m/libg_nano.a(lib_a-nano-vfprintf_i.o)
                0x08002b78                _printf_common
 .text._printf_i
                0x08002c5c      0x22c /usr/lib/gcc/arm-none-eabi/4.8/../../../arm-none-eabi/lib/armv7e-m/libg_nano.a(lib_a-nano-vfprintf_i.o)
                0x08002c5c                _printf_i
 .text.memchr   0x08002e88       0x1e /usr/lib/gcc/arm-none-eabi/4.8/../../../arm-none-eabi/lib/armv7e-m/libg_nano.a(lib_a-memchr-stub.o)
                0x08002e88                memchr
 .text.memcpy   0x08002ea6       0x12 /usr/lib/gcc/arm-none-eabi/4.8/../../../arm-none-eabi/lib/armv7e-m/libg_nano.a(lib_a-memcpy-stub.o)
                0x08002ea6                memcpy
 .text.memmove  0x08002eb8       0x36 /usr/lib/gcc/arm-none-eabi/4.8/../../../arm-none-eabi/lib/armv7e-m/libg_nano.a(lib_a-memmove.o)
                0x08002eb8                memmove
 *fill*         0x08002eee        0x2 
 .text._free_r  0x08002ef0       0x88 /usr/lib/gcc/arm-none-eabi/4.8/../../../arm-none-eabi/lib/armv7e-m/libg_nano.a(lib_a-nano-freer.o)
                0x08002ef0                _free_r
 .text._malloc_r
                0x08002f78       0xac /usr/lib/gcc/arm-none-eabi/4.8/../../../arm-none-eabi/lib/armv7e-m/libg_nano.a(lib_a-nano-mallocr.o)
                0x08002f78                _malloc_r
 .text._realloc_r
                0x08003024       0x4c /usr/lib/gcc/arm-none-eabi/4.8/../../../arm-none-eabi/lib/armv7e-m/libg_nano.a(lib_a-nano-reallocr.o)
                0x08003024                _realloc_r
 .text._sbrk_r  0x08003070       0x20 /usr/lib/gcc/arm-none-eabi/4.8/../../../arm-none-eabi/lib/armv7e-m/libg_nano.a(lib_a-sbrkr.o)
                0x08003070                _sbrk_r
 .text._malloc_usable_size_r
                0x08003090       0x12 /usr/lib/gcc/arm-none-eabi/4.8/../../../arm-none-eabi/lib/armv7e-m/libg_nano.a(lib_a-nano-msizer.o)
                0x08003090                _malloc_usable_size_r
 *(.rodata .rodata.* .constdata .constdata.*)
 *fill*         0x080030a2        0x2 
 .rodata.str1.4
                0x080030a4       0x31 ./system/src/stm32f4-hal/stm32f4xx_hal_cortex.o
                                 0x34 (size before relaxing)
 *fill*         0x080030d5        0x3 
 .rodata.str1.4
                0x080030d8       0x2f ./system/src/stm32f4-hal/stm32f4xx_hal_gpio.o
                                 0x30 (size before relaxing)
 *fill*         0x08003107        0x1 
 .rodata.str1.4
                0x08003108       0x2e ./system/src/stm32f4-hal/stm32f4xx_hal_i2c.o
                                 0x30 (size before relaxing)
 *fill*         0x08003136        0x2 
 .rodata.APBAHBPrescTable
                0x08003138       0x10 ./system/src/stm32f4-hal/stm32f4xx_hal_rcc.o
                0x08003138                APBAHBPrescTable
 .rodata.str1.4
                0x08003148       0x2e ./system/src/stm32f4-hal/stm32f4xx_hal_rcc.o
                                 0x30 (size before relaxing)
 *fill*         0x08003176        0x2 
 .rodata.str1.4
                0x08003178       0x14 ./system/src/newlib/_exit.o
 .rodata.str1.4
                0x0800318c       0x6b ./system/src/newlib/assert.o
                                 0x70 (size before relaxing)
 *fill*         0x080031f7        0x1 
 .rodata.str1.4
                0x080031f8       0x29 ./system/src/diag/Trace.o
                                 0x30 (size before relaxing)
 *fill*         0x08003221        0x3 
 .rodata.str1.4
                0x08003224      0x146 ./system/src/cortexm/exception_handlers.o
                                0x148 (size before relaxing)
 *fill*         0x0800336a        0x2 
 .rodata.AHBPrescTable
                0x0800336c       0x10 ./system/src/cmsis/system_stm32f4xx.o
                0x0800336c                AHBPrescTable
 .rodata.str1.4
                0x0800337c       0x1d ./src/lsmd6s3/lsm6ds3.o
                                 0x24 (size before relaxing)
 *fill*         0x08003399        0x3 
 .rodata.str1.4
                0x0800339c       0x18 ./src/main.o
 .rodata.str1.1
                0x080033b4        0x2 /usr/lib/gcc/arm-none-eabi/4.8/../../../arm-none-eabi/lib/armv7e-m/libg_nano.a(lib_a-impure.o)
 .rodata.str1.1
                0x080033b6       0x11 /usr/lib/gcc/arm-none-eabi/4.8/../../../arm-none-eabi/lib/armv7e-m/libg_nano.a(lib_a-nano-svfprintf.o)
 .rodata.str1.1
                0x080033c7       0x22 /usr/lib/gcc/arm-none-eabi/4.8/../../../arm-none-eabi/lib/armv7e-m/libg_nano.a(lib_a-nano-vfprintf_i.o)
 *(vtable)
 *(.eh_frame*)
 *(.glue_7)
 .glue_7        0x080033e9        0x0 linker stubs
 *(.glue_7t)
 .glue_7t       0x080033e9        0x0 linker stubs

.vfp11_veneer   0x080033ec        0x0
 .vfp11_veneer  0x080033ec        0x0 linker stubs

.v4_bx          0x080033ec        0x0
 .v4_bx         0x080033ec        0x0 linker stubs

.iplt           0x080033ec        0x0
 .iplt          0x080033ec        0x0 ./system/src/stm32f4-hal/stm32f4xx_hal.o

.rel.dyn        0x080033ec        0x0
 .rel.iplt      0x080033ec        0x0 ./system/src/stm32f4-hal/stm32f4xx_hal.o

.ARM.extab
 *(.ARM.extab* .gnu.linkonce.armextab.*)
                0x080033ec                . = ALIGN (0x4)
                0x080033ec                __exidx_start = .

.ARM.exidx
 *(.ARM.exidx* .gnu.linkonce.armexidx.*)
                0x080033ec                __exidx_end = .
                0x080033ec                . = ALIGN (0x4)
                0x080033ec                _etext = .
                0x080033ec                __etext = .

.data_CCMRAM    0x10000000        0x0 load address 0x080033ec
 FILL mask 0xff
 *(.data.CCMRAM .data.CCMRAM.*)
                0x10000000                . = ALIGN (0x4)
                0x080033ec                _sidata = LOADADDR (.data)

.data           0x20000000       0x78 load address 0x080033ec
 FILL mask 0xff
                0x20000000                _sdata = .
                0x20000000                __data_start__ = .
 *(.data_begin .data_begin.*)
 .data_begin    0x20000000        0x4 ./system/src/newlib/_startup.o
 *(.data .data.*)
 .data.argv.4049
                0x20000004        0x8 ./system/src/newlib/_syscalls.o
 .data.SystemCoreClock
                0x2000000c        0x4 ./system/src/cmsis/system_stm32f4xx.o
                0x2000000c                SystemCoreClock
 .data.impure_data
                0x20000010       0x60 /usr/lib/gcc/arm-none-eabi/4.8/../../../arm-none-eabi/lib/armv7e-m/libg_nano.a(lib_a-impure.o)
 .data._impure_ptr
                0x20000070        0x4 /usr/lib/gcc/arm-none-eabi/4.8/../../../arm-none-eabi/lib/armv7e-m/libg_nano.a(lib_a-impure.o)
                0x20000070                _impure_ptr
 *(.data_end .data_end.*)
 .data_end      0x20000074        0x4 ./system/src/newlib/_startup.o
                0x20000078                . = ALIGN (0x4)
                0x20000078                _edata = .
                0x20000078                __data_end__ = .

.igot.plt       0x20000078        0x0 load address 0x08003464
 .igot.plt      0x20000078        0x0 ./system/src/stm32f4-hal/stm32f4xx_hal.o

.bss_CCMRAM     0x10000000        0x0
 *(.bss.CCMRAM .bss.CCMRAM.*)

.bss            0x20000078       0xa4
                0x20000078                __bss_start__ = .
                0x20000078                _sbss = .
 *(.bss_begin .bss_begin.*)
 .bss_begin     0x20000078        0x4 ./system/src/newlib/_startup.o
 *(.bss .bss.*)
 .bss.current_heap_end.3842
                0x2000007c        0x4 ./system/src/newlib/_sbrk.o
 .bss.name.4048
                0x20000080        0x4 ./system/src/newlib/_syscalls.o
 .bss.buf.4938  0x20000084       0x80 ./system/src/diag/Trace.o
 .bss.__malloc_sbrk_start
                0x20000104        0x4 /usr/lib/gcc/arm-none-eabi/4.8/../../../arm-none-eabi/lib/armv7e-m/libg_nano.a(lib_a-nano-mallocr.o)
                0x20000104                __malloc_sbrk_start
 .bss.__malloc_free_list
                0x20000108        0x4 /usr/lib/gcc/arm-none-eabi/4.8/../../../arm-none-eabi/lib/armv7e-m/libg_nano.a(lib_a-nano-mallocr.o)
                0x20000108                __malloc_free_list
 *(COMMON)
 COMMON         0x2000010c        0x4 ./system/src/stm32f4-hal/stm32f4xx_hal.o
                0x2000010c                uwTick
 COMMON         0x20000110        0x4 ./system/src/newlib/_syscalls.o
                0x20000110                errno
 COMMON         0x20000114        0x4 ./src/Timer.o
                0x20000114                timer_delayCount
 *(.bss_end .bss_end.*)
 .bss_end       0x20000118        0x4 ./system/src/newlib/_startup.o
                0x2000011c                . = ALIGN (0x4)
                0x2000011c                __bss_end__ = .
                0x2000011c                _ebss = .

.noinit_CCMRAM
 *(.noinit.CCMRAM .noinit.CCMRAM.*)

.noinit         0x2000011c        0x0
                0x2000011c                _noinit = .
 *(.noinit .noinit.*)
                0x2000011c                . = ALIGN (0x4)
                0x2000011c                _end_noinit = .
                0x2000011c                PROVIDE (end, _end_noinit)
                0x2000011c                PROVIDE (_end, _end_noinit)
                0x2000011c                PROVIDE (__end, _end_noinit)
                0x2000011c                PROVIDE (__end__, _end_noinit)

._check_stack   0x2000011c      0x100
                0x2000021c                . = (. + _Minimum_Stack_Size)
 *fill*         0x2000011c      0x100 

.b1text
 *(.b1text)
 *(.b1rodata)
 *(.b1rodata.*)

.eb0text
 *(.eb0text)
 *(.eb0rodata)
 *(.eb0rodata.*)

.eb1text
 *(.eb1text)
 *(.eb1rodata)
 *(.eb1rodata.*)

.eb2text
 *(.eb2text)
 *(.eb2rodata)
 *(.eb2rodata.*)

.eb3text
 *(.eb3text)
 *(.eb3rodata)
 *(.eb3rodata.*)

.stab
 *(.stab)

.stabstr
 *(.stabstr)

.stab.excl
 *(.stab.excl)

.stab.exclstr
 *(.stab.exclstr)

.stab.index
 *(.stab.index)

.stab.indexstr
 *(.stab.indexstr)

.comment        0x00000000       0x58
 *(.comment)
 .comment       0x00000000       0x2d ./system/src/stm32f4-hal/stm32f4xx_hal.o
                                 0x2e (size before relaxing)
 .comment       0x0000002d       0x2e ./system/src/stm32f4-hal/stm32f4xx_hal_cortex.o
 .comment       0x0000002d       0x2e ./system/src/stm32f4-hal/stm32f4xx_hal_gpio.o
 .comment       0x0000002d       0x2e ./system/src/stm32f4-hal/stm32f4xx_hal_i2c.o
 .comment       0x0000002d       0x2e ./system/src/stm32f4-hal/stm32f4xx_hal_rcc.o
 .comment       0x0000002d       0x2e ./system/src/newlib/_exit.o
 .comment       0x0000002d       0x2e ./system/src/newlib/_sbrk.o
 .comment       0x0000002d       0x2e ./system/src/newlib/_startup.o
 .comment       0x0000002d       0x2e ./system/src/newlib/_syscalls.o
 .comment       0x0000002d       0x2e ./system/src/newlib/assert.o
 .comment       0x0000002d       0x2e ./system/src/diag/Trace.o
 .comment       0x0000002d       0x2e ./system/src/diag/trace_impl.o
 .comment       0x0000002d       0x2e ./system/src/cortexm/_initialize_hardware.o
 .comment       0x0000002d       0x2e ./system/src/cortexm/exception_handlers.o
 .comment       0x0000002d       0x2e ./system/src/cmsis/system_stm32f4xx.o
 .comment       0x0000002d       0x2e ./system/src/cmsis/vectors_stm32f407xx.o
 .comment       0x0000002d       0x2e ./src/lsmd6s3/lsm6ds3.o
 .comment       0x0000002d       0x2e ./src/Timer.o
 .comment       0x0000002d       0x2e ./src/_initialize_hardware.o
 .comment       0x0000002d       0x2e ./src/main.o
 .comment       0x0000002d       0x2e ./src/stm32f4xx_hal_msp.o
 .comment       0x0000002d       0x2b /usr/lib/gcc/arm-none-eabi/4.8/../../../arm-none-eabi/lib/armv7e-m/libg_nano.a(lib_a-errno.o)
                                 0x2c (size before relaxing)
 .comment       0x00000058       0x2c /usr/lib/gcc/arm-none-eabi/4.8/../../../arm-none-eabi/lib/armv7e-m/libg_nano.a(lib_a-impure.o)
 .comment       0x00000058       0x2c /usr/lib/gcc/arm-none-eabi/4.8/../../../arm-none-eabi/lib/armv7e-m/libg_nano.a(lib_a-strlen.o)
 .comment       0x00000058       0x2c /usr/lib/gcc/arm-none-eabi/4.8/../../../arm-none-eabi/lib/armv7e-m/libg_nano.a(lib_a-vsnprintf.o)
 .comment       0x00000058       0x2c /usr/lib/gcc/arm-none-eabi/4.8/../../../arm-none-eabi/lib/armv7e-m/libg_nano.a(lib_a-nano-svfprintf.o)
 .comment       0x00000058       0x2c /usr/lib/gcc/arm-none-eabi/4.8/../../../arm-none-eabi/lib/armv7e-m/libg_nano.a(lib_a-nano-vfprintf_i.o)
 .comment       0x00000058       0x2c /usr/lib/gcc/arm-none-eabi/4.8/../../../arm-none-eabi/lib/armv7e-m/libg_nano.a(lib_a-memchr-stub.o)
 .comment       0x00000058       0x2c /usr/lib/gcc/arm-none-eabi/4.8/../../../arm-none-eabi/lib/armv7e-m/libg_nano.a(lib_a-memcpy-stub.o)
 .comment       0x00000058       0x2c /usr/lib/gcc/arm-none-eabi/4.8/../../../arm-none-eabi/lib/armv7e-m/libg_nano.a(lib_a-memmove.o)
 .comment       0x00000058       0x2c /usr/lib/gcc/arm-none-eabi/4.8/../../../arm-none-eabi/lib/armv7e-m/libg_nano.a(lib_a-nano-freer.o)
 .comment       0x00000058       0x2c /usr/lib/gcc/arm-none-eabi/4.8/../../../arm-none-eabi/lib/armv7e-m/libg_nano.a(lib_a-nano-mallocr.o)
 .comment       0x00000058       0x2c /usr/lib/gcc/arm-none-eabi/4.8/../../../arm-none-eabi/lib/armv7e-m/libg_nano.a(lib_a-nano-reallocr.o)
 .comment       0x00000058       0x2c /usr/lib/gcc/arm-none-eabi/4.8/../../../arm-none-eabi/lib/armv7e-m/libg_nano.a(lib_a-sbrkr.o)
 .comment       0x00000058       0x2c /usr/lib/gcc/arm-none-eabi/4.8/../../../arm-none-eabi/lib/armv7e-m/libg_nano.a(lib_a-nano-msizer.o)

.ARM.attributes
                0x00000000       0x33
 .ARM.attributes
                0x00000000       0x33 ./system/src/stm32f4-hal/stm32f4xx_hal.o
 .ARM.attributes
                0x00000033       0x33 ./system/src/stm32f4-hal/stm32f4xx_hal_cortex.o
 .ARM.attributes
                0x00000066       0x33 ./system/src/stm32f4-hal/stm32f4xx_hal_gpio.o
 .ARM.attributes
                0x00000099       0x33 ./system/src/stm32f4-hal/stm32f4xx_hal_i2c.o
 .ARM.attributes
                0x000000cc       0x33 ./system/src/stm32f4-hal/stm32f4xx_hal_rcc.o
 .ARM.attributes
                0x000000ff       0x33 ./system/src/newlib/_exit.o
 .ARM.attributes
                0x00000132       0x33 ./system/src/newlib/_sbrk.o
 .ARM.attributes
                0x00000165       0x33 ./system/src/newlib/_startup.o
 .ARM.attributes
                0x00000198       0x33 ./system/src/newlib/_syscalls.o
 .ARM.attributes
                0x000001cb       0x33 ./system/src/newlib/assert.o
 .ARM.attributes
                0x000001fe       0x33 ./system/src/diag/Trace.o
 .ARM.attributes
                0x00000231       0x33 ./system/src/diag/trace_impl.o
 .ARM.attributes
                0x00000264       0x33 ./system/src/cortexm/_initialize_hardware.o
 .ARM.attributes
                0x00000297       0x33 ./system/src/cortexm/exception_handlers.o
 .ARM.attributes
                0x000002ca       0x33 ./system/src/cmsis/system_stm32f4xx.o
 .ARM.attributes
                0x000002fd       0x33 ./system/src/cmsis/vectors_stm32f407xx.o
 .ARM.attributes
                0x00000330       0x33 ./src/lsmd6s3/lsm6ds3.o
 .ARM.attributes
                0x00000363       0x33 ./src/Timer.o
 .ARM.attributes
                0x00000396       0x33 ./src/_initialize_hardware.o
 .ARM.attributes
                0x000003c9       0x33 ./src/main.o
 .ARM.attributes
                0x000003fc       0x33 ./src/stm32f4xx_hal_msp.o
 .ARM.attributes
                0x0000042f       0x1e /usr/lib/gcc/arm-none-eabi/4.8/armv7e-m/libgcc.a(_arm_addsubsf3.o)
 .ARM.attributes
                0x0000044d       0x1e /usr/lib/gcc/arm-none-eabi/4.8/armv7e-m/libgcc.a(_arm_muldivsf3.o)
 .ARM.attributes
                0x0000046b       0x1e /usr/lib/gcc/arm-none-eabi/4.8/armv7e-m/libgcc.a(_arm_fixsfsi.o)
 .ARM.attributes
                0x00000489       0x2e /usr/lib/gcc/arm-none-eabi/4.8/../../../arm-none-eabi/lib/armv7e-m/libg_nano.a(lib_a-errno.o)
 .ARM.attributes
                0x000004b7       0x2e /usr/lib/gcc/arm-none-eabi/4.8/../../../arm-none-eabi/lib/armv7e-m/libg_nano.a(lib_a-impure.o)
 .ARM.attributes
                0x000004e5       0x2e /usr/lib/gcc/arm-none-eabi/4.8/../../../arm-none-eabi/lib/armv7e-m/libg_nano.a(lib_a-strlen.o)
 .ARM.attributes
                0x00000513       0x2e /usr/lib/gcc/arm-none-eabi/4.8/../../../arm-none-eabi/lib/armv7e-m/libg_nano.a(lib_a-vsnprintf.o)
 .ARM.attributes
                0x00000541       0x2e /usr/lib/gcc/arm-none-eabi/4.8/../../../arm-none-eabi/lib/armv7e-m/libg_nano.a(lib_a-nano-svfprintf.o)
 .ARM.attributes
                0x0000056f       0x2e /usr/lib/gcc/arm-none-eabi/4.8/../../../arm-none-eabi/lib/armv7e-m/libg_nano.a(lib_a-nano-vfprintf_i.o)
 .ARM.attributes
                0x0000059d       0x2e /usr/lib/gcc/arm-none-eabi/4.8/../../../arm-none-eabi/lib/armv7e-m/libg_nano.a(lib_a-memchr-stub.o)
 .ARM.attributes
                0x000005cb       0x2e /usr/lib/gcc/arm-none-eabi/4.8/../../../arm-none-eabi/lib/armv7e-m/libg_nano.a(lib_a-memcpy-stub.o)
 .ARM.attributes
                0x000005f9       0x2e /usr/lib/gcc/arm-none-eabi/4.8/../../../arm-none-eabi/lib/armv7e-m/libg_nano.a(lib_a-memmove.o)
 .ARM.attributes
                0x00000627       0x2e /usr/lib/gcc/arm-none-eabi/4.8/../../../arm-none-eabi/lib/armv7e-m/libg_nano.a(lib_a-nano-freer.o)
 .ARM.attributes
                0x00000655       0x2e /usr/lib/gcc/arm-none-eabi/4.8/../../../arm-none-eabi/lib/armv7e-m/libg_nano.a(lib_a-nano-mallocr.o)
 .ARM.attributes
                0x00000683       0x2e /usr/lib/gcc/arm-none-eabi/4.8/../../../arm-none-eabi/lib/armv7e-m/libg_nano.a(lib_a-nano-reallocr.o)
 .ARM.attributes
                0x000006b1       0x2e /usr/lib/gcc/arm-none-eabi/4.8/../../../arm-none-eabi/lib/armv7e-m/libg_nano.a(lib_a-sbrkr.o)
 .ARM.attributes
                0x000006df       0x2e /usr/lib/gcc/arm-none-eabi/4.8/../../../arm-none-eabi/lib/armv7e-m/libg_nano.a(lib_a-nano-msizer.o)

.debug
 *(.debug)

.line
 *(.line)

.debug_srcinfo
 *(.debug_srcinfo)

.debug_sfnames
 *(.debug_sfnames)

.debug_aranges  0x00000000      0xa68
 *(.debug_aranges)
 .debug_aranges
                0x00000000       0xc0 ./system/src/stm32f4-hal/stm32f4xx_hal.o
 .debug_aranges
                0x000000c0       0x98 ./system/src/stm32f4-hal/stm32f4xx_hal_cortex.o
 .debug_aranges
                0x00000158       0x58 ./system/src/stm32f4-hal/stm32f4xx_hal_gpio.o
 .debug_aranges
                0x000001b0      0x260 ./system/src/stm32f4-hal/stm32f4xx_hal_i2c.o
 .debug_aranges
                0x00000410       0x88 ./system/src/stm32f4-hal/stm32f4xx_hal_rcc.o
 .debug_aranges
                0x00000498       0x28 ./system/src/newlib/_exit.o
 .debug_aranges
                0x000004c0       0x20 ./system/src/newlib/_sbrk.o
 .debug_aranges
                0x000004e0       0x40 ./system/src/newlib/_startup.o
 .debug_aranges
                0x00000520       0x30 ./system/src/newlib/_syscalls.o
 .debug_aranges
                0x00000550       0x28 ./system/src/newlib/assert.o
 .debug_aranges
                0x00000578       0x38 ./system/src/diag/Trace.o
 .debug_aranges
                0x000005b0       0x30 ./system/src/diag/trace_impl.o
 .debug_aranges
                0x000005e0       0x28 ./system/src/cortexm/_initialize_hardware.o
 .debug_aranges
                0x00000608       0x90 ./system/src/cortexm/exception_handlers.o
 .debug_aranges
                0x00000698       0x28 ./system/src/cmsis/system_stm32f4xx.o
 .debug_aranges
                0x000006c0       0x20 ./system/src/cmsis/vectors_stm32f407xx.o
 .debug_aranges
                0x000006e0       0x90 ./src/lsmd6s3/lsm6ds3.o
 .debug_aranges
                0x00000770       0x38 ./src/Timer.o
 .debug_aranges
                0x000007a8       0x28 ./src/_initialize_hardware.o
 .debug_aranges
                0x000007d0       0x28 ./src/main.o
 .debug_aranges
                0x000007f8       0x38 ./src/stm32f4xx_hal_msp.o
 .debug_aranges
                0x00000830       0x20 /usr/lib/gcc/arm-none-eabi/4.8/armv7e-m/libgcc.a(_arm_addsubsf3.o)
 .debug_aranges
                0x00000850       0x20 /usr/lib/gcc/arm-none-eabi/4.8/armv7e-m/libgcc.a(_arm_muldivsf3.o)
 .debug_aranges
                0x00000870       0x20 /usr/lib/gcc/arm-none-eabi/4.8/armv7e-m/libgcc.a(_arm_fixsfsi.o)
 .debug_aranges
                0x00000890       0x20 /usr/lib/gcc/arm-none-eabi/4.8/../../../arm-none-eabi/lib/armv7e-m/libg_nano.a(lib_a-errno.o)
 .debug_aranges
                0x000008b0       0x18 /usr/lib/gcc/arm-none-eabi/4.8/../../../arm-none-eabi/lib/armv7e-m/libg_nano.a(lib_a-impure.o)
 .debug_aranges
                0x000008c8       0x20 /usr/lib/gcc/arm-none-eabi/4.8/../../../arm-none-eabi/lib/armv7e-m/libg_nano.a(lib_a-strlen.o)
 .debug_aranges
                0x000008e8       0x28 /usr/lib/gcc/arm-none-eabi/4.8/../../../arm-none-eabi/lib/armv7e-m/libg_nano.a(lib_a-vsnprintf.o)
 .debug_aranges
                0x00000910       0x30 /usr/lib/gcc/arm-none-eabi/4.8/../../../arm-none-eabi/lib/armv7e-m/libg_nano.a(lib_a-nano-svfprintf.o)
 .debug_aranges
                0x00000940       0x28 /usr/lib/gcc/arm-none-eabi/4.8/../../../arm-none-eabi/lib/armv7e-m/libg_nano.a(lib_a-nano-vfprintf_i.o)
 .debug_aranges
                0x00000968       0x20 /usr/lib/gcc/arm-none-eabi/4.8/../../../arm-none-eabi/lib/armv7e-m/libg_nano.a(lib_a-memchr-stub.o)
 .debug_aranges
                0x00000988       0x20 /usr/lib/gcc/arm-none-eabi/4.8/../../../arm-none-eabi/lib/armv7e-m/libg_nano.a(lib_a-memcpy-stub.o)
 .debug_aranges
                0x000009a8       0x20 /usr/lib/gcc/arm-none-eabi/4.8/../../../arm-none-eabi/lib/armv7e-m/libg_nano.a(lib_a-memmove.o)
 .debug_aranges
                0x000009c8       0x20 /usr/lib/gcc/arm-none-eabi/4.8/../../../arm-none-eabi/lib/armv7e-m/libg_nano.a(lib_a-nano-freer.o)
 .debug_aranges
                0x000009e8       0x20 /usr/lib/gcc/arm-none-eabi/4.8/../../../arm-none-eabi/lib/armv7e-m/libg_nano.a(lib_a-nano-mallocr.o)
 .debug_aranges
                0x00000a08       0x20 /usr/lib/gcc/arm-none-eabi/4.8/../../../arm-none-eabi/lib/armv7e-m/libg_nano.a(lib_a-nano-reallocr.o)
 .debug_aranges
                0x00000a28       0x20 /usr/lib/gcc/arm-none-eabi/4.8/../../../arm-none-eabi/lib/armv7e-m/libg_nano.a(lib_a-sbrkr.o)
 .debug_aranges
                0x00000a48       0x20 /usr/lib/gcc/arm-none-eabi/4.8/../../../arm-none-eabi/lib/armv7e-m/libg_nano.a(lib_a-nano-msizer.o)

.debug_pubnames
 *(.debug_pubnames)

.debug_info     0x00000000    0x11284
 *(.debug_info .gnu.linkonce.wi.*)
 .debug_info    0x00000000      0x911 ./system/src/stm32f4-hal/stm32f4xx_hal.o
 .debug_info    0x00000911     0x1101 ./system/src/stm32f4-hal/stm32f4xx_hal_cortex.o
 .debug_info    0x00001a12      0x859 ./system/src/stm32f4-hal/stm32f4xx_hal_gpio.o
 .debug_info    0x0000226b     0x3396 ./system/src/stm32f4-hal/stm32f4xx_hal_i2c.o
 .debug_info    0x00005601      0xf83 ./system/src/stm32f4-hal/stm32f4xx_hal_rcc.o
 .debug_info    0x00006584      0x100 ./system/src/newlib/_exit.o
 .debug_info    0x00006684      0x125 ./system/src/newlib/_sbrk.o
 .debug_info    0x000067a9      0x50f ./system/src/newlib/_startup.o
 .debug_info    0x00006cb8      0x1bc ./system/src/newlib/_syscalls.o
 .debug_info    0x00006e74      0x1b7 ./system/src/newlib/assert.o
 .debug_info    0x0000702b      0x32b ./system/src/diag/Trace.o
 .debug_info    0x00007356      0x304 ./system/src/diag/trace_impl.o
 .debug_info    0x0000765a      0x2a2 ./system/src/cortexm/_initialize_hardware.o
 .debug_info    0x000078fc      0x8e7 ./system/src/cortexm/exception_handlers.o
 .debug_info    0x000081e3      0x48f ./system/src/cmsis/system_stm32f4xx.o
 .debug_info    0x00008672       0xd1 ./system/src/cmsis/vectors_stm32f407xx.o
 .debug_info    0x00008743     0x111d ./src/lsmd6s3/lsm6ds3.o
 .debug_info    0x00009860      0x72c ./src/Timer.o
 .debug_info    0x00009f8c      0x546 ./src/_initialize_hardware.o
 .debug_info    0x0000a4d2      0xd17 ./src/main.o
 .debug_info    0x0000b1e9       0xe5 ./src/stm32f4xx_hal_msp.o
 .debug_info    0x0000b2ce       0xb4 /usr/lib/gcc/arm-none-eabi/4.8/armv7e-m/libgcc.a(_arm_addsubsf3.o)
 .debug_info    0x0000b382       0xb4 /usr/lib/gcc/arm-none-eabi/4.8/armv7e-m/libgcc.a(_arm_muldivsf3.o)
 .debug_info    0x0000b436       0xb4 /usr/lib/gcc/arm-none-eabi/4.8/armv7e-m/libgcc.a(_arm_fixsfsi.o)
 .debug_info    0x0000b4ea      0x735 /usr/lib/gcc/arm-none-eabi/4.8/../../../arm-none-eabi/lib/armv7e-m/libg_nano.a(lib_a-errno.o)
 .debug_info    0x0000bc1f      0x7d3 /usr/lib/gcc/arm-none-eabi/4.8/../../../arm-none-eabi/lib/armv7e-m/libg_nano.a(lib_a-impure.o)
 .debug_info    0x0000c3f2       0xcd /usr/lib/gcc/arm-none-eabi/4.8/../../../arm-none-eabi/lib/armv7e-m/libg_nano.a(lib_a-strlen.o)
 .debug_info    0x0000c4bf      0x897 /usr/lib/gcc/arm-none-eabi/4.8/../../../arm-none-eabi/lib/armv7e-m/libg_nano.a(lib_a-vsnprintf.o)
 .debug_info    0x0000cd56      0xde3 /usr/lib/gcc/arm-none-eabi/4.8/../../../arm-none-eabi/lib/armv7e-m/libg_nano.a(lib_a-nano-svfprintf.o)
 .debug_info    0x0000db39      0xb2c /usr/lib/gcc/arm-none-eabi/4.8/../../../arm-none-eabi/lib/armv7e-m/libg_nano.a(lib_a-nano-vfprintf_i.o)
 .debug_info    0x0000e665       0xf8 /usr/lib/gcc/arm-none-eabi/4.8/../../../arm-none-eabi/lib/armv7e-m/libg_nano.a(lib_a-memchr-stub.o)
 .debug_info    0x0000e75d      0x102 /usr/lib/gcc/arm-none-eabi/4.8/../../../arm-none-eabi/lib/armv7e-m/libg_nano.a(lib_a-memcpy-stub.o)
 .debug_info    0x0000e85f      0x102 /usr/lib/gcc/arm-none-eabi/4.8/../../../arm-none-eabi/lib/armv7e-m/libg_nano.a(lib_a-memmove.o)
 .debug_info    0x0000e961      0x81a /usr/lib/gcc/arm-none-eabi/4.8/../../../arm-none-eabi/lib/armv7e-m/libg_nano.a(lib_a-nano-freer.o)
 .debug_info    0x0000f17b      0x8fb /usr/lib/gcc/arm-none-eabi/4.8/../../../arm-none-eabi/lib/armv7e-m/libg_nano.a(lib_a-nano-mallocr.o)
 .debug_info    0x0000fa76      0x8b5 /usr/lib/gcc/arm-none-eabi/4.8/../../../arm-none-eabi/lib/armv7e-m/libg_nano.a(lib_a-nano-reallocr.o)
 .debug_info    0x0001032b      0x7a0 /usr/lib/gcc/arm-none-eabi/4.8/../../../arm-none-eabi/lib/armv7e-m/libg_nano.a(lib_a-sbrkr.o)
 .debug_info    0x00010acb      0x7b9 /usr/lib/gcc/arm-none-eabi/4.8/../../../arm-none-eabi/lib/armv7e-m/libg_nano.a(lib_a-nano-msizer.o)

.debug_abbrev   0x00000000     0x35d5
 *(.debug_abbrev)
 .debug_abbrev  0x00000000      0x25d ./system/src/stm32f4-hal/stm32f4xx_hal.o
 .debug_abbrev  0x0000025d      0x2ea ./system/src/stm32f4-hal/stm32f4xx_hal_cortex.o
 .debug_abbrev  0x00000547      0x209 ./system/src/stm32f4-hal/stm32f4xx_hal_gpio.o
 .debug_abbrev  0x00000750      0x22d ./system/src/stm32f4-hal/stm32f4xx_hal_i2c.o
 .debug_abbrev  0x0000097d      0x306 ./system/src/stm32f4-hal/stm32f4xx_hal_rcc.o
 .debug_abbrev  0x00000c83       0xa4 ./system/src/newlib/_exit.o
 .debug_abbrev  0x00000d27       0xbb ./system/src/newlib/_sbrk.o
 .debug_abbrev  0x00000de2      0x211 ./system/src/newlib/_startup.o
 .debug_abbrev  0x00000ff3       0xee ./system/src/newlib/_syscalls.o
 .debug_abbrev  0x000010e1       0xc9 ./system/src/newlib/assert.o
 .debug_abbrev  0x000011aa      0x178 ./system/src/diag/Trace.o
 .debug_abbrev  0x00001322      0x1bd ./system/src/diag/trace_impl.o
 .debug_abbrev  0x000014df       0xea ./system/src/cortexm/_initialize_hardware.o
 .debug_abbrev  0x000015c9      0x23e ./system/src/cortexm/exception_handlers.o
 .debug_abbrev  0x00001807      0x104 ./system/src/cmsis/system_stm32f4xx.o
 .debug_abbrev  0x0000190b       0x9d ./system/src/cmsis/vectors_stm32f407xx.o
 .debug_abbrev  0x000019a8      0x257 ./src/lsmd6s3/lsm6ds3.o
 .debug_abbrev  0x00001bff      0x1c4 ./src/Timer.o
 .debug_abbrev  0x00001dc3      0x1af ./src/_initialize_hardware.o
 .debug_abbrev  0x00001f72      0x1f4 ./src/main.o
 .debug_abbrev  0x00002166       0x6a ./src/stm32f4xx_hal_msp.o
 .debug_abbrev  0x000021d0       0x14 /usr/lib/gcc/arm-none-eabi/4.8/armv7e-m/libgcc.a(_arm_addsubsf3.o)
 .debug_abbrev  0x000021e4       0x14 /usr/lib/gcc/arm-none-eabi/4.8/armv7e-m/libgcc.a(_arm_muldivsf3.o)
 .debug_abbrev  0x000021f8       0x14 /usr/lib/gcc/arm-none-eabi/4.8/armv7e-m/libgcc.a(_arm_fixsfsi.o)
 .debug_abbrev  0x0000220c      0x134 /usr/lib/gcc/arm-none-eabi/4.8/../../../arm-none-eabi/lib/armv7e-m/libg_nano.a(lib_a-errno.o)
 .debug_abbrev  0x00002340      0x136 /usr/lib/gcc/arm-none-eabi/4.8/../../../arm-none-eabi/lib/armv7e-m/libg_nano.a(lib_a-impure.o)
 .debug_abbrev  0x00002476       0x8c /usr/lib/gcc/arm-none-eabi/4.8/../../../arm-none-eabi/lib/armv7e-m/libg_nano.a(lib_a-strlen.o)
 .debug_abbrev  0x00002502      0x1ba /usr/lib/gcc/arm-none-eabi/4.8/../../../arm-none-eabi/lib/armv7e-m/libg_nano.a(lib_a-vsnprintf.o)
 .debug_abbrev  0x000026bc      0x278 /usr/lib/gcc/arm-none-eabi/4.8/../../../arm-none-eabi/lib/armv7e-m/libg_nano.a(lib_a-nano-svfprintf.o)
 .debug_abbrev  0x00002934      0x1e2 /usr/lib/gcc/arm-none-eabi/4.8/../../../arm-none-eabi/lib/armv7e-m/libg_nano.a(lib_a-nano-vfprintf_i.o)
 .debug_abbrev  0x00002b16       0xab /usr/lib/gcc/arm-none-eabi/4.8/../../../arm-none-eabi/lib/armv7e-m/libg_nano.a(lib_a-memchr-stub.o)
 .debug_abbrev  0x00002bc1       0xa4 /usr/lib/gcc/arm-none-eabi/4.8/../../../arm-none-eabi/lib/armv7e-m/libg_nano.a(lib_a-memcpy-stub.o)
 .debug_abbrev  0x00002c65       0x9c /usr/lib/gcc/arm-none-eabi/4.8/../../../arm-none-eabi/lib/armv7e-m/libg_nano.a(lib_a-memmove.o)
 .debug_abbrev  0x00002d01      0x1b6 /usr/lib/gcc/arm-none-eabi/4.8/../../../arm-none-eabi/lib/armv7e-m/libg_nano.a(lib_a-nano-freer.o)
 .debug_abbrev  0x00002eb7      0x250 /usr/lib/gcc/arm-none-eabi/4.8/../../../arm-none-eabi/lib/armv7e-m/libg_nano.a(lib_a-nano-mallocr.o)
 .debug_abbrev  0x00003107      0x1cb /usr/lib/gcc/arm-none-eabi/4.8/../../../arm-none-eabi/lib/armv7e-m/libg_nano.a(lib_a-nano-reallocr.o)
 .debug_abbrev  0x000032d2      0x1a2 /usr/lib/gcc/arm-none-eabi/4.8/../../../arm-none-eabi/lib/armv7e-m/libg_nano.a(lib_a-sbrkr.o)
 .debug_abbrev  0x00003474      0x161 /usr/lib/gcc/arm-none-eabi/4.8/../../../arm-none-eabi/lib/armv7e-m/libg_nano.a(lib_a-nano-msizer.o)

.debug_line     0x00000000     0xc141
 *(.debug_line)
 .debug_line    0x00000000      0xa3b ./system/src/stm32f4-hal/stm32f4xx_hal.o
 .debug_line    0x00000a3b      0xb5c ./system/src/stm32f4-hal/stm32f4xx_hal_cortex.o
 .debug_line    0x00001597      0xa9e ./system/src/stm32f4-hal/stm32f4xx_hal_gpio.o
 .debug_line    0x00002035     0x1bc3 ./system/src/stm32f4-hal/stm32f4xx_hal_i2c.o
 .debug_line    0x00003bf8      0xcbf ./system/src/stm32f4-hal/stm32f4xx_hal_rcc.o
 .debug_line    0x000048b7      0x1d6 ./system/src/newlib/_exit.o
 .debug_line    0x00004a8d      0x17d ./system/src/newlib/_sbrk.o
 .debug_line    0x00004c0a      0x24d ./system/src/newlib/_startup.o
 .debug_line    0x00004e57      0x23a ./system/src/newlib/_syscalls.o
 .debug_line    0x00005091      0x211 ./system/src/newlib/assert.o
 .debug_line    0x000052a2      0x22d ./system/src/diag/Trace.o
 .debug_line    0x000054cf      0x97a ./system/src/diag/trace_impl.o
 .debug_line    0x00005e49      0x8df ./system/src/cortexm/_initialize_hardware.o
 .debug_line    0x00006728      0xa09 ./system/src/cortexm/exception_handlers.o
 .debug_line    0x00007131      0x8df ./system/src/cmsis/system_stm32f4xx.o
 .debug_line    0x00007a10       0xcf ./system/src/cmsis/vectors_stm32f407xx.o
 .debug_line    0x00007adf      0xab6 ./src/lsmd6s3/lsm6ds3.o
 .debug_line    0x00008595      0x933 ./src/Timer.o
 .debug_line    0x00008ec8      0x8d8 ./src/_initialize_hardware.o
 .debug_line    0x000097a0      0x966 ./src/main.o
 .debug_line    0x0000a106      0x8d9 ./src/stm32f4xx_hal_msp.o
 .debug_line    0x0000a9df      0x11d /usr/lib/gcc/arm-none-eabi/4.8/armv7e-m/libgcc.a(_arm_addsubsf3.o)
 .debug_line    0x0000aafc      0x140 /usr/lib/gcc/arm-none-eabi/4.8/armv7e-m/libgcc.a(_arm_muldivsf3.o)
 .debug_line    0x0000ac3c       0x7d /usr/lib/gcc/arm-none-eabi/4.8/armv7e-m/libgcc.a(_arm_fixsfsi.o)
 .debug_line    0x0000acb9      0x10f /usr/lib/gcc/arm-none-eabi/4.8/../../../arm-none-eabi/lib/armv7e-m/libg_nano.a(lib_a-errno.o)
 .debug_line    0x0000adc8       0xf5 /usr/lib/gcc/arm-none-eabi/4.8/../../../arm-none-eabi/lib/armv7e-m/libg_nano.a(lib_a-impure.o)
 .debug_line    0x0000aebd       0xf9 /usr/lib/gcc/arm-none-eabi/4.8/../../../arm-none-eabi/lib/armv7e-m/libg_nano.a(lib_a-strlen.o)
 .debug_line    0x0000afb6      0x1ad /usr/lib/gcc/arm-none-eabi/4.8/../../../arm-none-eabi/lib/armv7e-m/libg_nano.a(lib_a-vsnprintf.o)
 .debug_line    0x0000b163      0x2d9 /usr/lib/gcc/arm-none-eabi/4.8/../../../arm-none-eabi/lib/armv7e-m/libg_nano.a(lib_a-nano-svfprintf.o)
 .debug_line    0x0000b43c      0x2e6 /usr/lib/gcc/arm-none-eabi/4.8/../../../arm-none-eabi/lib/armv7e-m/libg_nano.a(lib_a-nano-vfprintf_i.o)
 .debug_line    0x0000b722      0x10d /usr/lib/gcc/arm-none-eabi/4.8/../../../arm-none-eabi/lib/armv7e-m/libg_nano.a(lib_a-memchr-stub.o)
 .debug_line    0x0000b82f      0x10d /usr/lib/gcc/arm-none-eabi/4.8/../../../arm-none-eabi/lib/armv7e-m/libg_nano.a(lib_a-memcpy-stub.o)
 .debug_line    0x0000b93c      0x10d /usr/lib/gcc/arm-none-eabi/4.8/../../../arm-none-eabi/lib/armv7e-m/libg_nano.a(lib_a-memmove.o)
 .debug_line    0x0000ba49      0x14d /usr/lib/gcc/arm-none-eabi/4.8/../../../arm-none-eabi/lib/armv7e-m/libg_nano.a(lib_a-nano-freer.o)
 .debug_line    0x0000bb96      0x1a5 /usr/lib/gcc/arm-none-eabi/4.8/../../../arm-none-eabi/lib/armv7e-m/libg_nano.a(lib_a-nano-mallocr.o)
 .debug_line    0x0000bd3b      0x188 /usr/lib/gcc/arm-none-eabi/4.8/../../../arm-none-eabi/lib/armv7e-m/libg_nano.a(lib_a-nano-reallocr.o)
 .debug_line    0x0000bec3      0x16c /usr/lib/gcc/arm-none-eabi/4.8/../../../arm-none-eabi/lib/armv7e-m/libg_nano.a(lib_a-sbrkr.o)
 .debug_line    0x0000c02f      0x112 /usr/lib/gcc/arm-none-eabi/4.8/../../../arm-none-eabi/lib/armv7e-m/libg_nano.a(lib_a-nano-msizer.o)

.debug_frame    0x00000000     0x1660
 *(.debug_frame)
 .debug_frame   0x00000000      0x184 ./system/src/stm32f4-hal/stm32f4xx_hal.o
 .debug_frame   0x00000184      0x17c ./system/src/stm32f4-hal/stm32f4xx_hal_cortex.o
 .debug_frame   0x00000300       0xf0 ./system/src/stm32f4-hal/stm32f4xx_hal_gpio.o
 .debug_frame   0x000003f0      0x77c ./system/src/stm32f4-hal/stm32f4xx_hal_i2c.o
 .debug_frame   0x00000b6c      0x138 ./system/src/stm32f4-hal/stm32f4xx_hal_rcc.o
 .debug_frame   0x00000ca4       0x38 ./system/src/newlib/_exit.o
 .debug_frame   0x00000cdc       0x28 ./system/src/newlib/_sbrk.o
 .debug_frame   0x00000d04       0x7c ./system/src/newlib/_startup.o
 .debug_frame   0x00000d80       0x50 ./system/src/newlib/_syscalls.o
 .debug_frame   0x00000dd0       0x40 ./system/src/newlib/assert.o
 .debug_frame   0x00000e10       0x80 ./system/src/diag/Trace.o
 .debug_frame   0x00000e90       0x5c ./system/src/diag/trace_impl.o
 .debug_frame   0x00000eec       0x40 ./system/src/cortexm/_initialize_hardware.o
 .debug_frame   0x00000f2c      0x154 ./system/src/cortexm/exception_handlers.o
 .debug_frame   0x00001080       0x30 ./system/src/cmsis/system_stm32f4xx.o
 .debug_frame   0x000010b0       0x20 ./system/src/cmsis/vectors_stm32f407xx.o
 .debug_frame   0x000010d0      0x190 ./src/lsmd6s3/lsm6ds3.o
 .debug_frame   0x00001260       0x58 ./src/Timer.o
 .debug_frame   0x000012b8       0x44 ./src/_initialize_hardware.o
 .debug_frame   0x000012fc       0x50 ./src/main.o
 .debug_frame   0x0000134c       0x50 ./src/stm32f4xx_hal_msp.o
 .debug_frame   0x0000139c       0x20 /usr/lib/gcc/arm-none-eabi/4.8/../../../arm-none-eabi/lib/armv7e-m/libg_nano.a(lib_a-errno.o)
 .debug_frame   0x000013bc       0x20 /usr/lib/gcc/arm-none-eabi/4.8/../../../arm-none-eabi/lib/armv7e-m/libg_nano.a(lib_a-strlen.o)
 .debug_frame   0x000013dc       0x4c /usr/lib/gcc/arm-none-eabi/4.8/../../../arm-none-eabi/lib/armv7e-m/libg_nano.a(lib_a-vsnprintf.o)
 .debug_frame   0x00001428       0x88 /usr/lib/gcc/arm-none-eabi/4.8/../../../arm-none-eabi/lib/armv7e-m/libg_nano.a(lib_a-nano-svfprintf.o)
 .debug_frame   0x000014b0       0x60 /usr/lib/gcc/arm-none-eabi/4.8/../../../arm-none-eabi/lib/armv7e-m/libg_nano.a(lib_a-nano-vfprintf_i.o)
 .debug_frame   0x00001510       0x28 /usr/lib/gcc/arm-none-eabi/4.8/../../../arm-none-eabi/lib/armv7e-m/libg_nano.a(lib_a-memchr-stub.o)
 .debug_frame   0x00001538       0x28 /usr/lib/gcc/arm-none-eabi/4.8/../../../arm-none-eabi/lib/armv7e-m/libg_nano.a(lib_a-memcpy-stub.o)
 .debug_frame   0x00001560       0x2c /usr/lib/gcc/arm-none-eabi/4.8/../../../arm-none-eabi/lib/armv7e-m/libg_nano.a(lib_a-memmove.o)
 .debug_frame   0x0000158c       0x2c /usr/lib/gcc/arm-none-eabi/4.8/../../../arm-none-eabi/lib/armv7e-m/libg_nano.a(lib_a-nano-freer.o)
 .debug_frame   0x000015b8       0x2c /usr/lib/gcc/arm-none-eabi/4.8/../../../arm-none-eabi/lib/armv7e-m/libg_nano.a(lib_a-nano-mallocr.o)
 .debug_frame   0x000015e4       0x30 /usr/lib/gcc/arm-none-eabi/4.8/../../../arm-none-eabi/lib/armv7e-m/libg_nano.a(lib_a-nano-reallocr.o)
 .debug_frame   0x00001614       0x2c /usr/lib/gcc/arm-none-eabi/4.8/../../../arm-none-eabi/lib/armv7e-m/libg_nano.a(lib_a-sbrkr.o)
 .debug_frame   0x00001640       0x20 /usr/lib/gcc/arm-none-eabi/4.8/../../../arm-none-eabi/lib/armv7e-m/libg_nano.a(lib_a-nano-msizer.o)

.debug_str      0x00000000    0xa9336
 *(.debug_str)
 .debug_str     0x00000000    0xa2286 ./system/src/stm32f4-hal/stm32f4xx_hal.o
                              0xa261b (size before relaxing)
 .debug_str     0x000a2286      0x37b ./system/src/stm32f4-hal/stm32f4xx_hal_cortex.o
                              0xa2479 (size before relaxing)
 .debug_str     0x000a2601      0x2d7 ./system/src/stm32f4-hal/stm32f4xx_hal_gpio.o
                              0xa1e8a (size before relaxing)
 .debug_str     0x000a28d8      0xf44 ./system/src/stm32f4-hal/stm32f4xx_hal_i2c.o
                              0xa2a3d (size before relaxing)
 .debug_str     0x000a381c      0x37f ./system/src/stm32f4-hal/stm32f4xx_hal_rcc.o
                              0xa2028 (size before relaxing)
 .debug_str     0x000a3b9b      0xeeb ./system/src/newlib/_exit.o
                               0x5d38 (size before relaxing)
 .debug_str     0x000a4a86      0x4de ./system/src/newlib/_sbrk.o
                               0x4497 (size before relaxing)
 .debug_str     0x000a4f64      0x2c6 ./system/src/newlib/_startup.o
                               0x40d3 (size before relaxing)
 .debug_str     0x000a522a      0xb9b ./system/src/newlib/_syscalls.o
                               0x5ed8 (size before relaxing)
 .debug_str     0x000a5dc5       0xd0 ./system/src/newlib/assert.o
                               0x683d (size before relaxing)
 .debug_str     0x000a5e95      0x1d4 ./system/src/diag/Trace.o
                               0x65c8 (size before relaxing)
 .debug_str     0x000a6069      0x372 ./system/src/diag/trace_impl.o
                              0xa2b8d (size before relaxing)
 .debug_str     0x000a63db       0x5e ./system/src/cortexm/_initialize_hardware.o
                              0xa1b39 (size before relaxing)
 .debug_str     0x000a6439      0x19d ./system/src/cortexm/exception_handlers.o
                              0xa2d57 (size before relaxing)
 .debug_str     0x000a65d6       0x46 ./system/src/cmsis/system_stm32f4xx.o
                              0xa1c18 (size before relaxing)
 .debug_str     0x000a661c       0x59 ./system/src/cmsis/vectors_stm32f407xx.o
                               0x2f93 (size before relaxing)
 .debug_str     0x000a6675     0x1fc3 ./src/lsmd6s3/lsm6ds3.o
                              0xa4d58 (size before relaxing)
 .debug_str     0x000a8638       0x76 ./src/Timer.o
                              0xa2138 (size before relaxing)
 .debug_str     0x000a86ae       0x31 ./src/_initialize_hardware.o
                              0xa1d56 (size before relaxing)
 .debug_str     0x000a86df       0x50 ./src/main.o
                              0xa3524 (size before relaxing)
 .debug_str     0x000a872f       0x3d ./src/stm32f4xx_hal_msp.o
                              0xa1a78 (size before relaxing)
 .debug_str     0x000a876c      0x422 /usr/lib/gcc/arm-none-eabi/4.8/../../../arm-none-eabi/lib/armv7e-m/libg_nano.a(lib_a-errno.o)
                                0x51b (size before relaxing)
 .debug_str     0x000a8b8e       0xe8 /usr/lib/gcc/arm-none-eabi/4.8/../../../arm-none-eabi/lib/armv7e-m/libg_nano.a(lib_a-impure.o)
                                0x572 (size before relaxing)
 .debug_str     0x000a8c76       0xb4 /usr/lib/gcc/arm-none-eabi/4.8/../../../arm-none-eabi/lib/armv7e-m/libg_nano.a(lib_a-strlen.o)
                                0x1df (size before relaxing)
 .debug_str     0x000a8d2a       0xba /usr/lib/gcc/arm-none-eabi/4.8/../../../arm-none-eabi/lib/armv7e-m/libg_nano.a(lib_a-vsnprintf.o)
                                0x572 (size before relaxing)
 .debug_str     0x000a8de4      0x1d6 /usr/lib/gcc/arm-none-eabi/4.8/../../../arm-none-eabi/lib/armv7e-m/libg_nano.a(lib_a-nano-svfprintf.o)
                                0x69f (size before relaxing)
 .debug_str     0x000a8fba       0x94 /usr/lib/gcc/arm-none-eabi/4.8/../../../arm-none-eabi/lib/armv7e-m/libg_nano.a(lib_a-nano-vfprintf_i.o)
                                0x644 (size before relaxing)
 .debug_str     0x000a904e       0x4b /usr/lib/gcc/arm-none-eabi/4.8/../../../arm-none-eabi/lib/armv7e-m/libg_nano.a(lib_a-memchr-stub.o)
                                0x1ec (size before relaxing)
 .debug_str     0x000a9099       0x4f /usr/lib/gcc/arm-none-eabi/4.8/../../../arm-none-eabi/lib/armv7e-m/libg_nano.a(lib_a-memcpy-stub.o)
                                0x1f0 (size before relaxing)
 .debug_str     0x000a90e8       0xa9 /usr/lib/gcc/arm-none-eabi/4.8/../../../arm-none-eabi/lib/armv7e-m/libg_nano.a(lib_a-memmove.o)
                                0x1e5 (size before relaxing)
 .debug_str     0x000a9191      0x101 /usr/lib/gcc/arm-none-eabi/4.8/../../../arm-none-eabi/lib/armv7e-m/libg_nano.a(lib_a-nano-freer.o)
                                0x58b (size before relaxing)
 .debug_str     0x000a9292       0x46 /usr/lib/gcc/arm-none-eabi/4.8/../../../arm-none-eabi/lib/armv7e-m/libg_nano.a(lib_a-nano-mallocr.o)
                                0x5c0 (size before relaxing)
 .debug_str     0x000a92d8       0x23 /usr/lib/gcc/arm-none-eabi/4.8/../../../arm-none-eabi/lib/armv7e-m/libg_nano.a(lib_a-nano-reallocr.o)
                                0x593 (size before relaxing)
 .debug_str     0x000a92fb       0x2c /usr/lib/gcc/arm-none-eabi/4.8/../../../arm-none-eabi/lib/armv7e-m/libg_nano.a(lib_a-sbrkr.o)
                                0x52a (size before relaxing)
 .debug_str     0x000a9327        0xf /usr/lib/gcc/arm-none-eabi/4.8/../../../arm-none-eabi/lib/armv7e-m/libg_nano.a(lib_a-nano-msizer.o)
                                0x571 (size before relaxing)

.debug_loc      0x00000000     0x66bc
 *(.debug_loc)
 .debug_loc     0x00000000       0x90 ./system/src/stm32f4-hal/stm32f4xx_hal.o
 .debug_loc     0x00000090      0x667 ./system/src/stm32f4-hal/stm32f4xx_hal_cortex.o
 .debug_loc     0x000006f7      0x481 ./system/src/stm32f4-hal/stm32f4xx_hal_gpio.o
 .debug_loc     0x00000b78     0x2c4e ./system/src/stm32f4-hal/stm32f4xx_hal_i2c.o
 .debug_loc     0x000037c6      0x607 ./system/src/stm32f4-hal/stm32f4xx_hal_rcc.o
 .debug_loc     0x00003dcd       0x6b ./system/src/newlib/_sbrk.o
 .debug_loc     0x00003e38      0x36e ./system/src/newlib/_startup.o
 .debug_loc     0x000041a6       0x63 ./system/src/newlib/_syscalls.o
 .debug_loc     0x00004209      0x102 ./system/src/newlib/assert.o
 .debug_loc     0x0000430b       0xf7 ./system/src/diag/Trace.o
 .debug_loc     0x00004402      0x17c ./system/src/diag/trace_impl.o
 .debug_loc     0x0000457e      0x2a8 ./system/src/cortexm/exception_handlers.o
 .debug_loc     0x00004826      0x125 ./system/src/cmsis/system_stm32f4xx.o
 .debug_loc     0x0000494b      0x859 ./src/lsmd6s3/lsm6ds3.o
 .debug_loc     0x000051a4       0x59 ./src/Timer.o
 .debug_loc     0x000051fd       0x63 ./src/main.o
 .debug_loc     0x00005260       0x21 /usr/lib/gcc/arm-none-eabi/4.8/../../../arm-none-eabi/lib/armv7e-m/libg_nano.a(lib_a-strlen.o)
 .debug_loc     0x00005281      0x16e /usr/lib/gcc/arm-none-eabi/4.8/../../../arm-none-eabi/lib/armv7e-m/libg_nano.a(lib_a-vsnprintf.o)
 .debug_loc     0x000053ef      0x533 /usr/lib/gcc/arm-none-eabi/4.8/../../../arm-none-eabi/lib/armv7e-m/libg_nano.a(lib_a-nano-svfprintf.o)
 .debug_loc     0x00005922      0x538 /usr/lib/gcc/arm-none-eabi/4.8/../../../arm-none-eabi/lib/armv7e-m/libg_nano.a(lib_a-nano-vfprintf_i.o)
 .debug_loc     0x00005e5a       0xaa /usr/lib/gcc/arm-none-eabi/4.8/../../../arm-none-eabi/lib/armv7e-m/libg_nano.a(lib_a-memchr-stub.o)
 .debug_loc     0x00005f04       0xaf /usr/lib/gcc/arm-none-eabi/4.8/../../../arm-none-eabi/lib/armv7e-m/libg_nano.a(lib_a-memcpy-stub.o)
 .debug_loc     0x00005fb3      0x12f /usr/lib/gcc/arm-none-eabi/4.8/../../../arm-none-eabi/lib/armv7e-m/libg_nano.a(lib_a-memmove.o)
 .debug_loc     0x000060e2      0x172 /usr/lib/gcc/arm-none-eabi/4.8/../../../arm-none-eabi/lib/armv7e-m/libg_nano.a(lib_a-nano-freer.o)
 .debug_loc     0x00006254      0x26a /usr/lib/gcc/arm-none-eabi/4.8/../../../arm-none-eabi/lib/armv7e-m/libg_nano.a(lib_a-nano-mallocr.o)
 .debug_loc     0x000064be      0x11b /usr/lib/gcc/arm-none-eabi/4.8/../../../arm-none-eabi/lib/armv7e-m/libg_nano.a(lib_a-nano-reallocr.o)
 .debug_loc     0x000065d9       0x4d /usr/lib/gcc/arm-none-eabi/4.8/../../../arm-none-eabi/lib/armv7e-m/libg_nano.a(lib_a-sbrkr.o)
 .debug_loc     0x00006626       0x96 /usr/lib/gcc/arm-none-eabi/4.8/../../../arm-none-eabi/lib/armv7e-m/libg_nano.a(lib_a-nano-msizer.o)

.debug_macinfo
 *(.debug_macinfo)

.debug_weaknames
 *(.debug_weaknames)

.debug_funcnames
 *(.debug_funcnames)

.debug_typenames
 *(.debug_typenames)

.debug_varnames
 *(.debug_varnames)
OUTPUT(twer.elf elf32-littlearm)

.debug_ranges   0x00000000      0x860
 .debug_ranges  0x00000000       0xb0 ./system/src/stm32f4-hal/stm32f4xx_hal.o
 .debug_ranges  0x000000b0       0x88 ./system/src/stm32f4-hal/stm32f4xx_hal_cortex.o
 .debug_ranges  0x00000138       0x48 ./system/src/stm32f4-hal/stm32f4xx_hal_gpio.o
 .debug_ranges  0x00000180      0x250 ./system/src/stm32f4-hal/stm32f4xx_hal_i2c.o
 .debug_ranges  0x000003d0       0x78 ./system/src/stm32f4-hal/stm32f4xx_hal_rcc.o
 .debug_ranges  0x00000448       0x18 ./system/src/newlib/_exit.o
 .debug_ranges  0x00000460       0x10 ./system/src/newlib/_sbrk.o
 .debug_ranges  0x00000470       0x30 ./system/src/newlib/_startup.o
 .debug_ranges  0x000004a0       0x20 ./system/src/newlib/_syscalls.o
 .debug_ranges  0x000004c0       0x18 ./system/src/newlib/assert.o
 .debug_ranges  0x000004d8       0x28 ./system/src/diag/Trace.o
 .debug_ranges  0x00000500       0x38 ./system/src/diag/trace_impl.o
 .debug_ranges  0x00000538       0x18 ./system/src/cortexm/_initialize_hardware.o
 .debug_ranges  0x00000550       0x98 ./system/src/cortexm/exception_handlers.o
 .debug_ranges  0x000005e8       0x18 ./system/src/cmsis/system_stm32f4xx.o
 .debug_ranges  0x00000600       0x10 ./system/src/cmsis/vectors_stm32f407xx.o
 .debug_ranges  0x00000610       0x80 ./src/lsmd6s3/lsm6ds3.o
 .debug_ranges  0x00000690       0x28 ./src/Timer.o
 .debug_ranges  0x000006b8       0x18 ./src/_initialize_hardware.o
 .debug_ranges  0x000006d0       0x18 ./src/main.o
 .debug_ranges  0x000006e8       0x28 ./src/stm32f4xx_hal_msp.o
 .debug_ranges  0x00000710       0x10 /usr/lib/gcc/arm-none-eabi/4.8/../../../arm-none-eabi/lib/armv7e-m/libg_nano.a(lib_a-errno.o)
 .debug_ranges  0x00000720       0x10 /usr/lib/gcc/arm-none-eabi/4.8/../../../arm-none-eabi/lib/armv7e-m/libg_nano.a(lib_a-strlen.o)
 .debug_ranges  0x00000730       0x18 /usr/lib/gcc/arm-none-eabi/4.8/../../../arm-none-eabi/lib/armv7e-m/libg_nano.a(lib_a-vsnprintf.o)
 .debug_ranges  0x00000748       0x50 /usr/lib/gcc/arm-none-eabi/4.8/../../../arm-none-eabi/lib/armv7e-m/libg_nano.a(lib_a-nano-svfprintf.o)
 .debug_ranges  0x00000798       0x18 /usr/lib/gcc/arm-none-eabi/4.8/../../../arm-none-eabi/lib/armv7e-m/libg_nano.a(lib_a-nano-vfprintf_i.o)
 .debug_ranges  0x000007b0       0x10 /usr/lib/gcc/arm-none-eabi/4.8/../../../arm-none-eabi/lib/armv7e-m/libg_nano.a(lib_a-memchr-stub.o)
 .debug_ranges  0x000007c0       0x10 /usr/lib/gcc/arm-none-eabi/4.8/../../../arm-none-eabi/lib/armv7e-m/libg_nano.a(lib_a-memcpy-stub.o)
 .debug_ranges  0x000007d0       0x10 /usr/lib/gcc/arm-none-eabi/4.8/../../../arm-none-eabi/lib/armv7e-m/libg_nano.a(lib_a-memmove.o)
 .debug_ranges  0x000007e0       0x28 /usr/lib/gcc/arm-none-eabi/4.8/../../../arm-none-eabi/lib/armv7e-m/libg_nano.a(lib_a-nano-freer.o)
 .debug_ranges  0x00000808       0x28 /usr/lib/gcc/arm-none-eabi/4.8/../../../arm-none-eabi/lib/armv7e-m/libg_nano.a(lib_a-nano-mallocr.o)
 .debug_ranges  0x00000830       0x10 /usr/lib/gcc/arm-none-eabi/4.8/../../../arm-none-eabi/lib/armv7e-m/libg_nano.a(lib_a-nano-reallocr.o)
 .debug_ranges  0x00000840       0x10 /usr/lib/gcc/arm-none-eabi/4.8/../../../arm-none-eabi/lib/armv7e-m/libg_nano.a(lib_a-sbrkr.o)
 .debug_ranges  0x00000850       0x10 /usr/lib/gcc/arm-none-eabi/4.8/../../../arm-none-eabi/lib/armv7e-m/libg_nano.a(lib_a-nano-msizer.o)

.debug_macro    0x00000000    0x1bc3f
 .debug_macro   0x00000000      0x4b6 ./system/src/stm32f4-hal/stm32f4xx_hal.o
 .debug_macro   0x000004b6      0x87a ./system/src/stm32f4-hal/stm32f4xx_hal.o
 .debug_macro   0x00000d30      0x283 ./system/src/stm32f4-hal/stm32f4xx_hal.o
 .debug_macro   0x00000fb3       0x2e ./system/src/stm32f4-hal/stm32f4xx_hal.o
 .debug_macro   0x00000fe1       0x28 ./system/src/stm32f4-hal/stm32f4xx_hal.o
 .debug_macro   0x00001009      0x34e ./system/src/stm32f4-hal/stm32f4xx_hal.o
 .debug_macro   0x00001357       0x35 ./system/src/stm32f4-hal/stm32f4xx_hal.o
 .debug_macro   0x0000138c       0x50 ./system/src/stm32f4-hal/stm32f4xx_hal.o
 .debug_macro   0x000013dc      0xe66 ./system/src/stm32f4-hal/stm32f4xx_hal.o
 .debug_macro   0x00002242     0x929b ./system/src/stm32f4-hal/stm32f4xx_hal.o
 .debug_macro   0x0000b4dd       0x43 ./system/src/stm32f4-hal/stm32f4xx_hal.o
 .debug_macro   0x0000b520     0x33a6 ./system/src/stm32f4-hal/stm32f4xx_hal.o
 .debug_macro   0x0000e8c6       0x58 ./system/src/stm32f4-hal/stm32f4xx_hal.o
 .debug_macro   0x0000e91e       0x16 ./system/src/stm32f4-hal/stm32f4xx_hal.o
 .debug_macro   0x0000e934       0x35 ./system/src/stm32f4-hal/stm32f4xx_hal.o
 .debug_macro   0x0000e969       0xa3 ./system/src/stm32f4-hal/stm32f4xx_hal.o
 .debug_macro   0x0000ea0c       0x16 ./system/src/stm32f4-hal/stm32f4xx_hal.o
 .debug_macro   0x0000ea22       0x4a ./system/src/stm32f4-hal/stm32f4xx_hal.o
 .debug_macro   0x0000ea6c       0x97 ./system/src/stm32f4-hal/stm32f4xx_hal.o
 .debug_macro   0x0000eb03      0x280 ./system/src/stm32f4-hal/stm32f4xx_hal.o
 .debug_macro   0x0000ed83       0xf6 ./system/src/stm32f4-hal/stm32f4xx_hal.o
 .debug_macro   0x0000ee79       0x10 ./system/src/stm32f4-hal/stm32f4xx_hal.o
 .debug_macro   0x0000ee89       0x52 ./system/src/stm32f4-hal/stm32f4xx_hal.o
 .debug_macro   0x0000eedb       0x16 ./system/src/stm32f4-hal/stm32f4xx_hal.o
 .debug_macro   0x0000eef1       0x43 ./system/src/stm32f4-hal/stm32f4xx_hal.o
 .debug_macro   0x0000ef34      0x180 ./system/src/stm32f4-hal/stm32f4xx_hal.o
 .debug_macro   0x0000f0b4       0x10 ./system/src/stm32f4-hal/stm32f4xx_hal.o
 .debug_macro   0x0000f0c4       0x22 ./system/src/stm32f4-hal/stm32f4xx_hal.o
 .debug_macro   0x0000f0e6       0xbd ./system/src/stm32f4-hal/stm32f4xx_hal.o
 .debug_macro   0x0000f1a3       0x16 ./system/src/stm32f4-hal/stm32f4xx_hal.o
 .debug_macro   0x0000f1b9      0x16d ./system/src/stm32f4-hal/stm32f4xx_hal.o
 .debug_macro   0x0000f326       0x57 ./system/src/stm32f4-hal/stm32f4xx_hal.o
 .debug_macro   0x0000f37d      0x964 ./system/src/stm32f4-hal/stm32f4xx_hal.o
 .debug_macro   0x0000fce1      0x9da ./system/src/stm32f4-hal/stm32f4xx_hal.o
 .debug_macro   0x000106bb      0x11e ./system/src/stm32f4-hal/stm32f4xx_hal.o
 .debug_macro   0x000107d9      0x13e ./system/src/stm32f4-hal/stm32f4xx_hal.o
 .debug_macro   0x00010917       0x27 ./system/src/stm32f4-hal/stm32f4xx_hal.o
 .debug_macro   0x0001093e      0x272 ./system/src/stm32f4-hal/stm32f4xx_hal.o
 .debug_macro   0x00010bb0       0x5f ./system/src/stm32f4-hal/stm32f4xx_hal.o
 .debug_macro   0x00010c0f      0x23a ./system/src/stm32f4-hal/stm32f4xx_hal.o
 .debug_macro   0x00010e49      0x391 ./system/src/stm32f4-hal/stm32f4xx_hal.o
 .debug_macro   0x000111da      0x16f ./system/src/stm32f4-hal/stm32f4xx_hal.o
 .debug_macro   0x00011349       0xf9 ./system/src/stm32f4-hal/stm32f4xx_hal.o
 .debug_macro   0x00011442      0x36e ./system/src/stm32f4-hal/stm32f4xx_hal.o
 .debug_macro   0x000117b0       0x23 ./system/src/stm32f4-hal/stm32f4xx_hal.o
 .debug_macro   0x000117d3       0xe6 ./system/src/stm32f4-hal/stm32f4xx_hal.o
 .debug_macro   0x000118b9       0xa1 ./system/src/stm32f4-hal/stm32f4xx_hal.o
 .debug_macro   0x0001195a       0x3c ./system/src/stm32f4-hal/stm32f4xx_hal.o
 .debug_macro   0x00011996      0x1af ./system/src/stm32f4-hal/stm32f4xx_hal.o
 .debug_macro   0x00011b45      0xcd6 ./system/src/stm32f4-hal/stm32f4xx_hal.o
 .debug_macro   0x0001281b      0x13a ./system/src/stm32f4-hal/stm32f4xx_hal.o
 .debug_macro   0x00012955      0x21e ./system/src/stm32f4-hal/stm32f4xx_hal.o
 .debug_macro   0x00012b73       0x2e ./system/src/stm32f4-hal/stm32f4xx_hal.o
 .debug_macro   0x00012ba1      0x512 ./system/src/stm32f4-hal/stm32f4xx_hal.o
 .debug_macro   0x000130b3       0x88 ./system/src/stm32f4-hal/stm32f4xx_hal.o
 .debug_macro   0x0001313b       0xd5 ./system/src/stm32f4-hal/stm32f4xx_hal.o
 .debug_macro   0x00013210      0x183 ./system/src/stm32f4-hal/stm32f4xx_hal.o
 .debug_macro   0x00013393      0x1a7 ./system/src/stm32f4-hal/stm32f4xx_hal.o
 .debug_macro   0x0001353a       0xa5 ./system/src/stm32f4-hal/stm32f4xx_hal.o
 .debug_macro   0x000135df      0x18b ./system/src/stm32f4-hal/stm32f4xx_hal.o
 .debug_macro   0x0001376a       0x24 ./system/src/stm32f4-hal/stm32f4xx_hal.o
 .debug_macro   0x0001378e       0x35 ./system/src/stm32f4-hal/stm32f4xx_hal.o
 .debug_macro   0x000137c3       0x97 ./system/src/stm32f4-hal/stm32f4xx_hal.o
 .debug_macro   0x0001385a      0x11e ./system/src/stm32f4-hal/stm32f4xx_hal.o
 .debug_macro   0x00013978       0x7f ./system/src/stm32f4-hal/stm32f4xx_hal.o
 .debug_macro   0x000139f7       0x89 ./system/src/stm32f4-hal/stm32f4xx_hal.o
 .debug_macro   0x00013a80       0x7e ./system/src/stm32f4-hal/stm32f4xx_hal.o
 .debug_macro   0x00013afe      0x31a ./system/src/stm32f4-hal/stm32f4xx_hal.o
 .debug_macro   0x00013e18      0x409 ./system/src/stm32f4-hal/stm32f4xx_hal.o
 .debug_macro   0x00014221       0xe4 ./system/src/stm32f4-hal/stm32f4xx_hal.o
 .debug_macro   0x00014305      0x48d ./system/src/stm32f4-hal/stm32f4xx_hal.o
 .debug_macro   0x00014792      0x22b ./system/src/stm32f4-hal/stm32f4xx_hal.o
 .debug_macro   0x000149bd      0x202 ./system/src/stm32f4-hal/stm32f4xx_hal.o
 .debug_macro   0x00014bbf      0x6d9 ./system/src/stm32f4-hal/stm32f4xx_hal.o
 .debug_macro   0x00015298       0x5b ./system/src/stm32f4-hal/stm32f4xx_hal.o
 .debug_macro   0x000152f3      0x14d ./system/src/stm32f4-hal/stm32f4xx_hal.o
 .debug_macro   0x00015440      0x287 ./system/src/stm32f4-hal/stm32f4xx_hal.o
 .debug_macro   0x000156c7      0x225 ./system/src/stm32f4-hal/stm32f4xx_hal.o
 .debug_macro   0x000158ec      0x1b5 ./system/src/stm32f4-hal/stm32f4xx_hal.o
 .debug_macro   0x00015aa1      0x2db ./system/src/stm32f4-hal/stm32f4xx_hal.o
 .debug_macro   0x00015d7c       0x94 ./system/src/stm32f4-hal/stm32f4xx_hal.o
 .debug_macro   0x00015e10      0x1df ./system/src/stm32f4-hal/stm32f4xx_hal.o
 .debug_macro   0x00015fef      0x115 ./system/src/stm32f4-hal/stm32f4xx_hal.o
 .debug_macro   0x00016104       0x6e ./system/src/stm32f4-hal/stm32f4xx_hal.o
 .debug_macro   0x00016172      0x125 ./system/src/stm32f4-hal/stm32f4xx_hal.o
 .debug_macro   0x00016297      0x468 ./system/src/stm32f4-hal/stm32f4xx_hal_cortex.o
 .debug_macro   0x000166ff      0x4a0 ./system/src/stm32f4-hal/stm32f4xx_hal_gpio.o
 .debug_macro   0x00016b9f      0x4af ./system/src/stm32f4-hal/stm32f4xx_hal_i2c.o
 .debug_macro   0x0001704e      0x492 ./system/src/stm32f4-hal/stm32f4xx_hal_rcc.o
 .debug_macro   0x000174e0      0x128 ./system/src/newlib/_exit.o
 .debug_macro   0x00017608      0x10e ./system/src/newlib/_exit.o
 .debug_macro   0x00017716       0x86 ./system/src/newlib/_exit.o
 .debug_macro   0x0001779c       0x35 ./system/src/newlib/_exit.o
 .debug_macro   0x000177d1       0xd1 ./system/src/newlib/_sbrk.o
 .debug_macro   0x000178a2       0x19 ./system/src/newlib/_sbrk.o
 .debug_macro   0x000178bb      0x16d ./system/src/newlib/_sbrk.o
 .debug_macro   0x00017a28       0x10 ./system/src/newlib/_sbrk.o
 .debug_macro   0x00017a38      0x23b ./system/src/newlib/_sbrk.o
 .debug_macro   0x00017c73       0xdb ./system/src/newlib/_startup.o
 .debug_macro   0x00017d4e      0x880 ./system/src/newlib/_startup.o
 .debug_macro   0x000185ce      0x158 ./system/src/newlib/_syscalls.o
 .debug_macro   0x00018726       0x1c ./system/src/newlib/_syscalls.o
 .debug_macro   0x00018742       0x10 ./system/src/newlib/_syscalls.o
 .debug_macro   0x00018752       0x10 ./system/src/newlib/_syscalls.o
 .debug_macro   0x00018762       0x10 ./system/src/newlib/_syscalls.o
 .debug_macro   0x00018772       0x35 ./system/src/newlib/_syscalls.o
 .debug_macro   0x000187a7      0x121 ./system/src/newlib/_syscalls.o
 .debug_macro   0x000188c8       0x22 ./system/src/newlib/_syscalls.o
 .debug_macro   0x000188ea      0x10c ./system/src/newlib/_syscalls.o
 .debug_macro   0x000189f6      0x13a ./system/src/newlib/_syscalls.o
 .debug_macro   0x00018b30       0x16 ./system/src/newlib/_syscalls.o
 .debug_macro   0x00018b46      0x144 ./system/src/newlib/assert.o
 .debug_macro   0x00018c8a       0x1c ./system/src/newlib/assert.o
 .debug_macro   0x00018ca6      0x154 ./system/src/diag/Trace.o
 .debug_macro   0x00018dfa       0x52 ./system/src/diag/Trace.o
 .debug_macro   0x00018e4c       0x16 ./system/src/diag/Trace.o
 .debug_macro   0x00018e62       0x1f ./system/src/diag/Trace.o
 .debug_macro   0x00018e81      0x4ae ./system/src/diag/trace_impl.o
 .debug_macro   0x0001932f       0x22 ./system/src/diag/trace_impl.o
 .debug_macro   0x00019351      0x472 ./system/src/cortexm/_initialize_hardware.o
 .debug_macro   0x000197c3      0x4cc ./system/src/cortexm/exception_handlers.o
 .debug_macro   0x00019c8f       0x3b ./system/src/cortexm/exception_handlers.o
 .debug_macro   0x00019cca      0x46e ./system/src/cmsis/system_stm32f4xx.o
 .debug_macro   0x0001a138       0x34 ./system/src/cmsis/vectors_stm32f407xx.o
 .debug_macro   0x0001a16c      0x4bd ./src/lsmd6s3/lsm6ds3.o
 .debug_macro   0x0001a629      0x3ad ./src/lsmd6s3/lsm6ds3.o
 .debug_macro   0x0001a9d6       0x22 ./src/lsmd6s3/lsm6ds3.o
 .debug_macro   0x0001a9f8      0x48b ./src/Timer.o
 .debug_macro   0x0001ae83       0x10 ./src/Timer.o
 .debug_macro   0x0001ae93      0x468 ./src/_initialize_hardware.o
 .debug_macro   0x0001b2fb      0x4dc ./src/main.o
 .debug_macro   0x0001b7d7      0x468 ./src/stm32f4xx_hal_msp.o
